<?xml version="1.0" encoding="ISO-8859-1" ?>
<link_info>
   <banner>TMS320C6x Linker PC v8.3.5</banner>
   <copyright>Copyright (c) 1996-2018 Texas Instruments Incorporated</copyright>
   <link_time>0x686740b4</link_time>
   <link_errors>0x0</link_errors>
   <output_file>MagicAddrForSecondCore.out</output_file>
   <entry_point>
      <name>_c_int00</name>
      <address>0x8070a0</address>
   </entry_point>
   <input_file_list>
      <input_file id="fl-2">
         <path>.\</path>
         <kind>object</kind>
         <file>main.obj</file>
         <name>main.obj</name>
      </input_file>
      <input_file id="fl-e">
         <kind>object</kind>
         <file>&lt;internal&gt;</file>
         <name>&lt;internal&gt;</name>
      </input_file>
      <input_file id="fl-28">
         <path>C:\ti\ccs930\ccs\tools\compiler\ti-cgt-c6000_8.3.5\lib\</path>
         <kind>archive</kind>
         <file>rts6600_elf.lib</file>
         <name>printf.c.obj</name>
      </input_file>
      <input_file id="fl-29">
         <path>C:\ti\ccs930\ccs\tools\compiler\ti-cgt-c6000_8.3.5\lib\</path>
         <kind>archive</kind>
         <file>rts6600_elf.lib</file>
         <name>_printfi.c.obj</name>
      </input_file>
      <input_file id="fl-2a">
         <path>C:\ti\ccs930\ccs\tools\compiler\ti-cgt-c6000_8.3.5\lib\</path>
         <kind>archive</kind>
         <file>rts6600_elf.lib</file>
         <name>snprintf.c.obj</name>
      </input_file>
      <input_file id="fl-2b">
         <path>C:\ti\ccs930\ccs\tools\compiler\ti-cgt-c6000_8.3.5\lib\</path>
         <kind>archive</kind>
         <file>rts6600_elf.lib</file>
         <name>sprintf.c.obj</name>
      </input_file>
      <input_file id="fl-2c">
         <path>C:\ti\ccs930\ccs\tools\compiler\ti-cgt-c6000_8.3.5\lib\</path>
         <kind>archive</kind>
         <file>rts6600_elf.lib</file>
         <name>fputc.c.obj</name>
      </input_file>
      <input_file id="fl-2d">
         <path>C:\ti\ccs930\ccs\tools\compiler\ti-cgt-c6000_8.3.5\lib\</path>
         <kind>archive</kind>
         <file>rts6600_elf.lib</file>
         <name>fputs.c.obj</name>
      </input_file>
      <input_file id="fl-2e">
         <path>C:\ti\ccs930\ccs\tools\compiler\ti-cgt-c6000_8.3.5\lib\</path>
         <kind>archive</kind>
         <file>rts6600_elf.lib</file>
         <name>_io_perm.c.obj</name>
      </input_file>
      <input_file id="fl-2f">
         <path>C:\ti\ccs930\ccs\tools\compiler\ti-cgt-c6000_8.3.5\lib\</path>
         <kind>archive</kind>
         <file>rts6600_elf.lib</file>
         <name>setvbuf.c.obj</name>
      </input_file>
      <input_file id="fl-30">
         <path>C:\ti\ccs930\ccs\tools\compiler\ti-cgt-c6000_8.3.5\lib\</path>
         <kind>archive</kind>
         <file>rts6600_elf.lib</file>
         <name>wcslen.c.obj</name>
      </input_file>
      <input_file id="fl-31">
         <path>C:\ti\ccs930\ccs\tools\compiler\ti-cgt-c6000_8.3.5\lib\</path>
         <kind>archive</kind>
         <file>rts6600_elf.lib</file>
         <name>push.asm.obj</name>
      </input_file>
      <input_file id="fl-32">
         <path>C:\ti\ccs930\ccs\tools\compiler\ti-cgt-c6000_8.3.5\lib\</path>
         <kind>archive</kind>
         <file>rts6600_elf.lib</file>
         <name>divu.asm.obj</name>
      </input_file>
      <input_file id="fl-33">
         <path>C:\ti\ccs930\ccs\tools\compiler\ti-cgt-c6000_8.3.5\lib\</path>
         <kind>archive</kind>
         <file>rts6600_elf.lib</file>
         <name>memcpy64.asm.obj</name>
      </input_file>
      <input_file id="fl-34">
         <path>C:\ti\ccs930\ccs\tools\compiler\ti-cgt-c6000_8.3.5\lib\</path>
         <kind>archive</kind>
         <file>rts6600_elf.lib</file>
         <name>boot.c.obj</name>
      </input_file>
      <input_file id="fl-35">
         <path>C:\ti\ccs930\ccs\tools\compiler\ti-cgt-c6000_8.3.5\lib\</path>
         <kind>archive</kind>
         <file>rts6600_elf.lib</file>
         <name>imath40.c.obj</name>
      </input_file>
      <input_file id="fl-36">
         <path>C:\ti\ccs930\ccs\tools\compiler\ti-cgt-c6000_8.3.5\lib\</path>
         <kind>archive</kind>
         <file>rts6600_elf.lib</file>
         <name>imath64.c.obj</name>
      </input_file>
      <input_file id="fl-37">
         <path>C:\ti\ccs930\ccs\tools\compiler\ti-cgt-c6000_8.3.5\lib\</path>
         <kind>archive</kind>
         <file>rts6600_elf.lib</file>
         <name>llshift.c.obj</name>
      </input_file>
      <input_file id="fl-38">
         <path>C:\ti\ccs930\ccs\tools\compiler\ti-cgt-c6000_8.3.5\lib\</path>
         <kind>archive</kind>
         <file>rts6600_elf.lib</file>
         <name>memset.c.obj</name>
      </input_file>
      <input_file id="fl-39">
         <path>C:\ti\ccs930\ccs\tools\compiler\ti-cgt-c6000_8.3.5\lib\</path>
         <kind>archive</kind>
         <file>rts6600_elf.lib</file>
         <name>autoinit.c.obj</name>
      </input_file>
      <input_file id="fl-3a">
         <path>C:\ti\ccs930\ccs\tools\compiler\ti-cgt-c6000_8.3.5\lib\</path>
         <kind>archive</kind>
         <file>rts6600_elf.lib</file>
         <name>pre_init.c.obj</name>
      </input_file>
      <input_file id="fl-3b">
         <path>C:\ti\ccs930\ccs\tools\compiler\ti-cgt-c6000_8.3.5\lib\</path>
         <kind>archive</kind>
         <file>rts6600_elf.lib</file>
         <name>startup.c.obj</name>
      </input_file>
      <input_file id="fl-3c">
         <path>C:\ti\ccs930\ccs\tools\compiler\ti-cgt-c6000_8.3.5\lib\</path>
         <kind>archive</kind>
         <file>rts6600_elf.lib</file>
         <name>cpy_tbl.c.obj</name>
      </input_file>
      <input_file id="fl-3d">
         <path>C:\ti\ccs930\ccs\tools\compiler\ti-cgt-c6000_8.3.5\lib\</path>
         <kind>archive</kind>
         <file>rts6600_elf.lib</file>
         <name>copy_zero_init.c.obj</name>
      </input_file>
      <input_file id="fl-3e">
         <path>C:\ti\ccs930\ccs\tools\compiler\ti-cgt-c6000_8.3.5\lib\</path>
         <kind>archive</kind>
         <file>rts6600_elf.lib</file>
         <name>copy_decompress_none.c.obj</name>
      </input_file>
      <input_file id="fl-3f">
         <path>C:\ti\ccs930\ccs\tools\compiler\ti-cgt-c6000_8.3.5\lib\</path>
         <kind>archive</kind>
         <file>rts6600_elf.lib</file>
         <name>copy_decompress_rle.c.obj</name>
      </input_file>
      <input_file id="fl-40">
         <path>C:\ti\ccs930\ccs\tools\compiler\ti-cgt-c6000_8.3.5\lib\</path>
         <kind>archive</kind>
         <file>rts6600_elf.lib</file>
         <name>frexp.c.obj</name>
      </input_file>
      <input_file id="fl-41">
         <path>C:\ti\ccs930\ccs\tools\compiler\ti-cgt-c6000_8.3.5\lib\</path>
         <kind>archive</kind>
         <file>rts6600_elf.lib</file>
         <name>isinf.c.obj</name>
      </input_file>
      <input_file id="fl-42">
         <path>C:\ti\ccs930\ccs\tools\compiler\ti-cgt-c6000_8.3.5\lib\</path>
         <kind>archive</kind>
         <file>rts6600_elf.lib</file>
         <name>ldexp.c.obj</name>
      </input_file>
      <input_file id="fl-43">
         <path>C:\ti\ccs930\ccs\tools\compiler\ti-cgt-c6000_8.3.5\lib\</path>
         <kind>archive</kind>
         <file>rts6600_elf.lib</file>
         <name>signbit.c.obj</name>
      </input_file>
      <input_file id="fl-44">
         <path>C:\ti\ccs930\ccs\tools\compiler\ti-cgt-c6000_8.3.5\lib\</path>
         <kind>archive</kind>
         <file>rts6600_elf.lib</file>
         <name>divd.c.obj</name>
      </input_file>
      <input_file id="fl-45">
         <path>C:\ti\ccs930\ccs\tools\compiler\ti-cgt-c6000_8.3.5\lib\</path>
         <kind>archive</kind>
         <file>rts6600_elf.lib</file>
         <name>frcmpyd_div.c.obj</name>
      </input_file>
      <input_file id="fl-46">
         <path>C:\ti\ccs930\ccs\tools\compiler\ti-cgt-c6000_8.3.5\lib\</path>
         <kind>archive</kind>
         <file>rts6600_elf.lib</file>
         <name>exit.c.obj</name>
      </input_file>
      <input_file id="fl-47">
         <path>C:\ti\ccs930\ccs\tools\compiler\ti-cgt-c6000_8.3.5\lib\</path>
         <kind>archive</kind>
         <file>rts6600_elf.lib</file>
         <name>memory.c.obj</name>
      </input_file>
      <input_file id="fl-48">
         <path>C:\ti\ccs930\ccs\tools\compiler\ti-cgt-c6000_8.3.5\lib\</path>
         <kind>archive</kind>
         <file>rts6600_elf.lib</file>
         <name>_lock.c.obj</name>
      </input_file>
      <input_file id="fl-49">
         <path>C:\ti\ccs930\ccs\tools\compiler\ti-cgt-c6000_8.3.5\lib\</path>
         <kind>archive</kind>
         <file>rts6600_elf.lib</file>
         <name>_ltoa.c.obj</name>
      </input_file>
      <input_file id="fl-4a">
         <path>C:\ti\ccs930\ccs\tools\compiler\ti-cgt-c6000_8.3.5\lib\</path>
         <kind>archive</kind>
         <file>rts6600_elf.lib</file>
         <name>args_main.c.obj</name>
      </input_file>
      <input_file id="fl-4b">
         <path>C:\ti\ccs930\ccs\tools\compiler\ti-cgt-c6000_8.3.5\lib\</path>
         <kind>archive</kind>
         <file>rts6600_elf.lib</file>
         <name>atoi.c.obj</name>
      </input_file>
      <input_file id="fl-4c">
         <path>C:\ti\ccs930\ccs\tools\compiler\ti-cgt-c6000_8.3.5\lib\</path>
         <kind>archive</kind>
         <file>rts6600_elf.lib</file>
         <name>ctype.c.obj</name>
      </input_file>
      <input_file id="fl-4d">
         <path>C:\ti\ccs930\ccs\tools\compiler\ti-cgt-c6000_8.3.5\lib\</path>
         <kind>archive</kind>
         <file>rts6600_elf.lib</file>
         <name>defs.c.obj</name>
      </input_file>
      <input_file id="fl-4e">
         <path>C:\ti\ccs930\ccs\tools\compiler\ti-cgt-c6000_8.3.5\lib\</path>
         <kind>archive</kind>
         <file>rts6600_elf.lib</file>
         <name>memccpy.c.obj</name>
      </input_file>
      <input_file id="fl-4f">
         <path>C:\ti\ccs930\ccs\tools\compiler\ti-cgt-c6000_8.3.5\lib\</path>
         <kind>archive</kind>
         <file>rts6600_elf.lib</file>
         <name>strlen.c.obj</name>
      </input_file>
      <input_file id="fl-50">
         <path>C:\ti\ccs930\ccs\tools\compiler\ti-cgt-c6000_8.3.5\lib\</path>
         <kind>archive</kind>
         <file>rts6600_elf.lib</file>
         <name>write.c.obj</name>
      </input_file>
      <input_file id="fl-51">
         <path>C:\ti\ccs930\ccs\tools\compiler\ti-cgt-c6000_8.3.5\lib\</path>
         <kind>archive</kind>
         <file>rts6600_elf.lib</file>
         <name>tls.c.obj</name>
      </input_file>
      <input_file id="fl-52">
         <path>C:\ti\ccs930\ccs\tools\compiler\ti-cgt-c6000_8.3.5\lib\</path>
         <kind>archive</kind>
         <file>rts6600_elf.lib</file>
         <name>errno.c.obj</name>
      </input_file>
      <input_file id="fl-53">
         <path>C:\ti\ccs930\ccs\tools\compiler\ti-cgt-c6000_8.3.5\lib\</path>
         <kind>archive</kind>
         <file>rts6600_elf.lib</file>
         <name>llabs.c.obj</name>
      </input_file>
      <input_file id="fl-54">
         <path>C:\ti\ccs930\ccs\tools\compiler\ti-cgt-c6000_8.3.5\lib\</path>
         <kind>archive</kind>
         <file>rts6600_elf.lib</file>
         <name>fflush.c.obj</name>
      </input_file>
      <input_file id="fl-55">
         <path>C:\ti\ccs930\ccs\tools\compiler\ti-cgt-c6000_8.3.5\lib\</path>
         <kind>archive</kind>
         <file>rts6600_elf.lib</file>
         <name>fopen.c.obj</name>
      </input_file>
      <input_file id="fl-56">
         <path>C:\ti\ccs930\ccs\tools\compiler\ti-cgt-c6000_8.3.5\lib\</path>
         <kind>archive</kind>
         <file>rts6600_elf.lib</file>
         <name>fseek.c.obj</name>
      </input_file>
      <input_file id="fl-57">
         <path>C:\ti\ccs930\ccs\tools\compiler\ti-cgt-c6000_8.3.5\lib\</path>
         <kind>archive</kind>
         <file>rts6600_elf.lib</file>
         <name>tls_get_tp.asm.obj</name>
      </input_file>
      <input_file id="fl-58">
         <path>C:\ti\ccs930\ccs\tools\compiler\ti-cgt-c6000_8.3.5\lib\</path>
         <kind>archive</kind>
         <file>rts6600_elf.lib</file>
         <name>lseek.c.obj</name>
      </input_file>
      <input_file id="fl-59">
         <path>C:\ti\ccs930\ccs\tools\compiler\ti-cgt-c6000_8.3.5\lib\</path>
         <kind>archive</kind>
         <file>rts6600_elf.lib</file>
         <name>open.c.obj</name>
      </input_file>
      <input_file id="fl-5a">
         <path>C:\ti\ccs930\ccs\tools\compiler\ti-cgt-c6000_8.3.5\lib\</path>
         <kind>archive</kind>
         <file>rts6600_elf.lib</file>
         <name>hostclose.c.obj</name>
      </input_file>
      <input_file id="fl-5b">
         <path>C:\ti\ccs930\ccs\tools\compiler\ti-cgt-c6000_8.3.5\lib\</path>
         <kind>archive</kind>
         <file>rts6600_elf.lib</file>
         <name>hostlseek.c.obj</name>
      </input_file>
      <input_file id="fl-5c">
         <path>C:\ti\ccs930\ccs\tools\compiler\ti-cgt-c6000_8.3.5\lib\</path>
         <kind>archive</kind>
         <file>rts6600_elf.lib</file>
         <name>hostopen.c.obj</name>
      </input_file>
      <input_file id="fl-5d">
         <path>C:\ti\ccs930\ccs\tools\compiler\ti-cgt-c6000_8.3.5\lib\</path>
         <kind>archive</kind>
         <file>rts6600_elf.lib</file>
         <name>hostread.c.obj</name>
      </input_file>
      <input_file id="fl-5e">
         <path>C:\ti\ccs930\ccs\tools\compiler\ti-cgt-c6000_8.3.5\lib\</path>
         <kind>archive</kind>
         <file>rts6600_elf.lib</file>
         <name>hostrename.c.obj</name>
      </input_file>
      <input_file id="fl-5f">
         <path>C:\ti\ccs930\ccs\tools\compiler\ti-cgt-c6000_8.3.5\lib\</path>
         <kind>archive</kind>
         <file>rts6600_elf.lib</file>
         <name>hostunlink.c.obj</name>
      </input_file>
      <input_file id="fl-60">
         <path>C:\ti\ccs930\ccs\tools\compiler\ti-cgt-c6000_8.3.5\lib\</path>
         <kind>archive</kind>
         <file>rts6600_elf.lib</file>
         <name>hostwrite.c.obj</name>
      </input_file>
      <input_file id="fl-61">
         <path>C:\ti\ccs930\ccs\tools\compiler\ti-cgt-c6000_8.3.5\lib\</path>
         <kind>archive</kind>
         <file>rts6600_elf.lib</file>
         <name>trgmsg.c.obj</name>
      </input_file>
      <input_file id="fl-62">
         <path>C:\ti\ccs930\ccs\tools\compiler\ti-cgt-c6000_8.3.5\lib\</path>
         <kind>archive</kind>
         <file>rts6600_elf.lib</file>
         <name>fclose.c.obj</name>
      </input_file>
      <input_file id="fl-63">
         <path>C:\ti\ccs930\ccs\tools\compiler\ti-cgt-c6000_8.3.5\lib\</path>
         <kind>archive</kind>
         <file>rts6600_elf.lib</file>
         <name>getdevice.c.obj</name>
      </input_file>
      <input_file id="fl-64">
         <path>C:\ti\ccs930\ccs\tools\compiler\ti-cgt-c6000_8.3.5\lib\</path>
         <kind>archive</kind>
         <file>rts6600_elf.lib</file>
         <name>close.c.obj</name>
      </input_file>
      <input_file id="fl-65">
         <path>C:\ti\ccs930\ccs\tools\compiler\ti-cgt-c6000_8.3.5\lib\</path>
         <kind>archive</kind>
         <file>rts6600_elf.lib</file>
         <name>remove.c.obj</name>
      </input_file>
      <input_file id="fl-66">
         <path>C:\ti\ccs930\ccs\tools\compiler\ti-cgt-c6000_8.3.5\lib\</path>
         <kind>archive</kind>
         <file>rts6600_elf.lib</file>
         <name>unlink.c.obj</name>
      </input_file>
      <input_file id="fl-67">
         <path>C:\ti\pdk_c665x_2_0_16\packages\ti\csl\lib\c6657\c66\release\</path>
         <kind>archive</kind>
         <file>ti.csl.ae66</file>
         <name>csl_chip.oe66</name>
      </input_file>
      <input_file id="fl-68">
         <path>C:\ti\pdk_c665x_2_0_16\packages\ti\platform\evmc6657l\platform_lib\lib\release\</path>
         <kind>archive</kind>
         <file>ti.platform.evm6657l.ae66</file>
         <name>platform.oe66</name>
      </input_file>
      <input_file id="fl-69">
         <path>C:\ti\pdk_c665x_2_0_16\packages\ti\platform\evmc6657l\platform_lib\lib\release\</path>
         <kind>archive</kind>
         <file>ti.platform.evm6657l.ae66</file>
         <name>evm665x_i2c.oe66</name>
      </input_file>
      <input_file id="fl-6a">
         <path>C:\ti\pdk_c665x_2_0_16\packages\ti\platform\evmc6657l\platform_lib\lib\release\</path>
         <kind>archive</kind>
         <file>ti.platform.evm6657l.ae66</file>
         <name>evmc665x_nand.oe66</name>
      </input_file>
      <input_file id="fl-6b">
         <path>C:\ti\pdk_c665x_2_0_16\packages\ti\platform\evmc6657l\platform_lib\lib\release\</path>
         <kind>archive</kind>
         <file>ti.platform.evm6657l.ae66</file>
         <name>evmc6657.oe66</name>
      </input_file>
      <input_file id="fl-6c">
         <path>C:\ti\pdk_c665x_2_0_16\packages\ti\platform\evmc6657l\platform_lib\lib\release\</path>
         <kind>archive</kind>
         <file>ti.platform.evm6657l.ae66</file>
         <name>evmc665x_phy.oe66</name>
      </input_file>
      <input_file id="fl-6d">
         <path>C:\ti\pdk_c665x_2_0_16\packages\ti\platform\evmc6657l\platform_lib\lib\release\</path>
         <kind>archive</kind>
         <file>ti.platform.evm6657l.ae66</file>
         <name>evmc665x_fpga.oe66</name>
      </input_file>
      <input_file id="fl-6e">
         <path>C:\ti\pdk_c665x_2_0_16\packages\ti\platform\evmc6657l\platform_lib\lib\release\</path>
         <kind>archive</kind>
         <file>ti.platform.evm6657l.ae66</file>
         <name>evmc665x_i2c_eeprom.oe66</name>
      </input_file>
      <input_file id="fl-6f">
         <path>C:\ti\pdk_c665x_2_0_16\packages\ti\platform\evmc6657l\platform_lib\lib\release\</path>
         <kind>archive</kind>
         <file>ti.platform.evm6657l.ae66</file>
         <name>evmc665x_nor.oe66</name>
      </input_file>
      <input_file id="fl-70">
         <path>C:\ti\pdk_c665x_2_0_16\packages\ti\platform\evmc6657l\platform_lib\lib\release\</path>
         <kind>archive</kind>
         <file>ti.platform.evm6657l.ae66</file>
         <name>evmc665x_spi.oe66</name>
      </input_file>
      <input_file id="fl-71">
         <path>C:\ti\pdk_c665x_2_0_16\packages\ti\platform\evmc6657l\platform_lib\lib\release\</path>
         <kind>archive</kind>
         <file>ti.platform.evm6657l.ae66</file>
         <name>evmc665x_uart.oe66</name>
      </input_file>
      <input_file id="fl-72">
         <path>C:\ti\ccs930\ccs\tools\compiler\ti-cgt-c6000_8.3.5\lib\</path>
         <kind>archive</kind>
         <file>rts6600_elf.lib</file>
         <name>vsprintf.c.obj</name>
      </input_file>
      <input_file id="fl-73">
         <path>C:\ti\ccs930\ccs\tools\compiler\ti-cgt-c6000_8.3.5\lib\</path>
         <kind>archive</kind>
         <file>rts6600_elf.lib</file>
         <name>remu.asm.obj</name>
      </input_file>
   </input_file_list>
   <object_component_list>
      <object_component id="oc-1a4">
         <name>.text:__TI_printfi</name>
         <load_address>0x800000</load_address>
         <run_address>0x800000</run_address>
         <size>0x1fe0</size>
         <input_file_ref idref="fl-29"/>
      </object_component>
      <object_component id="oc-87">
         <name>.text</name>
         <load_address>0x801fe0</load_address>
         <run_address>0x801fe0</run_address>
         <size>0x680</size>
         <input_file_ref idref="fl-2"/>
      </object_component>
      <object_component id="oc-281">
         <name>.text:_pconv_a</name>
         <load_address>0x802660</load_address>
         <run_address>0x802660</run_address>
         <size>0x640</size>
         <input_file_ref idref="fl-29"/>
      </object_component>
      <object_component id="oc-366">
         <name>.text:__c6xabi_divd</name>
         <load_address>0x802ca0</load_address>
         <run_address>0x802ca0</run_address>
         <size>0x600</size>
         <input_file_ref idref="fl-44"/>
      </object_component>
      <object_component id="oc-26f">
         <name>.text:_pconv_g</name>
         <load_address>0x8032a0</load_address>
         <run_address>0x8032a0</run_address>
         <size>0x440</size>
         <input_file_ref idref="fl-29"/>
      </object_component>
      <object_component id="oc-ee">
         <name>.text:free</name>
         <load_address>0x8036e0</load_address>
         <run_address>0x8036e0</run_address>
         <size>0x3c0</size>
         <input_file_ref idref="fl-47"/>
      </object_component>
      <object_component id="oc-1e6">
         <name>.text:UartInit</name>
         <load_address>0x803aa0</load_address>
         <run_address>0x803aa0</run_address>
         <size>0x2e0</size>
         <input_file_ref idref="fl-71"/>
      </object_component>
      <object_component id="oc-2be">
         <name>.text:fputs</name>
         <load_address>0x803d80</load_address>
         <run_address>0x803d80</run_address>
         <size>0x2e0</size>
         <input_file_ref idref="fl-2d"/>
      </object_component>
      <object_component id="oc-37f">
         <name>.text:fcvt</name>
         <load_address>0x804060</load_address>
         <run_address>0x804060</run_address>
         <size>0x2c0</size>
         <input_file_ref idref="fl-29"/>
      </object_component>
      <object_component id="oc-27b">
         <name>.text:_pconv_e</name>
         <load_address>0x804320</load_address>
         <run_address>0x804320</run_address>
         <size>0x2a0</size>
         <input_file_ref idref="fl-29"/>
      </object_component>
      <object_component id="oc-356">
         <name>.text:__c6xabi_divull</name>
         <load_address>0x8045c0</load_address>
         <run_address>0x8045c0</run_address>
         <size>0x240</size>
         <input_file_ref idref="fl-36"/>
      </object_component>
      <object_component id="oc-35c">
         <name>.text:__c6xabi_divul</name>
         <load_address>0x804800</load_address>
         <run_address>0x804800</run_address>
         <size>0x1c0</size>
         <input_file_ref idref="fl-35"/>
      </object_component>
      <object_component id="oc-257">
         <name>.text:_ltostr</name>
         <load_address>0x8049c0</load_address>
         <run_address>0x8049c0</run_address>
         <size>0x1c0</size>
         <input_file_ref idref="fl-29"/>
      </object_component>
      <object_component id="oc-2b7">
         <name>.text:fputc</name>
         <load_address>0x804b80</load_address>
         <run_address>0x804b80</run_address>
         <size>0x1c0</size>
         <input_file_ref idref="fl-2c"/>
      </object_component>
      <object_component id="oc-38d">
         <name>.text:ldexp</name>
         <load_address>0x804d40</load_address>
         <run_address>0x804d40</run_address>
         <size>0x1c0</size>
         <input_file_ref idref="fl-42"/>
      </object_component>
      <object_component id="oc-e8">
         <name>.text:malloc</name>
         <load_address>0x804f00</load_address>
         <run_address>0x804f00</run_address>
         <size>0x1c0</size>
         <input_file_ref idref="fl-47"/>
      </object_component>
      <object_component id="oc-416">
         <name>.text:setvbuf</name>
         <load_address>0x8050c0</load_address>
         <run_address>0x8050c0</run_address>
         <size>0x1c0</size>
         <input_file_ref idref="fl-2f"/>
      </object_component>
      <object_component id="oc-4c2">
         <name>.text:HOSTrename</name>
         <load_address>0x805280</load_address>
         <run_address>0x805280</run_address>
         <size>0x1a0</size>
         <input_file_ref idref="fl-5e"/>
      </object_component>
      <object_component id="oc-387">
         <name>.text:frexp</name>
         <load_address>0x805420</load_address>
         <run_address>0x805420</run_address>
         <size>0x1a0</size>
         <input_file_ref idref="fl-40"/>
      </object_component>
      <object_component id="oc-10c">
         <name>.text:CSL_chipReadReg</name>
         <load_address>0x8055c0</load_address>
         <run_address>0x8055c0</run_address>
         <size>0x120</size>
         <input_file_ref idref="fl-67"/>
      </object_component>
      <object_component id="oc-275">
         <name>.text:_pconv_f</name>
         <load_address>0x8056e0</load_address>
         <run_address>0x8056e0</run_address>
         <size>0x120</size>
         <input_file_ref idref="fl-29"/>
      </object_component>
      <object_component id="oc-4fb">
         <name>.text:getdevice</name>
         <load_address>0x805800</load_address>
         <run_address>0x805800</run_address>
         <size>0x120</size>
         <input_file_ref idref="fl-63"/>
      </object_component>
      <object_component id="oc-495">
         <name>.text:__TI_closefile</name>
         <load_address>0x805920</load_address>
         <run_address>0x805920</run_address>
         <size>0x100</size>
         <input_file_ref idref="fl-62"/>
      </object_component>
      <object_component id="oc-34">
         <name>.text:__TI_decompress_rle_core</name>
         <load_address>0x805a20</load_address>
         <run_address>0x805a20</run_address>
         <size>0x100</size>
         <input_file_ref idref="fl-3f"/>
      </object_component>
      <object_component id="oc-378">
         <name>.text:_mcpy</name>
         <load_address>0x805b20</load_address>
         <run_address>0x805b20</run_address>
         <size>0x100</size>
         <input_file_ref idref="fl-29"/>
      </object_component>
      <object_component id="oc-251">
         <name>.text:atoi</name>
         <load_address>0x805c20</load_address>
         <run_address>0x805c20</run_address>
         <size>0x100</size>
         <input_file_ref idref="fl-4b"/>
      </object_component>
      <object_component id="oc-410">
         <name>.text:fseek</name>
         <load_address>0x805d20</load_address>
         <run_address>0x805d20</run_address>
         <size>0x100</size>
         <input_file_ref idref="fl-56"/>
      </object_component>
      <object_component id="oc-4b6">
         <name>.text:HOSTlseek</name>
         <load_address>0x805e20</load_address>
         <run_address>0x805e20</run_address>
         <size>0xe0</size>
         <input_file_ref idref="fl-5b"/>
      </object_component>
      <object_component id="oc-49e">
         <name>.text:HOSTopen</name>
         <load_address>0x805f00</load_address>
         <run_address>0x805f00</run_address>
         <size>0xe0</size>
         <input_file_ref idref="fl-5c"/>
      </object_component>
      <object_component id="oc-4b0">
         <name>.text:HOSTwrite</name>
         <load_address>0x805fe0</load_address>
         <run_address>0x805fe0</run_address>
         <size>0xe0</size>
         <input_file_ref idref="fl-60"/>
      </object_component>
      <object_component id="oc-36c">
         <name>.text:__TI_ltoa</name>
         <load_address>0x8060c0</load_address>
         <run_address>0x8060c0</run_address>
         <size>0xe0</size>
         <input_file_ref idref="fl-49"/>
      </object_component>
      <object_component id="oc-3b1">
         <name>.text:__TI_wrt_ok</name>
         <load_address>0x8061a0</load_address>
         <run_address>0x8061a0</run_address>
         <size>0xe0</size>
         <input_file_ref idref="fl-2e"/>
      </object_component>
      <object_component id="oc-4ce">
         <name>.text:close</name>
         <load_address>0x806280</load_address>
         <run_address>0x806280</run_address>
         <size>0xe0</size>
         <input_file_ref idref="fl-64"/>
      </object_component>
      <object_component id="oc-52">
         <name>.text:exit</name>
         <load_address>0x806360</load_address>
         <run_address>0x806360</run_address>
         <size>0xe0</size>
         <input_file_ref idref="fl-46"/>
      </object_component>
      <object_component id="oc-73">
         <name>.text:memset</name>
         <load_address>0x806440</load_address>
         <run_address>0x806440</run_address>
         <size>0xe0</size>
         <input_file_ref idref="fl-38"/>
      </object_component>
      <object_component id="oc-106">
         <name>.text:printf</name>
         <load_address>0x806520</load_address>
         <run_address>0x806520</run_address>
         <size>0xe0</size>
         <input_file_ref idref="fl-28"/>
      </object_component>
      <object_component id="oc-4aa">
         <name>.text:HOSTread</name>
         <load_address>0x806600</load_address>
         <run_address>0x806600</run_address>
         <size>0xc0</size>
         <input_file_ref idref="fl-5d"/>
      </object_component>
      <object_component id="oc-4bc">
         <name>.text:HOSTunlink</name>
         <load_address>0x8066c0</load_address>
         <run_address>0x8066c0</run_address>
         <size>0xc0</size>
         <input_file_ref idref="fl-5f"/>
      </object_component>
      <object_component id="oc-9b">
         <name>.text:__TI_auto_init_nobinit_nopinit:__TI_auto_init_nobinit_nopinit</name>
         <load_address>0x806780</load_address>
         <run_address>0x806780</run_address>
         <size>0xc0</size>
         <input_file_ref idref="fl-39"/>
      </object_component>
      <object_component id="oc-3b7">
         <name>.text:__TI_doflush</name>
         <load_address>0x806840</load_address>
         <run_address>0x806840</run_address>
         <size>0xc0</size>
         <input_file_ref idref="fl-54"/>
      </object_component>
      <object_component id="oc-1ed">
         <name>.text:__divu</name>
         <load_address>0x806900</load_address>
         <run_address>0x806900</run_address>
         <size>0xc0</size>
         <input_file_ref idref="fl-32"/>
      </object_component>
      <object_component id="oc-182">
         <name>.text:minsert</name>
         <load_address>0x8069c0</load_address>
         <run_address>0x8069c0</run_address>
         <size>0xc0</size>
         <input_file_ref idref="fl-47"/>
      </object_component>
      <object_component id="oc-17c">
         <name>.text:mremove</name>
         <load_address>0x806a80</load_address>
         <run_address>0x806a80</run_address>
         <size>0xc0</size>
         <input_file_ref idref="fl-47"/>
      </object_component>
      <object_component id="oc-155">
         <name>.text:tls:init:__TI_tls_init</name>
         <load_address>0x806b40</load_address>
         <run_address>0x806b40</run_address>
         <size>0xc0</size>
         <input_file_ref idref="fl-51"/>
      </object_component>
      <object_component id="oc-4a4">
         <name>.text:HOSTclose</name>
         <load_address>0x806c00</load_address>
         <run_address>0x806c00</run_address>
         <size>0xa0</size>
         <input_file_ref idref="fl-5a"/>
      </object_component>
      <object_component id="oc-45b">
         <name>.text:__TI_cleanup</name>
         <load_address>0x806ca0</load_address>
         <run_address>0x806ca0</run_address>
         <size>0xa0</size>
         <input_file_ref idref="fl-55"/>
      </object_component>
      <object_component id="oc-372">
         <name>.text:_ecpy</name>
         <load_address>0x806d40</load_address>
         <run_address>0x806d40</run_address>
         <size>0xa0</size>
         <input_file_ref idref="fl-29"/>
      </object_component>
      <object_component id="oc-51b">
         <name>.text:finddevice</name>
         <load_address>0x806de0</load_address>
         <run_address>0x806de0</run_address>
         <size>0xa0</size>
         <input_file_ref idref="fl-63"/>
      </object_component>
      <object_component id="oc-28">
         <name>.text:memcpy</name>
         <load_address>0x806e80</load_address>
         <run_address>0x806e80</run_address>
         <size>0xa0</size>
         <input_file_ref idref="fl-33"/>
      </object_component>
      <object_component id="oc-18c">
         <name>.text:UartWriteData</name>
         <load_address>0x806f20</load_address>
         <run_address>0x806f20</run_address>
         <size>0x80</size>
         <input_file_ref idref="fl-71"/>
      </object_component>
      <object_component id="oc-4e6">
         <name>.text:__TI_readmsg</name>
         <load_address>0x806fa0</load_address>
         <run_address>0x806fa0</run_address>
         <size>0x80</size>
         <input_file_ref idref="fl-61"/>
      </object_component>
      <object_component id="oc-3ce">
         <name>.text:__c6xabi_llshl</name>
         <load_address>0x807020</load_address>
         <run_address>0x807020</run_address>
         <size>0x80</size>
         <input_file_ref idref="fl-37"/>
      </object_component>
      <object_component id="oc-1c">
         <name>.text:_c_int00</name>
         <load_address>0x8070a0</load_address>
         <run_address>0x8070a0</run_address>
         <size>0x80</size>
         <input_file_ref idref="fl-34"/>
      </object_component>
      <object_component id="oc-19e">
         <name>.text:_outs</name>
         <load_address>0x807120</load_address>
         <run_address>0x807120</run_address>
         <size>0x80</size>
         <input_file_ref idref="fl-2a"/>
      </object_component>
      <object_component id="oc-100">
         <name>.text:snprintf</name>
         <load_address>0x8071a0</load_address>
         <run_address>0x8071a0</run_address>
         <size>0x80</size>
         <input_file_ref idref="fl-2a"/>
      </object_component>
      <object_component id="oc-4d4">
         <name>.text:unlink</name>
         <load_address>0x807220</load_address>
         <run_address>0x807220</run_address>
         <size>0x80</size>
         <input_file_ref idref="fl-66"/>
      </object_component>
      <object_component id="oc-3e4">
         <name>.text:__TI_frcmpyd_div</name>
         <load_address>0x8072a0</load_address>
         <run_address>0x8072a0</run_address>
         <size>0x60</size>
         <input_file_ref idref="fl-45"/>
      </object_component>
      <object_component id="oc-4e0">
         <name>.text:__TI_writemsg</name>
         <load_address>0x807300</load_address>
         <run_address>0x807300</run_address>
         <size>0x60</size>
         <input_file_ref idref="fl-61"/>
      </object_component>
      <object_component id="oc-3da">
         <name>.text:__c6xabi_llshru</name>
         <load_address>0x807360</load_address>
         <run_address>0x807360</run_address>
         <size>0x60</size>
         <input_file_ref idref="fl-37"/>
      </object_component>
      <object_component id="oc-3d4">
         <name>.text:_subcull</name>
         <load_address>0x8073c0</load_address>
         <run_address>0x8073c0</run_address>
         <size>0x60</size>
         <input_file_ref idref="fl-36"/>
      </object_component>
      <object_component id="oc-453">
         <name>.text:lseek</name>
         <load_address>0x807420</load_address>
         <run_address>0x807420</run_address>
         <size>0x60</size>
         <input_file_ref idref="fl-58"/>
      </object_component>
      <object_component id="oc-287">
         <name>.text:memccpy</name>
         <load_address>0x807480</load_address>
         <run_address>0x807480</run_address>
         <size>0x60</size>
         <input_file_ref idref="fl-4e"/>
      </object_component>
      <object_component id="oc-118">
         <name>.text:sprintf</name>
         <load_address>0x8074e0</load_address>
         <run_address>0x8074e0</run_address>
         <size>0x60</size>
         <input_file_ref idref="fl-2b"/>
      </object_component>
      <object_component id="oc-3bd">
         <name>.text:write</name>
         <load_address>0x807540</load_address>
         <run_address>0x807540</run_address>
         <size>0x60</size>
         <input_file_ref idref="fl-50"/>
      </object_component>
      <object_component id="oc-1f2">
         <name>.text:UartSetBaudRate</name>
         <load_address>0x8075a0</load_address>
         <run_address>0x8075a0</run_address>
         <size>0x40</size>
         <input_file_ref idref="fl-71"/>
      </object_component>
      <object_component id="oc-263">
         <name>.text:__c6xabi_isinf</name>
         <load_address>0x8075e0</load_address>
         <run_address>0x8075e0</run_address>
         <size>0x40</size>
         <input_file_ref idref="fl-41"/>
      </object_component>
      <object_component id="oc-25d">
         <name>.text:__c6xabi_isnan</name>
         <load_address>0x807620</load_address>
         <run_address>0x807620</run_address>
         <size>0x40</size>
         <input_file_ref idref="fl-29"/>
      </object_component>
      <object_component id="oc-4c">
         <name>.text:_args_main</name>
         <load_address>0x807660</load_address>
         <run_address>0x807660</run_address>
         <size>0x40</size>
         <input_file_ref idref="fl-4a"/>
      </object_component>
      <object_component id="oc-198">
         <name>.text:_outc</name>
         <load_address>0x8076a0</load_address>
         <run_address>0x8076a0</run_address>
         <size>0x40</size>
         <input_file_ref idref="fl-2a"/>
      </object_component>
      <object_component id="oc-1de">
         <name>.text:_outs</name>
         <load_address>0x8076e0</load_address>
         <run_address>0x8076e0</run_address>
         <size>0x40</size>
         <input_file_ref idref="fl-2b"/>
      </object_component>
      <object_component id="oc-112">
         <name>.text:platform_delay</name>
         <load_address>0x807720</load_address>
         <run_address>0x807720</run_address>
         <size>0x40</size>
         <input_file_ref idref="fl-68"/>
      </object_component>
      <object_component id="oc-242">
         <name>.text:platform_delaycycles</name>
         <load_address>0x807760</load_address>
         <run_address>0x807760</run_address>
         <size>0x40</size>
         <input_file_ref idref="fl-68"/>
      </object_component>
      <object_component id="oc-124">
         <name>.text:platform_uart_set_baudrate</name>
         <load_address>0x8077a0</load_address>
         <run_address>0x8077a0</run_address>
         <size>0x40</size>
         <input_file_ref idref="fl-68"/>
      </object_component>
      <object_component id="oc-f4">
         <name>.text:strlen</name>
         <load_address>0x8077e0</load_address>
         <run_address>0x8077e0</run_address>
         <size>0x40</size>
         <input_file_ref idref="fl-4f"/>
      </object_component>
      <object_component id="oc-28d">
         <name>.text:wcslen</name>
         <load_address>0x807820</load_address>
         <run_address>0x807820</run_address>
         <size>0x40</size>
         <input_file_ref idref="fl-30"/>
      </object_component>
      <object_component id="oc-293">
         <name>.text:__c6xabi_errno_addr</name>
         <load_address>0x807860</load_address>
         <run_address>0x807860</run_address>
         <size>0x20</size>
         <input_file_ref idref="fl-52"/>
      </object_component>
      <object_component id="oc-299">
         <name>.text:__pop_rts</name>
         <load_address>0x807880</load_address>
         <run_address>0x807880</run_address>
         <size>0x20</size>
         <input_file_ref idref="fl-31"/>
      </object_component>
      <object_component id="oc-24c">
         <name>.text:__push_rts</name>
         <load_address>0x8078a0</load_address>
         <run_address>0x8078a0</run_address>
         <size>0x20</size>
         <input_file_ref idref="fl-31"/>
      </object_component>
      <object_component id="oc-231">
         <name>.text:_nop</name>
         <load_address>0x8078c0</load_address>
         <run_address>0x8078c0</run_address>
         <size>0x20</size>
         <input_file_ref idref="fl-48"/>
      </object_component>
      <object_component id="oc-1b9">
         <name>.text:_outc</name>
         <load_address>0x8078e0</load_address>
         <run_address>0x8078e0</run_address>
         <size>0x20</size>
         <input_file_ref idref="fl-28"/>
      </object_component>
      <object_component id="oc-1d8">
         <name>.text:_outc</name>
         <load_address>0x807900</load_address>
         <run_address>0x807900</run_address>
         <size>0x20</size>
         <input_file_ref idref="fl-2b"/>
      </object_component>
      <object_component id="oc-1bf">
         <name>.text:_outs</name>
         <load_address>0x807920</load_address>
         <run_address>0x807920</run_address>
         <size>0x20</size>
         <input_file_ref idref="fl-28"/>
      </object_component>
      <object_component id="oc-269">
         <name>.text:_signbit</name>
         <load_address>0x807940</load_address>
         <run_address>0x807940</run_address>
         <size>0x20</size>
         <input_file_ref idref="fl-43"/>
      </object_component>
      <object_component id="oc-14f">
         <name>.text:_system_post_cinit</name>
         <load_address>0x807960</load_address>
         <run_address>0x807960</run_address>
         <size>0x20</size>
         <input_file_ref idref="fl-3b"/>
      </object_component>
      <object_component id="oc-58">
         <name>.text:_system_pre_init</name>
         <load_address>0x807980</load_address>
         <run_address>0x807980</run_address>
         <size>0x20</size>
         <input_file_ref idref="fl-3a"/>
      </object_component>
      <object_component id="oc-92">
         <name>.text:abort</name>
         <load_address>0x8079a0</load_address>
         <run_address>0x8079a0</run_address>
         <size>0x20</size>
         <input_file_ref idref="fl-46"/>
      </object_component>
      <object_component id="oc-f">
         <name>.text:decompress:none:__TI_decompress_none</name>
         <load_address>0x8079c0</load_address>
         <run_address>0x8079c0</run_address>
         <size>0x20</size>
         <input_file_ref idref="fl-3e"/>
      </object_component>
      <object_component id="oc-15">
         <name>.text:decompress:rle24:__TI_decompress_rle24</name>
         <load_address>0x8079e0</load_address>
         <run_address>0x8079e0</run_address>
         <size>0x20</size>
         <input_file_ref idref="fl-3f"/>
      </object_component>
      <object_component id="oc-11e">
         <name>.text:platform_uart_init</name>
         <load_address>0x807a00</load_address>
         <run_address>0x807a00</run_address>
         <size>0x20</size>
         <input_file_ref idref="fl-68"/>
      </object_component>
      <object_component id="oc-fa">
         <name>.text:platform_uart_write</name>
         <load_address>0x807a20</load_address>
         <run_address>0x807a20</run_address>
         <size>0x20</size>
         <input_file_ref idref="fl-68"/>
      </object_component>
      <object_component id="oc-12d">
         <name>.const:.string</name>
         <load_address>0x807e40</load_address>
         <run_address>0x807e40</run_address>
         <size>0x1a0</size>
         <input_file_ref idref="fl-2"/>
      </object_component>
      <object_component id="oc-351">
         <name>.const:.string:_ctypes_</name>
         <load_address>0x807fe0</load_address>
         <run_address>0x807fe0</run_address>
         <size>0x101</size>
         <input_file_ref idref="fl-4c"/>
      </object_component>
      <object_component id="oc-29e">
         <name>.const:.string</name>
         <load_address>0x8080e4</load_address>
         <run_address>0x8080e4</run_address>
         <size>0x24</size>
         <input_file_ref idref="fl-29"/>
      </object_component>
      <object_component id="oc-565">
         <name>.cinit.platform_lib.load</name>
         <load_address>0x808c60</load_address>
         <run_address>0x808c60</run_address>
         <size>0x96</size>
      </object_component>
      <object_component id="oc-564">
         <name>.cinit..fardata.load</name>
         <load_address>0x808cf6</load_address>
         <run_address>0x808cf6</run_address>
         <size>0x6d</size>
      </object_component>
      <object_component id="oc-566">
         <name>.cinit..far:.common.load</name>
         <load_address>0x808d63</load_address>
         <run_address>0x808d63</run_address>
         <size>0xb</size>
      </object_component>
      <object_component id="oc-563">
         <name>.cinit..neardata.load</name>
         <load_address>0x808d6e</load_address>
         <run_address>0x808d6e</run_address>
         <size>0xa</size>
      </object_component>
      <object_component id="oc-562">
         <name>.cinit..bss.load</name>
         <load_address>0x808d78</load_address>
         <run_address>0x808d78</run_address>
         <size>0x9</size>
      </object_component>
      <object_component id="oc-560">
         <name>__TI_handler_table</name>
         <load_address>0x808d84</load_address>
         <run_address>0x808d84</run_address>
         <size>0x8</size>
      </object_component>
      <object_component id="oc-561">
         <name>__TI_cinit_table</name>
         <load_address>0x808d90</load_address>
         <run_address>0x808d90</run_address>
         <size>0x28</size>
      </object_component>
      <object_component id="oc-22">
         <name>.stack</name>
         <uninitialized>true</uninitialized>
         <run_address>0x807a40</run_address>
         <size>0x8</size>
         <input_file_ref idref="fl-34"/>
      </object_component>
      <object_component id="oc-567">
         <name>.stack</name>
         <uninitialized>true</uninitialized>
         <run_address>0x807a40</run_address>
         <size>0x0</size>
      </object_component>
      <object_component id="oc-507">
         <name>.cio</name>
         <uninitialized>true</uninitialized>
         <run_address>0x808108</run_address>
         <size>0x120</size>
         <input_file_ref idref="fl-61"/>
      </object_component>
      <object_component id="oc-1c7">
         <name>.switch:CSL_chipReadReg</name>
         <load_address>0x808228</load_address>
         <run_address>0x808228</run_address>
         <size>0x80</size>
         <input_file_ref idref="fl-67"/>
      </object_component>
      <object_component id="oc-29f">
         <name>.switch:__TI_printfi</name>
         <load_address>0x8082a8</load_address>
         <run_address>0x8082a8</run_address>
         <size>0x38</size>
         <input_file_ref idref="fl-29"/>
      </object_component>
      <object_component id="oc-12a">
         <name>.neardata</name>
         <load_address>0x8082e0</load_address>
         <run_address>0x8082e0</run_address>
         <size>0x4</size>
         <input_file_ref idref="fl-2"/>
      </object_component>
      <object_component id="oc-12e">
         <name>.common:coreNum</name>
         <uninitialized>true</uninitialized>
         <run_address>0x8082ec</run_address>
         <size>0x4</size>
      </object_component>
      <object_component id="oc-131">
         <name>.common:cnt1</name>
         <uninitialized>true</uninitialized>
         <run_address>0x8082e4</run_address>
         <size>0x4</size>
      </object_component>
      <object_component id="oc-132">
         <name>.common:cnt2</name>
         <uninitialized>true</uninitialized>
         <run_address>0x8082e8</run_address>
         <size>0x4</size>
      </object_component>
      <object_component id="oc-12f">
         <name>.debug_info</name>
         <load_address>0x0</load_address>
         <run_address>0x0</run_address>
         <size>0xac5</size>
         <input_file_ref idref="fl-2"/>
      </object_component>
      <object_component id="oc-12b">
         <name>.debug_info</name>
         <load_address>0xac5</load_address>
         <run_address>0xac5</run_address>
         <size>0xd3</size>
         <input_file_ref idref="fl-2"/>
      </object_component>
      <object_component id="oc-88">
         <name>.debug_info</name>
         <load_address>0xb98</load_address>
         <run_address>0xb98</run_address>
         <size>0xe05</size>
         <input_file_ref idref="fl-2"/>
      </object_component>
      <object_component id="oc-207">
         <name>.debug_info</name>
         <load_address>0x199d</load_address>
         <run_address>0x199d</run_address>
         <size>0x604</size>
         <input_file_ref idref="fl-2"/>
      </object_component>
      <object_component id="oc-1ce">
         <name>.debug_info</name>
         <load_address>0x1fa1</load_address>
         <run_address>0x1fa1</run_address>
         <size>0x144</size>
         <input_file_ref idref="fl-2"/>
      </object_component>
      <object_component id="oc-1fd">
         <name>.debug_info</name>
         <load_address>0x20e5</load_address>
         <run_address>0x20e5</run_address>
         <size>0x73</size>
         <input_file_ref idref="fl-2"/>
      </object_component>
      <object_component id="oc-202">
         <name>.debug_info</name>
         <load_address>0x2158</load_address>
         <run_address>0x2158</run_address>
         <size>0x206</size>
         <input_file_ref idref="fl-2"/>
      </object_component>
      <object_component id="oc-20c">
         <name>.debug_info</name>
         <load_address>0x235e</load_address>
         <run_address>0x235e</run_address>
         <size>0x26b</size>
         <input_file_ref idref="fl-2"/>
      </object_component>
      <object_component id="oc-6e">
         <name>.debug_info</name>
         <load_address>0x25c9</load_address>
         <run_address>0x25c9</run_address>
         <size>0xc0</size>
         <input_file_ref idref="fl-2"/>
      </object_component>
      <object_component id="oc-139">
         <name>.debug_info</name>
         <load_address>0x2689</load_address>
         <run_address>0x2689</run_address>
         <size>0x116</size>
         <input_file_ref idref="fl-2"/>
      </object_component>
      <object_component id="oc-216">
         <name>.debug_info</name>
         <load_address>0x279f</load_address>
         <run_address>0x279f</run_address>
         <size>0x275</size>
         <input_file_ref idref="fl-2"/>
      </object_component>
      <object_component id="oc-134">
         <name>.debug_info</name>
         <load_address>0x2a14</load_address>
         <run_address>0x2a14</run_address>
         <size>0xbb</size>
         <input_file_ref idref="fl-2"/>
      </object_component>
      <object_component id="oc-211">
         <name>.debug_info</name>
         <load_address>0x2acf</load_address>
         <run_address>0x2acf</run_address>
         <size>0xcc</size>
         <input_file_ref idref="fl-2"/>
      </object_component>
      <object_component id="oc-13e">
         <name>.debug_info</name>
         <load_address>0x2b9b</load_address>
         <run_address>0x2b9b</run_address>
         <size>0x46</size>
         <input_file_ref idref="fl-2"/>
      </object_component>
      <object_component id="oc-2a2">
         <name>.debug_info</name>
         <load_address>0x2be1</load_address>
         <run_address>0x2be1</run_address>
         <size>0x2c</size>
         <input_file_ref idref="fl-2"/>
      </object_component>
      <object_component id="oc-1c6">
         <name>.debug_info</name>
         <load_address>0x2c0d</load_address>
         <run_address>0x2c0d</run_address>
         <size>0x6af</size>
         <input_file_ref idref="fl-28"/>
      </object_component>
      <object_component id="oc-1bd">
         <name>.debug_info</name>
         <load_address>0x32bc</load_address>
         <run_address>0x32bc</run_address>
         <size>0x151</size>
         <input_file_ref idref="fl-28"/>
      </object_component>
      <object_component id="oc-1c2">
         <name>.debug_info</name>
         <load_address>0x340d</load_address>
         <run_address>0x340d</run_address>
         <size>0x160</size>
         <input_file_ref idref="fl-28"/>
      </object_component>
      <object_component id="oc-109">
         <name>.debug_info</name>
         <load_address>0x356d</load_address>
         <run_address>0x356d</run_address>
         <size>0x198</size>
         <input_file_ref idref="fl-28"/>
      </object_component>
      <object_component id="oc-2c7">
         <name>.debug_info</name>
         <load_address>0x3705</load_address>
         <run_address>0x3705</run_address>
         <size>0xb2</size>
         <input_file_ref idref="fl-28"/>
      </object_component>
      <object_component id="oc-2a1">
         <name>.debug_info</name>
         <load_address>0x37b7</load_address>
         <run_address>0x37b7</run_address>
         <size>0x80d</size>
         <input_file_ref idref="fl-29"/>
      </object_component>
      <object_component id="oc-259">
         <name>.debug_info</name>
         <load_address>0x3fc4</load_address>
         <run_address>0x3fc4</run_address>
         <size>0x25b</size>
         <input_file_ref idref="fl-29"/>
      </object_component>
      <object_component id="oc-25e">
         <name>.debug_info</name>
         <load_address>0x421f</load_address>
         <run_address>0x421f</run_address>
         <size>0x221</size>
         <input_file_ref idref="fl-29"/>
      </object_component>
      <object_component id="oc-374">
         <name>.debug_info</name>
         <load_address>0x4440</load_address>
         <run_address>0x4440</run_address>
         <size>0x1a8</size>
         <input_file_ref idref="fl-29"/>
      </object_component>
      <object_component id="oc-379">
         <name>.debug_info</name>
         <load_address>0x45e8</load_address>
         <run_address>0x45e8</run_address>
         <size>0x219</size>
         <input_file_ref idref="fl-29"/>
      </object_component>
      <object_component id="oc-270">
         <name>.debug_info</name>
         <load_address>0x4801</load_address>
         <run_address>0x4801</run_address>
         <size>0x2fd</size>
         <input_file_ref idref="fl-29"/>
      </object_component>
      <object_component id="oc-380">
         <name>.debug_info</name>
         <load_address>0x4afe</load_address>
         <run_address>0x4afe</run_address>
         <size>0x25a</size>
         <input_file_ref idref="fl-29"/>
      </object_component>
      <object_component id="oc-276">
         <name>.debug_info</name>
         <load_address>0x4d58</load_address>
         <run_address>0x4d58</run_address>
         <size>0x280</size>
         <input_file_ref idref="fl-29"/>
      </object_component>
      <object_component id="oc-27d">
         <name>.debug_info</name>
         <load_address>0x4fd8</load_address>
         <run_address>0x4fd8</run_address>
         <size>0x2eb</size>
         <input_file_ref idref="fl-29"/>
      </object_component>
      <object_component id="oc-283">
         <name>.debug_info</name>
         <load_address>0x52c3</load_address>
         <run_address>0x52c3</run_address>
         <size>0x4c0</size>
         <input_file_ref idref="fl-29"/>
      </object_component>
      <object_component id="oc-1a5">
         <name>.debug_info</name>
         <load_address>0x5783</load_address>
         <run_address>0x5783</run_address>
         <size>0x6ad</size>
         <input_file_ref idref="fl-29"/>
      </object_component>
      <object_component id="oc-2a7">
         <name>.debug_info</name>
         <load_address>0x5e30</load_address>
         <run_address>0x5e30</run_address>
         <size>0x86</size>
         <input_file_ref idref="fl-29"/>
      </object_component>
      <object_component id="oc-3a5">
         <name>.debug_info</name>
         <load_address>0x5eb6</load_address>
         <run_address>0x5eb6</run_address>
         <size>0x39</size>
         <input_file_ref idref="fl-29"/>
      </object_component>
      <object_component id="oc-40b">
         <name>.debug_info</name>
         <load_address>0x5eef</load_address>
         <run_address>0x5eef</run_address>
         <size>0x94</size>
         <input_file_ref idref="fl-29"/>
      </object_component>
      <object_component id="oc-3aa">
         <name>.debug_info</name>
         <load_address>0x5f83</load_address>
         <run_address>0x5f83</run_address>
         <size>0x46</size>
         <input_file_ref idref="fl-29"/>
      </object_component>
      <object_component id="oc-2ac">
         <name>.debug_info</name>
         <load_address>0x5fc9</load_address>
         <run_address>0x5fc9</run_address>
         <size>0x46</size>
         <input_file_ref idref="fl-29"/>
      </object_component>
      <object_component id="oc-1ac">
         <name>.debug_info</name>
         <load_address>0x600f</load_address>
         <run_address>0x600f</run_address>
         <size>0x2c</size>
         <input_file_ref idref="fl-29"/>
      </object_component>
      <object_component id="oc-1ab">
         <name>.debug_info</name>
         <load_address>0x603b</load_address>
         <run_address>0x603b</run_address>
         <size>0x608</size>
         <input_file_ref idref="fl-2a"/>
      </object_component>
      <object_component id="oc-103">
         <name>.debug_info</name>
         <load_address>0x6643</load_address>
         <run_address>0x6643</run_address>
         <size>0x1d4</size>
         <input_file_ref idref="fl-2a"/>
      </object_component>
      <object_component id="oc-1a0">
         <name>.debug_info</name>
         <load_address>0x6817</load_address>
         <run_address>0x6817</run_address>
         <size>0x1b4</size>
         <input_file_ref idref="fl-2a"/>
      </object_component>
      <object_component id="oc-19b">
         <name>.debug_info</name>
         <load_address>0x69cb</load_address>
         <run_address>0x69cb</run_address>
         <size>0x16b</size>
         <input_file_ref idref="fl-2a"/>
      </object_component>
      <object_component id="oc-1b1">
         <name>.debug_info</name>
         <load_address>0x6b36</load_address>
         <run_address>0x6b36</run_address>
         <size>0x69</size>
         <input_file_ref idref="fl-2a"/>
      </object_component>
      <object_component id="oc-1e5">
         <name>.debug_info</name>
         <load_address>0x6b9f</load_address>
         <run_address>0x6b9f</run_address>
         <size>0x5fc</size>
         <input_file_ref idref="fl-2b"/>
      </object_component>
      <object_component id="oc-119">
         <name>.debug_info</name>
         <load_address>0x719b</load_address>
         <run_address>0x719b</run_address>
         <size>0x1b7</size>
         <input_file_ref idref="fl-2b"/>
      </object_component>
      <object_component id="oc-1e0">
         <name>.debug_info</name>
         <load_address>0x7352</load_address>
         <run_address>0x7352</run_address>
         <size>0x18d</size>
         <input_file_ref idref="fl-2b"/>
      </object_component>
      <object_component id="oc-1da">
         <name>.debug_info</name>
         <load_address>0x74df</load_address>
         <run_address>0x74df</run_address>
         <size>0x162</size>
         <input_file_ref idref="fl-2b"/>
      </object_component>
      <object_component id="oc-3c4">
         <name>.debug_info</name>
         <load_address>0x7641</load_address>
         <run_address>0x7641</run_address>
         <size>0x64d</size>
         <input_file_ref idref="fl-2c"/>
      </object_component>
      <object_component id="oc-2b8">
         <name>.debug_info</name>
         <load_address>0x7c8e</load_address>
         <run_address>0x7c8e</run_address>
         <size>0x212</size>
         <input_file_ref idref="fl-2c"/>
      </object_component>
      <object_component id="oc-3c6">
         <name>.debug_info</name>
         <load_address>0x7ea0</load_address>
         <run_address>0x7ea0</run_address>
         <size>0x65e</size>
         <input_file_ref idref="fl-2d"/>
      </object_component>
      <object_component id="oc-2bf">
         <name>.debug_info</name>
         <load_address>0x84fe</load_address>
         <run_address>0x84fe</run_address>
         <size>0x325</size>
         <input_file_ref idref="fl-2d"/>
      </object_component>
      <object_component id="oc-db">
         <name>.debug_info</name>
         <load_address>0x8823</load_address>
         <run_address>0x8823</run_address>
         <size>0x2c</size>
         <input_file_ref idref="fl-2d"/>
      </object_component>
      <object_component id="oc-41d">
         <name>.debug_info</name>
         <load_address>0x884f</load_address>
         <run_address>0x884f</run_address>
         <size>0x5c9</size>
         <input_file_ref idref="fl-2e"/>
      </object_component>
      <object_component id="oc-3b5">
         <name>.debug_info</name>
         <load_address>0x8e18</load_address>
         <run_address>0x8e18</run_address>
         <size>0x18b</size>
         <input_file_ref idref="fl-2e"/>
      </object_component>
      <object_component id="oc-463">
         <name>.debug_info</name>
         <load_address>0x8fa3</load_address>
         <run_address>0x8fa3</run_address>
         <size>0xbf</size>
         <input_file_ref idref="fl-2e"/>
      </object_component>
      <object_component id="oc-462">
         <name>.debug_info</name>
         <load_address>0x9062</load_address>
         <run_address>0x9062</run_address>
         <size>0x633</size>
         <input_file_ref idref="fl-2f"/>
      </object_component>
      <object_component id="oc-417">
         <name>.debug_info</name>
         <load_address>0x9695</load_address>
         <run_address>0x9695</run_address>
         <size>0x22b</size>
         <input_file_ref idref="fl-2f"/>
      </object_component>
      <object_component id="oc-39c">
         <name>.debug_info</name>
         <load_address>0x98c0</load_address>
         <run_address>0x98c0</run_address>
         <size>0x558</size>
         <input_file_ref idref="fl-30"/>
      </object_component>
      <object_component id="oc-290">
         <name>.debug_info</name>
         <load_address>0x9e18</load_address>
         <run_address>0x9e18</run_address>
         <size>0x14f</size>
         <input_file_ref idref="fl-30"/>
      </object_component>
      <object_component id="oc-400">
         <name>.debug_info</name>
         <load_address>0x9f67</load_address>
         <run_address>0x9f67</run_address>
         <size>0x46</size>
         <input_file_ref idref="fl-30"/>
      </object_component>
      <object_component id="oc-397">
         <name>.debug_info</name>
         <load_address>0x9fad</load_address>
         <run_address>0x9fad</run_address>
         <size>0x39</size>
         <input_file_ref idref="fl-30"/>
      </object_component>
      <object_component id="oc-24e">
         <name>.debug_info</name>
         <load_address>0x9fe6</load_address>
         <run_address>0x9fe6</run_address>
         <size>0x10e</size>
         <input_file_ref idref="fl-31"/>
      </object_component>
      <object_component id="oc-29c">
         <name>.debug_info</name>
         <load_address>0xa0f4</load_address>
         <run_address>0xa0f4</run_address>
         <size>0x10c</size>
         <input_file_ref idref="fl-31"/>
      </object_component>
      <object_component id="oc-1ef">
         <name>.debug_info</name>
         <load_address>0xa200</load_address>
         <run_address>0xa200</run_address>
         <size>0x114</size>
         <input_file_ref idref="fl-32"/>
      </object_component>
      <object_component id="oc-29">
         <name>.debug_info</name>
         <load_address>0xa314</load_address>
         <run_address>0xa314</run_address>
         <size>0x121</size>
         <input_file_ref idref="fl-33"/>
      </object_component>
      <object_component id="oc-62">
         <name>.debug_info</name>
         <load_address>0xa435</load_address>
         <run_address>0xa435</run_address>
         <size>0x5de</size>
         <input_file_ref idref="fl-34"/>
      </object_component>
      <object_component id="oc-23">
         <name>.debug_info</name>
         <load_address>0xaa13</load_address>
         <run_address>0xaa13</run_address>
         <size>0xf5</size>
         <input_file_ref idref="fl-34"/>
      </object_component>
      <object_component id="oc-1e">
         <name>.debug_info</name>
         <load_address>0xab08</load_address>
         <run_address>0xab08</run_address>
         <size>0x182</size>
         <input_file_ref idref="fl-34"/>
      </object_component>
      <object_component id="oc-3e3">
         <name>.debug_info</name>
         <load_address>0xac8a</load_address>
         <run_address>0xac8a</run_address>
         <size>0x553</size>
         <input_file_ref idref="fl-35"/>
      </object_component>
      <object_component id="oc-35d">
         <name>.debug_info</name>
         <load_address>0xb1dd</load_address>
         <run_address>0xb1dd</run_address>
         <size>0x1d4</size>
         <input_file_ref idref="fl-35"/>
      </object_component>
      <object_component id="oc-3e1">
         <name>.debug_info</name>
         <load_address>0xb3b1</load_address>
         <run_address>0xb3b1</run_address>
         <size>0x573</size>
         <input_file_ref idref="fl-36"/>
      </object_component>
      <object_component id="oc-3d7">
         <name>.debug_info</name>
         <load_address>0xb924</load_address>
         <run_address>0xb924</run_address>
         <size>0x179</size>
         <input_file_ref idref="fl-36"/>
      </object_component>
      <object_component id="oc-358">
         <name>.debug_info</name>
         <load_address>0xba9d</load_address>
         <run_address>0xba9d</run_address>
         <size>0x251</size>
         <input_file_ref idref="fl-36"/>
      </object_component>
      <object_component id="oc-431">
         <name>.debug_info</name>
         <load_address>0xbcee</load_address>
         <run_address>0xbcee</run_address>
         <size>0x553</size>
         <input_file_ref idref="fl-37"/>
      </object_component>
      <object_component id="oc-3db">
         <name>.debug_info</name>
         <load_address>0xc241</load_address>
         <run_address>0xc241</run_address>
         <size>0x19e</size>
         <input_file_ref idref="fl-37"/>
      </object_component>
      <object_component id="oc-3cf">
         <name>.debug_info</name>
         <load_address>0xc3df</load_address>
         <run_address>0xc3df</run_address>
         <size>0x18b</size>
         <input_file_ref idref="fl-37"/>
      </object_component>
      <object_component id="oc-42c">
         <name>.debug_info</name>
         <load_address>0xc56a</load_address>
         <run_address>0xc56a</run_address>
         <size>0x39</size>
         <input_file_ref idref="fl-37"/>
      </object_component>
      <object_component id="oc-47d">
         <name>.debug_info</name>
         <load_address>0xc5a3</load_address>
         <run_address>0xc5a3</run_address>
         <size>0x2c</size>
         <input_file_ref idref="fl-37"/>
      </object_component>
      <object_component id="oc-da">
         <name>.debug_info</name>
         <load_address>0xc5cf</load_address>
         <run_address>0xc5cf</run_address>
         <size>0x563</size>
         <input_file_ref idref="fl-38"/>
      </object_component>
      <object_component id="oc-74">
         <name>.debug_info</name>
         <load_address>0xcb32</load_address>
         <run_address>0xcb32</run_address>
         <size>0x226</size>
         <input_file_ref idref="fl-38"/>
      </object_component>
      <object_component id="oc-15c">
         <name>.debug_info</name>
         <load_address>0xcd58</load_address>
         <run_address>0xcd58</run_address>
         <size>0x7c3</size>
         <input_file_ref idref="fl-39"/>
      </object_component>
      <object_component id="oc-9c">
         <name>.debug_info</name>
         <load_address>0xd51b</load_address>
         <run_address>0xd51b</run_address>
         <size>0x1af</size>
         <input_file_ref idref="fl-39"/>
      </object_component>
      <object_component id="oc-220">
         <name>.debug_info</name>
         <load_address>0xd6ca</load_address>
         <run_address>0xd6ca</run_address>
         <size>0x39</size>
         <input_file_ref idref="fl-39"/>
      </object_component>
      <object_component id="oc-22c">
         <name>.debug_info</name>
         <load_address>0xd703</load_address>
         <run_address>0xd703</run_address>
         <size>0x39</size>
         <input_file_ref idref="fl-39"/>
      </object_component>
      <object_component id="oc-167">
         <name>.debug_info</name>
         <load_address>0xd73c</load_address>
         <run_address>0xd73c</run_address>
         <size>0x39</size>
         <input_file_ref idref="fl-39"/>
      </object_component>
      <object_component id="oc-225">
         <name>.debug_info</name>
         <load_address>0xd775</load_address>
         <run_address>0xd775</run_address>
         <size>0xcd</size>
         <input_file_ref idref="fl-39"/>
      </object_component>
      <object_component id="oc-5c">
         <name>.debug_info</name>
         <load_address>0xd842</load_address>
         <run_address>0xd842</run_address>
         <size>0x148</size>
         <input_file_ref idref="fl-3a"/>
      </object_component>
      <object_component id="oc-150">
         <name>.debug_info</name>
         <load_address>0xd98a</load_address>
         <run_address>0xd98a</run_address>
         <size>0x145</size>
         <input_file_ref idref="fl-3b"/>
      </object_component>
      <object_component id="oc-33">
         <name>.debug_info</name>
         <load_address>0xdacf</load_address>
         <run_address>0xdacf</run_address>
         <size>0x56c</size>
         <input_file_ref idref="fl-3e"/>
      </object_component>
      <object_component id="oc-10">
         <name>.debug_info</name>
         <load_address>0xe03b</load_address>
         <run_address>0xe03b</run_address>
         <size>0x1cc</size>
         <input_file_ref idref="fl-3e"/>
      </object_component>
      <object_component id="oc-2e">
         <name>.debug_info</name>
         <load_address>0xe207</load_address>
         <run_address>0xe207</run_address>
         <size>0x46</size>
         <input_file_ref idref="fl-3e"/>
      </object_component>
      <object_component id="oc-67">
         <name>.debug_info</name>
         <load_address>0xe24d</load_address>
         <run_address>0xe24d</run_address>
         <size>0x2c</size>
         <input_file_ref idref="fl-3e"/>
      </object_component>
      <object_component id="oc-7a">
         <name>.debug_info</name>
         <load_address>0xe279</load_address>
         <run_address>0xe279</run_address>
         <size>0x59d</size>
         <input_file_ref idref="fl-3f"/>
      </object_component>
      <object_component id="oc-37">
         <name>.debug_info</name>
         <load_address>0xe816</load_address>
         <run_address>0xe816</run_address>
         <size>0x254</size>
         <input_file_ref idref="fl-3f"/>
      </object_component>
      <object_component id="oc-17">
         <name>.debug_info</name>
         <load_address>0xea6a</load_address>
         <run_address>0xea6a</run_address>
         <size>0x1b1</size>
         <input_file_ref idref="fl-3f"/>
      </object_component>
      <object_component id="oc-3b">
         <name>.debug_info</name>
         <load_address>0xec1b</load_address>
         <run_address>0xec1b</run_address>
         <size>0x46</size>
         <input_file_ref idref="fl-3f"/>
      </object_component>
      <object_component id="oc-e2">
         <name>.debug_info</name>
         <load_address>0xec61</load_address>
         <run_address>0xec61</run_address>
         <size>0x39</size>
         <input_file_ref idref="fl-3f"/>
      </object_component>
      <object_component id="oc-7b">
         <name>.debug_info</name>
         <load_address>0xec9a</load_address>
         <run_address>0xec9a</run_address>
         <size>0x2c</size>
         <input_file_ref idref="fl-3f"/>
      </object_component>
      <object_component id="oc-3fb">
         <name>.debug_info</name>
         <load_address>0xecc6</load_address>
         <run_address>0xecc6</run_address>
         <size>0x58a</size>
         <input_file_ref idref="fl-40"/>
      </object_component>
      <object_component id="oc-388">
         <name>.debug_info</name>
         <load_address>0xf250</load_address>
         <run_address>0xf250</run_address>
         <size>0x1e6</size>
         <input_file_ref idref="fl-40"/>
      </object_component>
      <object_component id="oc-264">
         <name>.debug_info</name>
         <load_address>0xf436</load_address>
         <run_address>0xf436</run_address>
         <size>0x146</size>
         <input_file_ref idref="fl-41"/>
      </object_component>
      <object_component id="oc-3eb">
         <name>.debug_info</name>
         <load_address>0xf57c</load_address>
         <run_address>0xf57c</run_address>
         <size>0x7f</size>
         <input_file_ref idref="fl-41"/>
      </object_component>
      <object_component id="oc-489">
         <name>.debug_info</name>
         <load_address>0xf5fb</load_address>
         <run_address>0xf5fb</run_address>
         <size>0x53</size>
         <input_file_ref idref="fl-41"/>
      </object_component>
      <object_component id="oc-443">
         <name>.debug_info</name>
         <load_address>0xf64e</load_address>
         <run_address>0xf64e</run_address>
         <size>0x2c</size>
         <input_file_ref idref="fl-41"/>
      </object_component>
      <object_component id="oc-43e">
         <name>.debug_info</name>
         <load_address>0xf67a</load_address>
         <run_address>0xf67a</run_address>
         <size>0x39</size>
         <input_file_ref idref="fl-41"/>
      </object_component>
      <object_component id="oc-3fd">
         <name>.debug_info</name>
         <load_address>0xf6b3</load_address>
         <run_address>0xf6b3</run_address>
         <size>0x58a</size>
         <input_file_ref idref="fl-42"/>
      </object_component>
      <object_component id="oc-391">
         <name>.debug_info</name>
         <load_address>0xfc3d</load_address>
         <run_address>0xfc3d</run_address>
         <size>0x1c9</size>
         <input_file_ref idref="fl-42"/>
      </object_component>
      <object_component id="oc-26a">
         <name>.debug_info</name>
         <load_address>0xfe06</load_address>
         <run_address>0xfe06</run_address>
         <size>0x140</size>
         <input_file_ref idref="fl-43"/>
      </object_component>
      <object_component id="oc-367">
         <name>.debug_info</name>
         <load_address>0xff46</load_address>
         <run_address>0xff46</run_address>
         <size>0x241</size>
         <input_file_ref idref="fl-44"/>
      </object_component>
      <object_component id="oc-448">
         <name>.debug_info</name>
         <load_address>0x10187</load_address>
         <run_address>0x10187</run_address>
         <size>0x60</size>
         <input_file_ref idref="fl-44"/>
      </object_component>
      <object_component id="oc-3f0">
         <name>.debug_info</name>
         <load_address>0x101e7</load_address>
         <run_address>0x101e7</run_address>
         <size>0x46</size>
         <input_file_ref idref="fl-44"/>
      </object_component>
      <object_component id="oc-3e5">
         <name>.debug_info</name>
         <load_address>0x1022d</load_address>
         <run_address>0x1022d</run_address>
         <size>0x167</size>
         <input_file_ref idref="fl-45"/>
      </object_component>
      <object_component id="oc-484">
         <name>.debug_info</name>
         <load_address>0x10394</load_address>
         <run_address>0x10394</run_address>
         <size>0x2c</size>
         <input_file_ref idref="fl-45"/>
      </object_component>
      <object_component id="oc-439">
         <name>.debug_info</name>
         <load_address>0x103c0</load_address>
         <run_address>0x103c0</run_address>
         <size>0x2c</size>
         <input_file_ref idref="fl-45"/>
      </object_component>
      <object_component id="oc-99">
         <name>.debug_info</name>
         <load_address>0x103ec</load_address>
         <run_address>0x103ec</run_address>
         <size>0x59b</size>
         <input_file_ref idref="fl-46"/>
      </object_component>
      <object_component id="oc-90">
         <name>.debug_info</name>
         <load_address>0x10987</load_address>
         <run_address>0x10987</run_address>
         <size>0x185</size>
         <input_file_ref idref="fl-46"/>
      </object_component>
      <object_component id="oc-94">
         <name>.debug_info</name>
         <load_address>0x10b0c</load_address>
         <run_address>0x10b0c</run_address>
         <size>0x117</size>
         <input_file_ref idref="fl-46"/>
      </object_component>
      <object_component id="oc-53">
         <name>.debug_info</name>
         <load_address>0x10c23</load_address>
         <run_address>0x10c23</run_address>
         <size>0x177</size>
         <input_file_ref idref="fl-46"/>
      </object_component>
      <object_component id="oc-65">
         <name>.debug_info</name>
         <load_address>0x10d9a</load_address>
         <run_address>0x10d9a</run_address>
         <size>0x60d</size>
         <input_file_ref idref="fl-47"/>
      </object_component>
      <object_component id="oc-26">
         <name>.debug_info</name>
         <load_address>0x113a7</load_address>
         <run_address>0x113a7</run_address>
         <size>0x101</size>
         <input_file_ref idref="fl-47"/>
      </object_component>
      <object_component id="oc-177">
         <name>.debug_info</name>
         <load_address>0x114a8</load_address>
         <run_address>0x114a8</run_address>
         <size>0x124</size>
         <input_file_ref idref="fl-47"/>
      </object_component>
      <object_component id="oc-17d">
         <name>.debug_info</name>
         <load_address>0x115cc</load_address>
         <run_address>0x115cc</run_address>
         <size>0x172</size>
         <input_file_ref idref="fl-47"/>
      </object_component>
      <object_component id="oc-183">
         <name>.debug_info</name>
         <load_address>0x1173e</load_address>
         <run_address>0x1173e</run_address>
         <size>0x171</size>
         <input_file_ref idref="fl-47"/>
      </object_component>
[...]
         <value>0x400</value>
      </symbol>
      <symbol id="sm-a">
         <name>__c_args__</name>
         <value>0xffffffff</value>
      </symbol>
      <symbol id="sm-b">
         <name>__TI_pprof_out_hndl</name>
         <value>0xffffffff</value>
      </symbol>
      <symbol id="sm-c">
         <name>__TI_prof_data_start</name>
         <value>0xffffffff</value>
      </symbol>
      <symbol id="sm-d">
         <name>__TI_prof_data_size</name>
         <value>0xffffffff</value>
      </symbol>
      <symbol id="sm-db">
         <name>coreNum</name>
         <value>0x8082ec</value>
      </symbol>
      <symbol id="sm-dc">
         <name>cnt1</name>
         <value>0x8082e4</value>
      </symbol>
      <symbol id="sm-dd">
         <name>cnt2</name>
         <value>0x8082e8</value>
      </symbol>
      <symbol id="sm-de">
         <name>Osal_platformSpiCsExit</name>
         <value>0x802248</value>
         <object_component_ref idref="oc-87"/>
      </symbol>
      <symbol id="sm-df">
         <name>Osal_platformSpiCsEnter</name>
         <value>0x802240</value>
         <object_component_ref idref="oc-87"/>
      </symbol>
      <symbol id="sm-e0">
         <name>waitReplyCore0</name>
         <value>0x802364</value>
         <object_component_ref idref="oc-87"/>
      </symbol>
      <symbol id="sm-e1">
         <name>Osal_platformMalloc</name>
         <value>0x802208</value>
         <object_component_ref idref="oc-87"/>
      </symbol>
      <symbol id="sm-e2">
         <name>main</name>
         <value>0x802454</value>
         <object_component_ref idref="oc-87"/>
      </symbol>
      <symbol id="sm-e3">
         <name>Osal_platformFree</name>
         <value>0x802220</value>
         <object_component_ref idref="oc-87"/>
      </symbol>
      <symbol id="sm-e4">
         <name>handleCore1</name>
         <value>0x8023ac</value>
         <object_component_ref idref="oc-87"/>
      </symbol>
      <symbol id="sm-e5">
         <name>write_boot_magic_number</name>
         <value>0x8022a4</value>
         <object_component_ref idref="oc-87"/>
      </symbol>
      <symbol id="sm-e6">
         <name>write_uart</name>
         <value>0x802250</value>
         <object_component_ref idref="oc-87"/>
      </symbol>
      <symbol id="sm-e7">
         <name>short_delay</name>
         <value>0x8021cc</value>
         <object_component_ref idref="oc-87"/>
      </symbol>
      <symbol id="sm-e8">
         <name>sendFromCore0</name>
         <value>0x8022cc</value>
         <object_component_ref idref="oc-87"/>
      </symbol>
      <symbol id="sm-e9">
         <name>shared</name>
         <value>0x8082e0</value>
         <object_component_ref idref="oc-12a"/>
      </symbol>
      <symbol id="sm-111">
         <name>printf</name>
         <value>0x806520</value>
         <object_component_ref idref="oc-106"/>
      </symbol>
      <symbol id="sm-324">
         <name>__TI_printfi</name>
         <value>0x800000</value>
         <object_component_ref idref="oc-1a4"/>
      </symbol>
      <symbol id="sm-348">
         <name>snprintf</name>
         <value>0x8071a0</value>
         <object_component_ref idref="oc-100"/>
      </symbol>
      <symbol id="sm-366">
         <name>sprintf</name>
         <value>0x8074e0</value>
         <object_component_ref idref="oc-118"/>
      </symbol>
      <symbol id="sm-385">
         <name>putc</name>
         <value>0x804b80</value>
         <object_component_ref idref="oc-2b7"/>
      </symbol>
      <symbol id="sm-386">
         <name>fputc</name>
         <value>0x804b80</value>
         <object_component_ref idref="oc-2b7"/>
      </symbol>
      <symbol id="sm-3ba">
         <name>fputs</name>
         <value>0x803d80</value>
         <object_component_ref idref="oc-2be"/>
      </symbol>
      <symbol id="sm-3d0">
         <name>__TI_wrt_ok</name>
         <value>0x8061a0</value>
         <object_component_ref idref="oc-3b1"/>
      </symbol>
      <symbol id="sm-3ec">
         <name>setvbuf</name>
         <value>0x8050c0</value>
         <object_component_ref idref="oc-416"/>
      </symbol>
      <symbol id="sm-406">
         <name>wcslen</name>
         <value>0x807820</value>
         <object_component_ref idref="oc-28d"/>
      </symbol>
      <symbol id="sm-414">
         <name>__c6xabi_push_rts</name>
         <value>0x8078a0</value>
         <object_component_ref idref="oc-24c"/>
      </symbol>
      <symbol id="sm-415">
         <name>__pop_rts</name>
         <value>0x807880</value>
         <object_component_ref idref="oc-299"/>
      </symbol>
      <symbol id="sm-416">
         <name>__c6xabi_pop_rts</name>
         <value>0x807880</value>
         <object_component_ref idref="oc-299"/>
      </symbol>
      <symbol id="sm-417">
         <name>__push_rts</name>
         <value>0x8078a0</value>
         <object_component_ref idref="oc-24c"/>
      </symbol>
      <symbol id="sm-420">
         <name>__c6xabi_divu</name>
         <value>0x806900</value>
         <object_component_ref idref="oc-1ed"/>
      </symbol>
      <symbol id="sm-421">
         <name>__divu</name>
         <value>0x806900</value>
         <object_component_ref idref="oc-1ed"/>
      </symbol>
      <symbol id="sm-42a">
         <name>memcpy</name>
         <value>0x806e80</value>
         <object_component_ref idref="oc-28"/>
      </symbol>
      <symbol id="sm-440">
         <name>_c_int00</name>
         <value>0x8070a0</value>
         <object_component_ref idref="oc-1c"/>
      </symbol>
      <symbol id="sm-441">
         <name>_stack</name>
         <value>0x807a40</value>
         <object_component_ref idref="oc-22"/>
      </symbol>
      <symbol id="sm-452">
         <name>__c6xabi_divul</name>
         <value>0x804800</value>
         <object_component_ref idref="oc-35c"/>
      </symbol>
      <symbol id="sm-46f">
         <name>_subcull</name>
         <value>0x8073c0</value>
         <object_component_ref idref="oc-3d4"/>
      </symbol>
      <symbol id="sm-470">
         <name>__c6xabi_divull</name>
         <value>0x8045c0</value>
         <object_component_ref idref="oc-356"/>
      </symbol>
      <symbol id="sm-48f">
         <name>__c6xabi_llshru</name>
         <value>0x807360</value>
         <object_component_ref idref="oc-3da"/>
      </symbol>
      <symbol id="sm-490">
         <name>__c6xabi_llshl</name>
         <value>0x807020</value>
         <object_component_ref idref="oc-3ce"/>
      </symbol>
      <symbol id="sm-4a0">
         <name>memset</name>
         <value>0x806440</value>
         <object_component_ref idref="oc-73"/>
      </symbol>
      <symbol id="sm-4c5">
         <name>__TI_auto_init_nobinit_nopinit</name>
         <value>0x806780</value>
         <object_component_ref idref="oc-9b"/>
      </symbol>
      <symbol id="sm-4ce">
         <name>_system_pre_init</name>
         <value>0x807980</value>
         <object_component_ref idref="oc-58"/>
      </symbol>
      <symbol id="sm-4d7">
         <name>_system_post_cinit</name>
         <value>0x807960</value>
         <object_component_ref idref="oc-14f"/>
      </symbol>
      <symbol id="sm-4f0">
         <name>__TI_decompress_none</name>
         <value>0x8079c0</value>
         <object_component_ref idref="oc-f"/>
      </symbol>
      <symbol id="sm-51b">
         <name>__TI_decompress_rle24</name>
         <value>0x8079e0</value>
         <object_component_ref idref="oc-15"/>
      </symbol>
      <symbol id="sm-52f">
         <name>frexpl</name>
         <value>0x805420</value>
         <object_component_ref idref="oc-387"/>
      </symbol>
      <symbol id="sm-530">
         <name>frexp</name>
         <value>0x805420</value>
         <object_component_ref idref="oc-387"/>
      </symbol>
      <symbol id="sm-54d">
         <name>__c6xabi_isinf</name>
         <value>0x8075e0</value>
         <object_component_ref idref="oc-263"/>
      </symbol>
      <symbol id="sm-561">
         <name>scalbn</name>
         <value>0x804d40</value>
         <object_component_ref idref="oc-38d"/>
      </symbol>
      <symbol id="sm-562">
         <name>scalbnl</name>
         <value>0x804d40</value>
         <object_component_ref idref="oc-38d"/>
      </symbol>
      <symbol id="sm-563">
         <name>ldexpl</name>
         <value>0x804d40</value>
         <object_component_ref idref="oc-38d"/>
      </symbol>
      <symbol id="sm-564">
         <name>ldexp</name>
         <value>0x804d40</value>
         <object_component_ref idref="oc-38d"/>
      </symbol>
      <symbol id="sm-56d">
         <name>_signbit</name>
         <value>0x807940</value>
         <object_component_ref idref="oc-269"/>
      </symbol>
      <symbol id="sm-58c">
         <name>__c6xabi_divd</name>
         <value>0x802ca0</value>
         <object_component_ref idref="oc-366"/>
      </symbol>
      <symbol id="sm-59f">
         <name>__TI_frcmpyd_div</name>
         <value>0x8072a0</value>
         <object_component_ref idref="oc-3e4"/>
      </symbol>
      <symbol id="sm-5c0">
         <name>C$$EXIT</name>
         <value>0x8079a0</value>
         <object_component_ref idref="oc-92"/>
      </symbol>
      <symbol id="sm-5c1">
         <name>abort</name>
         <value>0x8079a0</value>
         <object_component_ref idref="oc-92"/>
      </symbol>
      <symbol id="sm-5c2">
         <name>exit</name>
         <value>0x806360</value>
         <object_component_ref idref="oc-52"/>
      </symbol>
      <symbol id="sm-5c3">
         <name>__TI_dtors_ptr</name>
         <value>0x8089ec</value>
         <object_component_ref idref="oc-8f"/>
      </symbol>
      <symbol id="sm-5c4">
         <name>__TI_cleanup_ptr</name>
         <value>0x8089e8</value>
         <object_component_ref idref="oc-8f"/>
      </symbol>
      <symbol id="sm-5c5">
         <name>__TI_enable_exit_profile_output</name>
         <value>0x8089f0</value>
         <object_component_ref idref="oc-8f"/>
      </symbol>
      <symbol id="sm-630">
         <name>_sys_memory</name>
         <value>0x8082f0</value>
         <object_component_ref idref="oc-25"/>
      </symbol>
      <symbol id="sm-631">
         <name>free</name>
         <value>0x8036e0</value>
         <object_component_ref idref="oc-ee"/>
      </symbol>
      <symbol id="sm-632">
         <name>malloc</name>
         <value>0x804f00</value>
         <object_component_ref idref="oc-e8"/>
      </symbol>
      <symbol id="sm-648">
         <name>_nop</name>
         <value>0x8078c0</value>
         <object_component_ref idref="oc-231"/>
      </symbol>
      <symbol id="sm-649">
         <name>_lock</name>
         <value>0x8089fc</value>
         <object_component_ref idref="oc-173"/>
      </symbol>
      <symbol id="sm-64a">
         <name>_unlock</name>
         <value>0x808a00</value>
         <object_component_ref idref="oc-179"/>
      </symbol>
      <symbol id="sm-65a">
         <name>__TI_ltoa</name>
         <value>0x8060c0</value>
         <object_component_ref idref="oc-36c"/>
      </symbol>
      <symbol id="sm-66c">
         <name>_args_main</name>
         <value>0x807660</value>
         <object_component_ref idref="oc-4c"/>
      </symbol>
      <symbol id="sm-680">
         <name>atoi</name>
         <value>0x805c20</value>
         <object_component_ref idref="oc-251"/>
      </symbol>
      <symbol id="sm-68a">
         <name>_ctypes_</name>
         <value>0x807fe0</value>
         <object_component_ref idref="oc-351"/>
      </symbol>
      <symbol id="sm-69a">
         <name>__TI_tmpnams</name>
         <value>0x808a10</value>
      </symbol>
      <symbol id="sm-69b">
         <name>_ftable</name>
         <value>0x8086f0</value>
         <object_component_ref idref="oc-1b6"/>
      </symbol>
      <symbol id="sm-69c">
         <name>__TI_ft_end</name>
         <value>0x808a04</value>
         <object_component_ref idref="oc-492"/>
      </symbol>
      <symbol id="sm-6ad">
         <name>memccpy</name>
         <value>0x807480</value>
         <object_component_ref idref="oc-287"/>
      </symbol>
      <symbol id="sm-6bc">
         <name>strlen</name>
         <value>0x8077e0</value>
         <object_component_ref idref="oc-f4"/>
      </symbol>
      <symbol id="sm-6df">
         <name>_stream</name>
         <value>0x8088d0</value>
         <object_component_ref idref="oc-420"/>
      </symbol>
      <symbol id="sm-6e0">
         <name>_device</name>
         <value>0x808970</value>
         <object_component_ref idref="oc-46c"/>
      </symbol>
      <symbol id="sm-6e1">
         <name>write</name>
         <value>0x807540</value>
         <object_component_ref idref="oc-3bd"/>
      </symbol>
      <symbol id="sm-6fa">
         <name>__TI_tls_init</name>
         <value>0x806b40</value>
         <object_component_ref idref="oc-155"/>
      </symbol>
      <symbol id="sm-70b">
         <name>__errno</name>
         <value>0x808a08</value>
         <object_component_ref idref="oc-39d"/>
      </symbol>
      <symbol id="sm-70c">
         <name>errno</name>
         <value>0x808a08</value>
         <object_component_ref idref="oc-39d"/>
      </symbol>
      <symbol id="sm-70d">
         <name>__c6xabi_errno_addr</name>
         <value>0x807860</value>
         <object_component_ref idref="oc-293"/>
      </symbol>
      <symbol id="sm-71d">
         <name>__TI_doflush</name>
         <value>0x806840</value>
         <object_component_ref idref="oc-3b7"/>
      </symbol>
      <symbol id="sm-72b">
         <name>__TI_cleanup</name>
         <value>0x806ca0</value>
         <object_component_ref idref="oc-45b"/>
      </symbol>
      <symbol id="sm-743">
         <name>fseek</name>
         <value>0x805d20</value>
         <object_component_ref idref="oc-410"/>
      </symbol>
      <symbol id="sm-753">
         <name>lseek</name>
         <value>0x807420</value>
         <object_component_ref idref="oc-453"/>
      </symbol>
      <symbol id="sm-764">
         <name>HOSTclose</name>
         <value>0x806c00</value>
         <object_component_ref idref="oc-4a4"/>
      </symbol>
      <symbol id="sm-774">
         <name>HOSTlseek</name>
         <value>0x805e20</value>
         <object_component_ref idref="oc-4b6"/>
      </symbol>
      <symbol id="sm-788">
         <name>parmbuf</name>
         <value>0x808b50</value>
      </symbol>
      <symbol id="sm-789">
         <name>HOSTopen</name>
         <value>0x805f00</value>
         <object_component_ref idref="oc-49e"/>
      </symbol>
      <symbol id="sm-799">
         <name>HOSTread</name>
         <value>0x806600</value>
         <object_component_ref idref="oc-4aa"/>
      </symbol>
      <symbol id="sm-7b7">
         <name>HOSTrename</name>
         <value>0x805280</value>
         <object_component_ref idref="oc-4c2"/>
      </symbol>
      <symbol id="sm-7ca">
         <name>HOSTunlink</name>
         <value>0x8066c0</value>
         <object_component_ref idref="oc-4bc"/>
      </symbol>
      <symbol id="sm-7da">
         <name>HOSTwrite</name>
         <value>0x805fe0</value>
         <object_component_ref idref="oc-4b0"/>
      </symbol>
      <symbol id="sm-800">
         <name>__TI_readmsg</name>
         <value>0x806fa0</value>
         <object_component_ref idref="oc-4e6"/>
      </symbol>
      <symbol id="sm-801">
         <name>C$$IO$$</name>
         <value>0x807358</value>
         <object_component_ref idref="oc-4e0"/>
      </symbol>
      <symbol id="sm-802">
         <name>__CIOBUF_</name>
         <value>0x808108</value>
         <object_component_ref idref="oc-507"/>
      </symbol>
      <symbol id="sm-803">
         <name>__TI_writemsg</name>
         <value>0x807300</value>
         <object_component_ref idref="oc-4e0"/>
      </symbol>
      <symbol id="sm-81c">
         <name>__TI_closefile</name>
         <value>0x805920</value>
         <object_component_ref idref="oc-495"/>
      </symbol>
      <symbol id="sm-846">
         <name>finddevice</name>
         <value>0x806de0</value>
         <object_component_ref idref="oc-51b"/>
      </symbol>
      <symbol id="sm-847">
         <name>getdevice</name>
         <value>0x805800</value>
         <object_component_ref idref="oc-4fb"/>
      </symbol>
      <symbol id="sm-859">
         <name>close</name>
         <value>0x806280</value>
         <object_component_ref idref="oc-4ce"/>
      </symbol>
      <symbol id="sm-86a">
         <name>unlink</name>
         <value>0x807220</value>
         <object_component_ref idref="oc-4d4"/>
      </symbol>
      <symbol id="sm-8a7">
         <name>CSL_chipReadReg</name>
         <value>0x8055c0</value>
         <object_component_ref idref="oc-10c"/>
      </symbol>
      <symbol id="sm-934">
         <name>platform_delay</name>
         <value>0x807720</value>
         <object_component_ref idref="oc-112"/>
      </symbol>
      <symbol id="sm-935">
         <name>platform_uart_write</name>
         <value>0x807a20</value>
         <object_component_ref idref="oc-fa"/>
      </symbol>
      <symbol id="sm-936">
         <name>platform_uart_init</name>
         <value>0x807a00</value>
         <object_component_ref idref="oc-11e"/>
      </symbol>
      <symbol id="sm-937">
         <name>gDeviceEeprom1</name>
         <value>0x808c1c</value>
         <object_component_ref idref="oc-1d3"/>
      </symbol>
      <symbol id="sm-938">
         <name>gDeviceEeprom0</name>
         <value>0x808be4</value>
         <object_component_ref idref="oc-1d3"/>
      </symbol>
      <symbol id="sm-939">
         <name>platform_delaycycles</name>
         <value>0x807760</value>
         <object_component_ref idref="oc-242"/>
      </symbol>
      <symbol id="sm-93a">
         <name>platform_uart_set_baudrate</name>
         <value>0x8077a0</value>
         <object_component_ref idref="oc-124"/>
      </symbol>
      <symbol id="sm-93b">
         <name>gDeviceNand</name>
         <value>0x808b74</value>
         <object_component_ref idref="oc-1d3"/>
      </symbol>
      <symbol id="sm-93c">
         <name>emac_port_mode</name>
         <value>0x808c58</value>
         <object_component_ref idref="oc-1d3"/>
      </symbol>
      <symbol id="sm-93d">
         <name>gDeviceNor</name>
         <value>0x808bac</value>
         <object_component_ref idref="oc-1d3"/>
      </symbol>
      <symbol id="sm-962">
         <name>UartWriteData</name>
         <value>0x806f20</value>
         <object_component_ref idref="oc-18c"/>
      </symbol>
      <symbol id="sm-963">
         <name>UartSetBaudRate</name>
         <value>0x8075a0</value>
         <object_component_ref idref="oc-1f2"/>
      </symbol>
      <symbol id="sm-964">
         <name>UartInit</name>
         <value>0x803aa0</value>
         <object_component_ref idref="oc-1e6"/>
      </symbol>
      <symbol id="sm-967">
         <name>__TI_STATIC_BASE</name>
         <value>0x8082e0</value>
      </symbol>
      <symbol id="sm-969">
         <name>__TI_TLS_INIT_Base</name>
         <value>0x0</value>
      </symbol>
      <symbol id="sm-96a">
         <name>__TI_TLS_INIT_Limit</name>
         <value>0x0</value>
      </symbol>
      <symbol id="sm-96b">
         <name>remove</name>
         <value>0x807220</value>
      </symbol>
   </symbol_table>
   <title>Link successful</title>
</link_info>
