******************************************************************************
               TMS320C6x Linker PC v8.3.5                      
******************************************************************************
>> Linked Fri Jul  4 13:13:10 2025

OUTPUT FILE NAME:   <LSAM_TDD_DSP_Writter_Program_V1_00.out>
ENTRY POINT SYMBOL: "_c_int00"  address: 0c0279e0


MEMORY CONFIGURATION

         name            origin    length      used     unused   attr    fill
----------------------  --------  ---------  --------  --------  ----  --------
  SHRAM                 0c000000   00400000  00028fa4  003d705c  RWIX
  CORE0_L2_SRAM         10800000   00080000  00000000  00080000  RWIX
  CORE0_L1P_SRAM        10e00000   00008000  00000000  00008000  RWIX
  CORE0_L1D_SRAM        10f00000   00008000  00000000  00008000  RWIX
  CORE1_L2_SRAM         11800000   00080000  00000000  00080000  RWIX
  CORE1_L1P_SRAM        11e00000   00008000  00000000  00008000  RWIX
  CORE1_L1D_SRAM        11f00000   00008000  00000000  00008000  RWIX
  EMIF16_CS2            70000000   04000000  00000000  04000000  RWIX
  CORE0_DDR3            80000000   10000000  00000000  10000000  RWIX


SEGMENT ALLOCATION MAP

run origin  load origin   length   init length attrs members
----------  ----------- ---------- ----------- ----- -------
0c000000    0c000000    00020330   00020330    r--
  0c000000    0c000000    00020330   00020330    r-- .const
0c020340    0c020340    00007e20   00007e20    r-x
  0c020340    0c020340    00007e20   00007e20    r-x .text
0c028160    0c028160    00000d88   00000000    rw-
  0c028160    0c028160    00000400   00000000    rw- .stack
  0c028560    0c028560    00000400   00000000    rw- .sysmem
  0c028960    0c028960    0000031c   00000000    rw- .fardata
  0c028c80    0c028c80    00000148   00000000    rw- .far
  0c028dc8    0c028dc8    00000120   00000000    rw- .cio
0c028ee8    0c028ee8    000000d0   000000d0    r--
  0c028ee8    0c028ee8    00000038   00000038    r-- .switch
  0c028f20    0c028f20    00000098   00000098    r-- .cinit


SECTION ALLOCATION MAP

 output                                  attributes/
section   page    origin      length       input sections
--------  ----  ----------  ----------   ----------------
.const     0    0c000000    00020330     
                  0c000000    00020000     LSAM_TDD_Operation_Function_SourceFile.obj (.const:data_array)
                  0c020000    000001c8     LSAM_TDD_Operation_Function_SourceFile.obj (.const:.string)
                  0c0201c8    00000101     rts6600_elf.lib : ctype.c.obj (.const:.string:_ctypes_)
                  0c0202c9    00000003     --HOLE-- [fill = 0]
                  0c0202cc    00000040     main.obj (.const:.string)
                  0c02030c    00000024     rts6600_elf.lib : _printfi.c.obj (.const:.string)

.text      0    0c020340    00007e20     
                  0c020340    00001fe0     rts6600_elf.lib : _printfi.c.obj (.text:__TI_printfi)
                  0c022320    00000680     LSAM_TDD_Operation_Function_SourceFile.obj (.text)
                  0c0229a0    00000640     rts6600_elf.lib : _printfi.c.obj (.text:_pconv_a)
                  0c022fe0    00000600                     : divd.c.obj (.text:__c6xabi_divd)
                  0c0235e0    000005a0     C6672_PLL_SourceFile.obj (.text)
                  0c023b80    00000440     rts6600_elf.lib : _printfi.c.obj (.text:_pconv_g)
                  0c023fc0    000003c0                     : memory.c.obj (.text:free)
                  0c024380    000003a0     S29GL256P_NOR_Flash_SourceFile.obj (.text)
                  0c024720    000002e0     rts6600_elf.lib : fputs.c.obj (.text:fputs)
                  0c024a00    000002c0                     : _printfi.c.obj (.text:fcvt)
                  0c024cc0    000002a0                     : _printfi.c.obj (.text:_pconv_e)
                  0c024f60    00000240                     : imath64.c.obj (.text:__c6xabi_divull)
                  0c0251a0    000001c0                     : imath40.c.obj (.text:__c6xabi_divul)
                  0c025360    000001c0                     : _printfi.c.obj (.text:_ltostr)
                  0c025520    000001c0                     : fputc.c.obj (.text:fputc)
                  0c0256e0    000001c0                     : ldexp.c.obj (.text:ldexp)
                  0c0258a0    000001c0                     : memory.c.obj (.text:malloc)
                  0c025a60    000001c0                     : setvbuf.c.obj (.text:setvbuf)
                  0c025c20    000001a0                     : hostrename.c.obj (.text:HOSTrename)
                  0c025dc0    000001a0                     : frexp.c.obj (.text:frexp)
                  0c025f60    00000120                     : _printfi.c.obj (.text:_pconv_f)
                  0c026080    00000120                     : getdevice.c.obj (.text:getdevice)
                  0c0261a0    00000100                     : fclose.c.obj (.text:__TI_closefile)
                  0c0262a0    00000100                     : copy_decompress_rle.c.obj (.text:__TI_decompress_rle_core)
                  0c0263a0    00000100                     : _printfi.c.obj (.text:_mcpy)
                  0c0264a0    00000100                     : atoi.c.obj (.text:atoi)
                  0c0265a0    00000100                     : fseek.c.obj (.text:fseek)
                  0c0266a0    000000e0                     : hostlseek.c.obj (.text:HOSTlseek)
                  0c026780    000000e0                     : hostopen.c.obj (.text:HOSTopen)
                  0c026860    000000e0                     : hostwrite.c.obj (.text:HOSTwrite)
                  0c026940    000000e0                     : _ltoa.c.obj (.text:__TI_ltoa)
                  0c026a20    000000e0                     : _io_perm.c.obj (.text:__TI_wrt_ok)
                  0c026b00    000000e0                     : close.c.obj (.text:close)
                  0c026be0    000000e0                     : exit.c.obj (.text:exit)
                  0c026cc0    000000e0                     : memset.c.obj (.text:memset)
                  0c026da0    000000e0                     : printf.c.obj (.text:printf)
                  0c026e80    000000c0                     : hostread.c.obj (.text:HOSTread)
                  0c026f40    000000c0                     : hostunlink.c.obj (.text:HOSTunlink)
                  0c027000    000000c0                     : autoinit.c.obj (.text:__TI_auto_init_nobinit_nopinit:__TI_auto_init_nobinit_nopinit)
                  0c0270c0    000000c0                     : fflush.c.obj (.text:__TI_doflush)
                  0c027180    000000c0                     : divu.asm.obj (.text:__divu)
                  0c027240    000000c0                     : memory.c.obj (.text:minsert)
                  0c027300    000000c0                     : memory.c.obj (.text:mremove)
                  0c0273c0    000000c0                     : tls.c.obj (.text:tls:init:__TI_tls_init)
                  0c027480    000000a0     C6672_EMIF16_SourceFile.obj (.text)
                  0c027520    000000a0     rts6600_elf.lib : hostclose.c.obj (.text:HOSTclose)
                  0c0275c0    000000a0                     : fopen.c.obj (.text:__TI_cleanup)
                  0c027660    000000a0                     : remu.asm.obj (.text:__remu)
                  0c027700    000000a0                     : _printfi.c.obj (.text:_ecpy)
                  0c0277a0    000000a0                     : getdevice.c.obj (.text:finddevice)
                  0c027840    000000a0                     : memcpy64.asm.obj (.text:memcpy)
                  0c0278e0    00000080                     : trgmsg.c.obj (.text:__TI_readmsg)
                  0c027960    00000080                     : llshift.c.obj (.text:__c6xabi_llshl)
                  0c0279e0    00000080                     : boot.c.obj (.text:_c_int00)
                  0c027a60    00000080     main.obj (.text)
                  0c027ae0    00000080     rts6600_elf.lib : unlink.c.obj (.text:unlink)
                  0c027b60    00000060                     : frcmpyd_div.c.obj (.text:__TI_frcmpyd_div)
                  0c027bc0    00000060                     : trgmsg.c.obj (.text:__TI_writemsg)
                  0c027c20    00000060                     : llshift.c.obj (.text:__c6xabi_llshru)
                  0c027c80    00000060                     : imath64.c.obj (.text:_subcull)
                  0c027ce0    00000060                     : lseek.c.obj (.text:lseek)
                  0c027d40    00000060                     : memccpy.c.obj (.text:memccpy)
                  0c027da0    00000060                     : write.c.obj (.text:write)
                  0c027e00    00000040     S29GL256P_NOR_Flash_SourceFile.obj (.text:Hold_On)
                  0c027e40    00000040     LSAM_TDD_DSP_Initialization_SourceFile.obj (.text)
                  0c027e80    00000040     User_Define_SourceFile.obj (.text:Waiting_Function)
                  0c027ec0    00000040     rts6600_elf.lib : isinf.c.obj (.text:__c6xabi_isinf)
                  0c027f00    00000040                     : _printfi.c.obj (.text:__c6xabi_isnan)
                  0c027f40    00000040                     : args_main.c.obj (.text:_args_main)
                  0c027f80    00000040                     : wcslen.c.obj (.text:wcslen)
                  0c027fc0    00000020     S29GL256P_NOR_Flash_SourceFile.obj (.text:S29GL256P_NOR_Flash_Reset)
                  0c027fe0    00000020     rts6600_elf.lib : errno.c.obj (.text:__c6xabi_errno_addr)
                  0c028000    00000020                     : push.asm.obj (.text:__pop_rts)
                  0c028020    00000020                     : push.asm.obj (.text:__push_rts)
                  0c028040    00000020                     : _lock.c.obj (.text:_nop)
                  0c028060    00000020                     : printf.c.obj (.text:_outc)
                  0c028080    00000020                     : printf.c.obj (.text:_outs)
                  0c0280a0    00000020                     : signbit.c.obj (.text:_signbit)
                  0c0280c0    00000020                     : startup.c.obj (.text:_system_post_cinit)
                  0c0280e0    00000020                     : pre_init.c.obj (.text:_system_pre_init)
                  0c028100    00000020                     : exit.c.obj (.text:abort)
                  0c028120    00000020                     : copy_decompress_none.c.obj (.text:decompress:none:__TI_decompress_none)
                  0c028140    00000020                     : copy_decompress_rle.c.obj (.text:decompress:rle24:__TI_decompress_rle24)

.stack     0    0c028160    00000400     UNINITIALIZED
                  0c028160    00000008     rts6600_elf.lib : boot.c.obj (.stack)
                  0c028168    000003f8     --HOLE--

.sysmem    0    0c028560    00000400     UNINITIALIZED
                  0c028560    00000008     rts6600_elf.lib : memory.c.obj (.sysmem)
                  0c028568    000003f8     --HOLE--

.far       0    0c028c80    00000148     UNINITIALIZED
                  0c028c80    00000140     (.common:__TI_tmpnams)
                  0c028dc0    00000008     (.common:parmbuf)

.cio       0    0c028dc8    00000120     UNINITIALIZED
                  0c028dc8    00000120     rts6600_elf.lib : trgmsg.c.obj (.cio)

.switch    0    0c028ee8    00000038     
                  0c028ee8    00000038     rts6600_elf.lib : _printfi.c.obj (.switch:__TI_printfi)

.cinit     0    0c028f20    00000098     
                  0c028f20    0000006f     (.cinit..fardata.load) [load image, compression = rle]
                  0c028f8f    0000000b     (.cinit..far.load) [load image, compression = rle]
                  0c028f9a    00000002     --HOLE-- [fill = 0]
                  0c028f9c    00000008     (__TI_handler_table)
                  0c028fa4    00000004     --HOLE-- [fill = 0]
                  0c028fa8    00000010     (__TI_cinit_table)

.init_array 
*          0    0c000000    00000000     UNINITIALIZED

.fardata   0    0c028960    0000031c     UNINITIALIZED
                  0c028960    000001e0     rts6600_elf.lib : defs.c.obj (.fardata:_ftable)
                  0c028b40    000000a0                     : write.c.obj (.fardata:_stream)
                  0c028be0    00000078                     : write.c.obj (.fardata:_device)
                  0c028c58    0000000c                     : exit.c.obj (.fardata)
                  0c028c64    00000008                     : memory.c.obj (.fardata)
                  0c028c6c    00000004                     : _lock.c.obj (.fardata:_lock)
                  0c028c70    00000004                     : _lock.c.obj (.fardata:_unlock)
                  0c028c74    00000004                     : defs.c.obj (.fardata)
                  0c028c78    00000004                     : errno.c.obj (.fardata)

MODULE SUMMARY

       Module                                       code    ro data   rw data
       ------                                       ----    -------   -------
    .\
       main.obj                                     128     64        0      
    +--+--------------------------------------------+-------+---------+---------+
       Total:                                       128     64        0      
                                                                             
    .\User_Define_SourceFiles\
       LSAM_TDD_Operation_Function_SourceFile.obj   1664    131528    0      
       C6672_PLL_SourceFile.obj                     1440    0         0      
       S29GL256P_NOR_Flash_SourceFile.obj           1024    0         0      
       C6672_EMIF16_SourceFile.obj                  160     0         0      
       LSAM_TDD_DSP_Initialization_SourceFile.obj   64      0         0      
       User_Define_SourceFile.obj                   64      0         0      
    +--+--------------------------------------------+-------+---------+---------+
       Total:                                       4416    131528    0      
                                                                             
    C:\ti\ccs930\ccs\tools\compiler\ti-cgt-c6000_8.3.5\lib\rts6600_elf.lib
       _printfi.c.obj                               13440   92        0      
       memory.c.obj                                 1792    0         8      
       divd.c.obj                                   1536    0         0      
       defs.c.obj                                   0       0         804    
       fputs.c.obj                                  736     0         0      
       imath64.c.obj                                672     0         0      
       trgmsg.c.obj                                 224     0         288    
       fputc.c.obj                                  448     0         0      
       getdevice.c.obj                              448     0         0      
       imath40.c.obj                                448     0         0      
       ldexp.c.obj                                  448     0         0      
       setvbuf.c.obj                                448     0         0      
       frexp.c.obj                                  416     0         0      
       hostrename.c.obj                             416     0         0      
       write.c.obj                                  96      0         280    
       copy_decompress_rle.c.obj                    288     0         0      
       printf.c.obj                                 288     0         0      
       exit.c.obj                                   256     0         12     
       ctype.c.obj                                  0       257       0      
       atoi.c.obj                                   256     0         0      
       fclose.c.obj                                 256     0         0      
       fseek.c.obj                                  256     0         0      
       hostopen.c.obj                               224     0         8      
       _io_perm.c.obj                               224     0         0      
       _ltoa.c.obj                                  224     0         0      
       close.c.obj                                  224     0         0      
       hostlseek.c.obj                              224     0         0      
       hostwrite.c.obj                              224     0         0      
       llshift.c.obj                                224     0         0      
       memset.c.obj                                 224     0         0      
       autoinit.c.obj                               192     0         0      
       divu.asm.obj                                 192     0         0      
       fflush.c.obj                                 192     0         0      
       hostread.c.obj                               192     0         0      
       hostunlink.c.obj                             192     0         0      
       tls.c.obj                                    192     0         0      
       fopen.c.obj                                  160     0         0      
       hostclose.c.obj                              160     0         0      
       memcpy64.asm.obj                             160     0         0      
       remu.asm.obj                                 160     0         0      
       boot.c.obj                                   128     0         0      
       unlink.c.obj                                 128     0         0      
       frcmpyd_div.c.obj                            96      0         0      
       lseek.c.obj                                  96      0         0      
       memccpy.c.obj                                96      0         0      
       args_main.c.obj                              64      0         0      
       isinf.c.obj                                  64      0         0      
       push.asm.obj                                 64      0         0      
       wcslen.c.obj                                 64      0         0      
       _lock.c.obj                                  32      0         8      
       errno.c.obj                                  32      0         4      
       copy_decompress_none.c.obj                   32      0         0      
       pre_init.c.obj                               32      0         0      
       signbit.c.obj                                32      0         0      
       startup.c.obj                                32      0         0      
    +--+--------------------------------------------+-------+---------+---------+
       Total:                                       27744   349       1412   
                                                                             
       Heap:                                        0       0         1024   
       Stack:                                       0       0         1024   
       Linker Generated:                            0       146       0      
    +--+--------------------------------------------+-------+---------+---------+
       Grand Total:                                 32288   132087    3460   


LINKER GENERATED COPY TABLES

__TI_cinit_table @ 0c028fa8 records: 2, size/record: 8, table size: 16
	.fardata: load addr=0c028f20, load size=0000006f bytes, run addr=0c028960, run size=0000031c bytes, compression=rle
	.far: load addr=0c028f8f, load size=0000000b bytes, run addr=0c028c80, run size=00000148 bytes, compression=rle


LINKER GENERATED HANDLER TABLE

__TI_handler_table @ 0c028f9c records: 2, size/record: 4, table size: 8
	index: 0, handler: __TI_decompress_rle24
	index: 1, handler: __TI_decompress_none


GLOBAL SYMBOLS: SORTED ALPHABETICALLY BY Name 

address   name                                      
-------   ----                                      
0c028100  C$$EXIT                                   
0c027c18  C$$IO$$                                   
0c023a64  C6672_DDR3_PLL_Confiugration              
0c027480  C6672_EMIF_CONFIGURATION                  
0c0235e0  C6672_Main_PLL_Configuration              
0c0238cc  C6672_Main_PLL_Wake_Up                    
0c027a78  EMIF16_TEST_FUCTION                       
0c027520  HOSTclose                                 
0c0266a0  HOSTlseek                                 
0c026780  HOSTopen                                  
0c026e80  HOSTread                                  
0c025c20  HOSTrename                                
0c026f40  HOSTunlink                                
0c026860  HOSTwrite                                 
0c027e00  Hold_On                                   
0c0225b0  LSAM_FPGA_EMIF16_Initialization           
0c027e40  LSAM_TDD_Initializatoin                   
0c027e4c  LSAM_TDD_PLL_Initialization               
0c02462c  S29GL256P_NOR_Flash_Chip_Erase            
0c0243e8  S29GL256P_NOR_Flash_Read_Device_ID        
0c024380  S29GL256P_NOR_Flash_Read_Manufacturer_ID  
0c027fc0  S29GL256P_NOR_Flash_Reset                 
0c0244f0  S29GL256P_NOR_Flash_Sector_Erase          
0c02444c  S29GL256P_NOR_Flash_Write_Word_Programming
0c027e80  Waiting_Function                          
0c022320  Write_NOR_Flash_App_Code                  
0c028dc8  __CIOBUF_                                 
0c028fa8  __TI_CINIT_Base                           
0c028fb8  __TI_CINIT_Limit                          
0c028f9c  __TI_Handler_Table_Base                   
0c028fa4  __TI_Handler_Table_Limit                  
0c028560  __TI_STACK_END                            
00000400  __TI_STACK_SIZE                           
00000000  __TI_STATIC_BASE                          
00000400  __TI_SYSMEM_SIZE                          
UNDEFED   __TI_TLS_INIT_Base                        
UNDEFED   __TI_TLS_INIT_Limit                       
0c027000  __TI_auto_init_nobinit_nopinit            
0c0275c0  __TI_cleanup                              
0c028c58  __TI_cleanup_ptr                          
0c0261a0  __TI_closefile                            
0c028120  __TI_decompress_none                      
0c028140  __TI_decompress_rle24                     
0c0270c0  __TI_doflush                              
0c028c5c  __TI_dtors_ptr                            
0c028c60  __TI_enable_exit_profile_output           
0c027b60  __TI_frcmpyd_div                          
0c028c74  __TI_ft_end                               
0c026940  __TI_ltoa                                 
ffffffff  __TI_pprof_out_hndl                       
0c020340  __TI_printfi                              
ffffffff  __TI_prof_data_size                       
ffffffff  __TI_prof_data_start                      
0c0278e0  __TI_readmsg                              
0c0273c0  __TI_tls_init                             
0c028c80  __TI_tmpnams                              
0c027bc0  __TI_writemsg                             
0c026a20  __TI_wrt_ok                               
ffffffff  __binit__                                 
0c022fe0  __c6xabi_divd                             
0c027180  __c6xabi_divu                             
0c0251a0  __c6xabi_divul                            
0c024f60  __c6xabi_divull                           
0c027fe0  __c6xabi_errno_addr                       
0c027ec0  __c6xabi_isinf                            
0c027960  __c6xabi_llshl                            
0c027c20  __c6xabi_llshru                           
0c028000  __c6xabi_pop_rts                          
0c028020  __c6xabi_push_rts                         
0c027660  __c6xabi_remu                             
ffffffff  __c_args__                                
0c027180  __divu                                    
0c028c78  __errno                                   
0c028000  __pop_rts                                 
0c028020  __push_rts                                
0c027660  __remu                                    
0c027f40  _args_main                                
0c0279e0  _c_int00                                  
0c0201c8  _ctypes_                                  
0c028be0  _device                                   
0c028960  _ftable                                   
0c028c6c  _lock                                     
0c028040  _nop                                      
0c0280a0  _signbit                                  
0c028160  _stack                                    
0c028b40  _stream                                   
0c027c80  _subcull                                  
0c028560  _sys_memory                               
0c0280c0  _system_post_cinit                        
0c0280e0  _system_pre_init                          
0c028c70  _unlock                                   
0c028100  abort                                     
0c0264a0  atoi                                      
ffffffff  binit                                     
0c026b00  close                                     
0c028c78  errno                                     
0c026be0  exit                                      
0c0277a0  finddevice                                
0c025520  fputc                                     
0c024720  fputs                                     
0c023fc0  free                                      
0c025dc0  frexp                                     
0c025dc0  frexpl                                    
0c0265a0  fseek                                     
0c026080  getdevice                                 
0c0256e0  ldexp                                     
0c0256e0  ldexpl                                    
0c027ce0  lseek                                     
0c027a60  main                                      
0c0258a0  malloc                                    
0c027d40  memccpy                                   
0c027840  memcpy                                    
0c026cc0  memset                                    
0c028dc0  parmbuf                                   
0c026da0  printf                                    
0c025520  putc                                      
0c027ae0  remove                                    
0c0256e0  scalbn                                    
0c0256e0  scalbnl                                   
0c025a60  setvbuf                                   
0c027ae0  unlink                                    
0c027f80  wcslen                                    
0c027da0  write                                     


GLOBAL SYMBOLS: SORTED BY Symbol Address 

address   name                                      
-------   ----                                      
00000000  __TI_STATIC_BASE                          
00000400  __TI_STACK_SIZE                           
00000400  __TI_SYSMEM_SIZE                          
0c0201c8  _ctypes_                                  
0c020340  __TI_printfi                              
0c022320  Write_NOR_Flash_App_Code                  
0c0225b0  LSAM_FPGA_EMIF16_Initialization           
0c022fe0  __c6xabi_divd                             
0c0235e0  C6672_Main_PLL_Configuration              
0c0238cc  C6672_Main_PLL_Wake_Up                    
0c023a64  C6672_DDR3_PLL_Confiugration              
0c023fc0  free                                      
0c024380  S29GL256P_NOR_Flash_Read_Manufacturer_ID  
0c0243e8  S29GL256P_NOR_Flash_Read_Device_ID        
0c02444c  S29GL256P_NOR_Flash_Write_Word_Programming
0c0244f0  S29GL256P_NOR_Flash_Sector_Erase          
0c02462c  S29GL256P_NOR_Flash_Chip_Erase            
0c024720  fputs                                     
0c024f60  __c6xabi_divull                           
0c0251a0  __c6xabi_divul                            
0c025520  fputc                                     
0c025520  putc                                      
0c0256e0  ldexp                                     
0c0256e0  ldexpl                                    
0c0256e0  scalbn                                    
0c0256e0  scalbnl                                   
0c0258a0  malloc                                    
0c025a60  setvbuf                                   
0c025c20  HOSTrename                                
0c025dc0  frexp                                     
0c025dc0  frexpl                                    
0c026080  getdevice                                 
0c0261a0  __TI_closefile                            
0c0264a0  atoi                                      
0c0265a0  fseek                                     
0c0266a0  HOSTlseek                                 
0c026780  HOSTopen                                  
0c026860  HOSTwrite                                 
0c026940  __TI_ltoa                                 
0c026a20  __TI_wrt_ok                               
0c026b00  close                                     
0c026be0  exit                                      
0c026cc0  memset                                    
0c026da0  printf                                    
0c026e80  HOSTread                                  
0c026f40  HOSTunlink                                
0c027000  __TI_auto_init_nobinit_nopinit            
0c0270c0  __TI_doflush                              
0c027180  __c6xabi_divu                             
0c027180  __divu                                    
0c0273c0  __TI_tls_init                             
0c027480  C6672_EMIF_CONFIGURATION                  
0c027520  HOSTclose                                 
0c0275c0  __TI_cleanup                              
0c027660  __c6xabi_remu                             
0c027660  __remu                                    
0c0277a0  finddevice                                
0c027840  memcpy                                    
0c0278e0  __TI_readmsg                              
0c027960  __c6xabi_llshl                            
0c0279e0  _c_int00                                  
0c027a60  main                                      
0c027a78  EMIF16_TEST_FUCTION                       
0c027ae0  remove                                    
0c027ae0  unlink                                    
0c027b60  __TI_frcmpyd_div                          
0c027bc0  __TI_writemsg                             
0c027c18  C$$IO$$                                   
0c027c20  __c6xabi_llshru                           
0c027c80  _subcull                                  
0c027ce0  lseek                                     
0c027d40  memccpy                                   
0c027da0  write                                     
0c027e00  Hold_On                                   
0c027e40  LSAM_TDD_Initializatoin                   
0c027e4c  LSAM_TDD_PLL_Initialization               
0c027e80  Waiting_Function                          
0c027ec0  __c6xabi_isinf                            
0c027f40  _args_main                                
0c027f80  wcslen                                    
0c027fc0  S29GL256P_NOR_Flash_Reset                 
0c027fe0  __c6xabi_errno_addr                       
0c028000  __c6xabi_pop_rts                          
0c028000  __pop_rts                                 
0c028020  __c6xabi_push_rts                         
0c028020  __push_rts                                
0c028040  _nop                                      
0c0280a0  _signbit                                  
0c0280c0  _system_post_cinit                        
0c0280e0  _system_pre_init                          
0c028100  C$$EXIT                                   
0c028100  abort                                     
0c028120  __TI_decompress_none                      
0c028140  __TI_decompress_rle24                     
0c028160  _stack                                    
0c028560  __TI_STACK_END                            
0c028560  _sys_memory                               
0c028960  _ftable                                   
0c028b40  _stream                                   
0c028be0  _device                                   
0c028c58  __TI_cleanup_ptr                          
0c028c5c  __TI_dtors_ptr                            
0c028c60  __TI_enable_exit_profile_output           
0c028c6c  _lock                                     
0c028c70  _unlock                                   
0c028c74  __TI_ft_end                               
0c028c78  __errno                                   
0c028c78  errno                                     
0c028c80  __TI_tmpnams                              
0c028dc0  parmbuf                                   
0c028dc8  __CIOBUF_                                 
0c028f9c  __TI_Handler_Table_Base                   
0c028fa4  __TI_Handler_Table_Limit                  
0c028fa8  __TI_CINIT_Base                           
0c028fb8  __TI_CINIT_Limit                          
ffffffff  __TI_pprof_out_hndl                       
ffffffff  __TI_prof_data_size                       
ffffffff  __TI_prof_data_start                      
ffffffff  __binit__                                 
ffffffff  __c_args__                                
ffffffff  binit                                     
UNDEFED   __TI_TLS_INIT_Base                        
UNDEFED   __TI_TLS_INIT_Limit                       

[123 symbols]
