<?xml version="1.0" encoding="ISO-8859-1" ?>
<link_info>
   <banner>TMS320C6x Linker PC v8.3.5</banner>
   <copyright>Copyright (c) 1996-2018 Texas Instruments Incorporated</copyright>
   <link_time>0x686754d6</link_time>
   <link_errors>0x0</link_errors>
   <output_file>LSAM_TDD_DSP_Writter_Program_V1_00.out</output_file>
   <entry_point>
      <name>_c_int00</name>
      <address>0xc0279e0</address>
   </entry_point>
   <input_file_list>
      <input_file id="fl-2">
         <path>.\</path>
         <kind>object</kind>
         <file>main.obj</file>
         <name>main.obj</name>
      </input_file>
      <input_file id="fl-3">
         <path>.\User_Define_SourceFiles\</path>
         <kind>object</kind>
         <file>C6672_EMIF16_SourceFile.obj</file>
         <name>C6672_EMIF16_SourceFile.obj</name>
      </input_file>
      <input_file id="fl-4">
         <path>.\User_Define_SourceFiles\</path>
         <kind>object</kind>
         <file>C6672_PLL_SourceFile.obj</file>
         <name>C6672_PLL_SourceFile.obj</name>
      </input_file>
      <input_file id="fl-5">
         <path>.\User_Define_SourceFiles\</path>
         <kind>object</kind>
         <file>LSAM_TDD_DSP_Initialization_SourceFile.obj</file>
         <name>LSAM_TDD_DSP_Initialization_SourceFile.obj</name>
      </input_file>
      <input_file id="fl-6">
         <path>.\User_Define_SourceFiles\</path>
         <kind>object</kind>
         <file>LSAM_TDD_Operation_Function_SourceFile.obj</file>
         <name>LSAM_TDD_Operation_Function_SourceFile.obj</name>
      </input_file>
      <input_file id="fl-7">
         <path>.\User_Define_SourceFiles\</path>
         <kind>object</kind>
         <file>S29GL256P_NOR_Flash_SourceFile.obj</file>
         <name>S29GL256P_NOR_Flash_SourceFile.obj</name>
      </input_file>
      <input_file id="fl-8">
         <path>.\User_Define_SourceFiles\</path>
         <kind>object</kind>
         <file>User_Define_SourceFile.obj</file>
         <name>User_Define_SourceFile.obj</name>
      </input_file>
      <input_file id="fl-c">
         <kind>object</kind>
         <file>&lt;internal&gt;</file>
         <name>&lt;internal&gt;</name>
      </input_file>
      <input_file id="fl-26">
         <path>C:\ti\ccs930\ccs\tools\compiler\ti-cgt-c6000_8.3.5\lib\</path>
         <kind>archive</kind>
         <file>rts6600_elf.lib</file>
         <name>printf.c.obj</name>
      </input_file>
      <input_file id="fl-27">
         <path>C:\ti\ccs930\ccs\tools\compiler\ti-cgt-c6000_8.3.5\lib\</path>
         <kind>archive</kind>
         <file>rts6600_elf.lib</file>
         <name>_printfi.c.obj</name>
      </input_file>
      <input_file id="fl-28">
         <path>C:\ti\ccs930\ccs\tools\compiler\ti-cgt-c6000_8.3.5\lib\</path>
         <kind>archive</kind>
         <file>rts6600_elf.lib</file>
         <name>fputc.c.obj</name>
      </input_file>
      <input_file id="fl-29">
         <path>C:\ti\ccs930\ccs\tools\compiler\ti-cgt-c6000_8.3.5\lib\</path>
         <kind>archive</kind>
         <file>rts6600_elf.lib</file>
         <name>fputs.c.obj</name>
      </input_file>
      <input_file id="fl-2a">
         <path>C:\ti\ccs930\ccs\tools\compiler\ti-cgt-c6000_8.3.5\lib\</path>
         <kind>archive</kind>
         <file>rts6600_elf.lib</file>
         <name>_io_perm.c.obj</name>
      </input_file>
      <input_file id="fl-2b">
         <path>C:\ti\ccs930\ccs\tools\compiler\ti-cgt-c6000_8.3.5\lib\</path>
         <kind>archive</kind>
         <file>rts6600_elf.lib</file>
         <name>setvbuf.c.obj</name>
      </input_file>
      <input_file id="fl-2c">
         <path>C:\ti\ccs930\ccs\tools\compiler\ti-cgt-c6000_8.3.5\lib\</path>
         <kind>archive</kind>
         <file>rts6600_elf.lib</file>
         <name>wcslen.c.obj</name>
      </input_file>
      <input_file id="fl-2d">
         <path>C:\ti\ccs930\ccs\tools\compiler\ti-cgt-c6000_8.3.5\lib\</path>
         <kind>archive</kind>
         <file>rts6600_elf.lib</file>
         <name>push.asm.obj</name>
      </input_file>
      <input_file id="fl-2e">
         <path>C:\ti\ccs930\ccs\tools\compiler\ti-cgt-c6000_8.3.5\lib\</path>
         <kind>archive</kind>
         <file>rts6600_elf.lib</file>
         <name>divu.asm.obj</name>
      </input_file>
      <input_file id="fl-2f">
         <path>C:\ti\ccs930\ccs\tools\compiler\ti-cgt-c6000_8.3.5\lib\</path>
         <kind>archive</kind>
         <file>rts6600_elf.lib</file>
         <name>memcpy64.asm.obj</name>
      </input_file>
      <input_file id="fl-30">
         <path>C:\ti\ccs930\ccs\tools\compiler\ti-cgt-c6000_8.3.5\lib\</path>
         <kind>archive</kind>
         <file>rts6600_elf.lib</file>
         <name>remu.asm.obj</name>
      </input_file>
      <input_file id="fl-31">
         <path>C:\ti\ccs930\ccs\tools\compiler\ti-cgt-c6000_8.3.5\lib\</path>
         <kind>archive</kind>
         <file>rts6600_elf.lib</file>
         <name>boot.c.obj</name>
      </input_file>
      <input_file id="fl-32">
         <path>C:\ti\ccs930\ccs\tools\compiler\ti-cgt-c6000_8.3.5\lib\</path>
         <kind>archive</kind>
         <file>rts6600_elf.lib</file>
         <name>imath40.c.obj</name>
      </input_file>
      <input_file id="fl-33">
         <path>C:\ti\ccs930\ccs\tools\compiler\ti-cgt-c6000_8.3.5\lib\</path>
         <kind>archive</kind>
         <file>rts6600_elf.lib</file>
         <name>imath64.c.obj</name>
      </input_file>
      <input_file id="fl-34">
         <path>C:\ti\ccs930\ccs\tools\compiler\ti-cgt-c6000_8.3.5\lib\</path>
         <kind>archive</kind>
         <file>rts6600_elf.lib</file>
         <name>llshift.c.obj</name>
      </input_file>
      <input_file id="fl-35">
         <path>C:\ti\ccs930\ccs\tools\compiler\ti-cgt-c6000_8.3.5\lib\</path>
         <kind>archive</kind>
         <file>rts6600_elf.lib</file>
         <name>memset.c.obj</name>
      </input_file>
      <input_file id="fl-36">
         <path>C:\ti\ccs930\ccs\tools\compiler\ti-cgt-c6000_8.3.5\lib\</path>
         <kind>archive</kind>
         <file>rts6600_elf.lib</file>
         <name>autoinit.c.obj</name>
      </input_file>
      <input_file id="fl-37">
         <path>C:\ti\ccs930\ccs\tools\compiler\ti-cgt-c6000_8.3.5\lib\</path>
         <kind>archive</kind>
         <file>rts6600_elf.lib</file>
         <name>pre_init.c.obj</name>
      </input_file>
      <input_file id="fl-38">
         <path>C:\ti\ccs930\ccs\tools\compiler\ti-cgt-c6000_8.3.5\lib\</path>
         <kind>archive</kind>
         <file>rts6600_elf.lib</file>
         <name>startup.c.obj</name>
      </input_file>
      <input_file id="fl-39">
         <path>C:\ti\ccs930\ccs\tools\compiler\ti-cgt-c6000_8.3.5\lib\</path>
         <kind>archive</kind>
         <file>rts6600_elf.lib</file>
         <name>cpy_tbl.c.obj</name>
      </input_file>
      <input_file id="fl-3a">
         <path>C:\ti\ccs930\ccs\tools\compiler\ti-cgt-c6000_8.3.5\lib\</path>
         <kind>archive</kind>
         <file>rts6600_elf.lib</file>
         <name>copy_zero_init.c.obj</name>
      </input_file>
      <input_file id="fl-3b">
         <path>C:\ti\ccs930\ccs\tools\compiler\ti-cgt-c6000_8.3.5\lib\</path>
         <kind>archive</kind>
         <file>rts6600_elf.lib</file>
         <name>copy_decompress_none.c.obj</name>
      </input_file>
      <input_file id="fl-3c">
         <path>C:\ti\ccs930\ccs\tools\compiler\ti-cgt-c6000_8.3.5\lib\</path>
         <kind>archive</kind>
         <file>rts6600_elf.lib</file>
         <name>copy_decompress_rle.c.obj</name>
      </input_file>
      <input_file id="fl-3d">
         <path>C:\ti\ccs930\ccs\tools\compiler\ti-cgt-c6000_8.3.5\lib\</path>
         <kind>archive</kind>
         <file>rts6600_elf.lib</file>
         <name>frexp.c.obj</name>
      </input_file>
      <input_file id="fl-3e">
         <path>C:\ti\ccs930\ccs\tools\compiler\ti-cgt-c6000_8.3.5\lib\</path>
         <kind>archive</kind>
         <file>rts6600_elf.lib</file>
         <name>isinf.c.obj</name>
      </input_file>
      <input_file id="fl-3f">
         <path>C:\ti\ccs930\ccs\tools\compiler\ti-cgt-c6000_8.3.5\lib\</path>
         <kind>archive</kind>
         <file>rts6600_elf.lib</file>
         <name>ldexp.c.obj</name>
      </input_file>
      <input_file id="fl-40">
         <path>C:\ti\ccs930\ccs\tools\compiler\ti-cgt-c6000_8.3.5\lib\</path>
         <kind>archive</kind>
         <file>rts6600_elf.lib</file>
         <name>signbit.c.obj</name>
      </input_file>
      <input_file id="fl-41">
         <path>C:\ti\ccs930\ccs\tools\compiler\ti-cgt-c6000_8.3.5\lib\</path>
         <kind>archive</kind>
         <file>rts6600_elf.lib</file>
         <name>divd.c.obj</name>
      </input_file>
      <input_file id="fl-42">
         <path>C:\ti\ccs930\ccs\tools\compiler\ti-cgt-c6000_8.3.5\lib\</path>
         <kind>archive</kind>
         <file>rts6600_elf.lib</file>
         <name>frcmpyd_div.c.obj</name>
      </input_file>
      <input_file id="fl-43">
         <path>C:\ti\ccs930\ccs\tools\compiler\ti-cgt-c6000_8.3.5\lib\</path>
         <kind>archive</kind>
         <file>rts6600_elf.lib</file>
         <name>exit.c.obj</name>
      </input_file>
      <input_file id="fl-44">
         <path>C:\ti\ccs930\ccs\tools\compiler\ti-cgt-c6000_8.3.5\lib\</path>
         <kind>archive</kind>
         <file>rts6600_elf.lib</file>
         <name>memory.c.obj</name>
      </input_file>
      <input_file id="fl-45">
         <path>C:\ti\ccs930\ccs\tools\compiler\ti-cgt-c6000_8.3.5\lib\</path>
         <kind>archive</kind>
         <file>rts6600_elf.lib</file>
         <name>_lock.c.obj</name>
      </input_file>
      <input_file id="fl-46">
         <path>C:\ti\ccs930\ccs\tools\compiler\ti-cgt-c6000_8.3.5\lib\</path>
         <kind>archive</kind>
         <file>rts6600_elf.lib</file>
         <name>_ltoa.c.obj</name>
      </input_file>
      <input_file id="fl-47">
         <path>C:\ti\ccs930\ccs\tools\compiler\ti-cgt-c6000_8.3.5\lib\</path>
         <kind>archive</kind>
         <file>rts6600_elf.lib</file>
         <name>args_main.c.obj</name>
      </input_file>
      <input_file id="fl-48">
         <path>C:\ti\ccs930\ccs\tools\compiler\ti-cgt-c6000_8.3.5\lib\</path>
         <kind>archive</kind>
         <file>rts6600_elf.lib</file>
         <name>atoi.c.obj</name>
      </input_file>
      <input_file id="fl-49">
         <path>C:\ti\ccs930\ccs\tools\compiler\ti-cgt-c6000_8.3.5\lib\</path>
         <kind>archive</kind>
         <file>rts6600_elf.lib</file>
         <name>ctype.c.obj</name>
      </input_file>
      <input_file id="fl-4a">
         <path>C:\ti\ccs930\ccs\tools\compiler\ti-cgt-c6000_8.3.5\lib\</path>
         <kind>archive</kind>
         <file>rts6600_elf.lib</file>
         <name>defs.c.obj</name>
      </input_file>
      <input_file id="fl-4b">
         <path>C:\ti\ccs930\ccs\tools\compiler\ti-cgt-c6000_8.3.5\lib\</path>
         <kind>archive</kind>
         <file>rts6600_elf.lib</file>
         <name>memccpy.c.obj</name>
      </input_file>
      <input_file id="fl-4c">
         <path>C:\ti\ccs930\ccs\tools\compiler\ti-cgt-c6000_8.3.5\lib\</path>
         <kind>archive</kind>
         <file>rts6600_elf.lib</file>
         <name>write.c.obj</name>
      </input_file>
      <input_file id="fl-4d">
         <path>C:\ti\ccs930\ccs\tools\compiler\ti-cgt-c6000_8.3.5\lib\</path>
         <kind>archive</kind>
         <file>rts6600_elf.lib</file>
         <name>tls.c.obj</name>
      </input_file>
      <input_file id="fl-4e">
         <path>C:\ti\ccs930\ccs\tools\compiler\ti-cgt-c6000_8.3.5\lib\</path>
         <kind>archive</kind>
         <file>rts6600_elf.lib</file>
         <name>errno.c.obj</name>
      </input_file>
      <input_file id="fl-4f">
         <path>C:\ti\ccs930\ccs\tools\compiler\ti-cgt-c6000_8.3.5\lib\</path>
         <kind>archive</kind>
         <file>rts6600_elf.lib</file>
         <name>llabs.c.obj</name>
      </input_file>
      <input_file id="fl-50">
         <path>C:\ti\ccs930\ccs\tools\compiler\ti-cgt-c6000_8.3.5\lib\</path>
         <kind>archive</kind>
         <file>rts6600_elf.lib</file>
         <name>fflush.c.obj</name>
      </input_file>
      <input_file id="fl-51">
         <path>C:\ti\ccs930\ccs\tools\compiler\ti-cgt-c6000_8.3.5\lib\</path>
         <kind>archive</kind>
         <file>rts6600_elf.lib</file>
         <name>fopen.c.obj</name>
      </input_file>
      <input_file id="fl-52">
         <path>C:\ti\ccs930\ccs\tools\compiler\ti-cgt-c6000_8.3.5\lib\</path>
         <kind>archive</kind>
         <file>rts6600_elf.lib</file>
         <name>fseek.c.obj</name>
      </input_file>
      <input_file id="fl-53">
         <path>C:\ti\ccs930\ccs\tools\compiler\ti-cgt-c6000_8.3.5\lib\</path>
         <kind>archive</kind>
         <file>rts6600_elf.lib</file>
         <name>tls_get_tp.asm.obj</name>
      </input_file>
      <input_file id="fl-54">
         <path>C:\ti\ccs930\ccs\tools\compiler\ti-cgt-c6000_8.3.5\lib\</path>
         <kind>archive</kind>
         <file>rts6600_elf.lib</file>
         <name>lseek.c.obj</name>
      </input_file>
      <input_file id="fl-55">
         <path>C:\ti\ccs930\ccs\tools\compiler\ti-cgt-c6000_8.3.5\lib\</path>
         <kind>archive</kind>
         <file>rts6600_elf.lib</file>
         <name>open.c.obj</name>
      </input_file>
      <input_file id="fl-56">
         <path>C:\ti\ccs930\ccs\tools\compiler\ti-cgt-c6000_8.3.5\lib\</path>
         <kind>archive</kind>
         <file>rts6600_elf.lib</file>
         <name>hostclose.c.obj</name>
      </input_file>
      <input_file id="fl-57">
         <path>C:\ti\ccs930\ccs\tools\compiler\ti-cgt-c6000_8.3.5\lib\</path>
         <kind>archive</kind>
         <file>rts6600_elf.lib</file>
         <name>hostlseek.c.obj</name>
      </input_file>
      <input_file id="fl-58">
         <path>C:\ti\ccs930\ccs\tools\compiler\ti-cgt-c6000_8.3.5\lib\</path>
         <kind>archive</kind>
         <file>rts6600_elf.lib</file>
         <name>hostopen.c.obj</name>
      </input_file>
      <input_file id="fl-59">
         <path>C:\ti\ccs930\ccs\tools\compiler\ti-cgt-c6000_8.3.5\lib\</path>
         <kind>archive</kind>
         <file>rts6600_elf.lib</file>
         <name>hostread.c.obj</name>
      </input_file>
      <input_file id="fl-5a">
         <path>C:\ti\ccs930\ccs\tools\compiler\ti-cgt-c6000_8.3.5\lib\</path>
         <kind>archive</kind>
         <file>rts6600_elf.lib</file>
         <name>hostrename.c.obj</name>
      </input_file>
      <input_file id="fl-5b">
         <path>C:\ti\ccs930\ccs\tools\compiler\ti-cgt-c6000_8.3.5\lib\</path>
         <kind>archive</kind>
         <file>rts6600_elf.lib</file>
         <name>hostunlink.c.obj</name>
      </input_file>
      <input_file id="fl-5c">
         <path>C:\ti\ccs930\ccs\tools\compiler\ti-cgt-c6000_8.3.5\lib\</path>
         <kind>archive</kind>
         <file>rts6600_elf.lib</file>
         <name>hostwrite.c.obj</name>
      </input_file>
      <input_file id="fl-5d">
         <path>C:\ti\ccs930\ccs\tools\compiler\ti-cgt-c6000_8.3.5\lib\</path>
         <kind>archive</kind>
         <file>rts6600_elf.lib</file>
         <name>trgmsg.c.obj</name>
      </input_file>
      <input_file id="fl-5e">
         <path>C:\ti\ccs930\ccs\tools\compiler\ti-cgt-c6000_8.3.5\lib\</path>
         <kind>archive</kind>
         <file>rts6600_elf.lib</file>
         <name>fclose.c.obj</name>
      </input_file>
      <input_file id="fl-5f">
         <path>C:\ti\ccs930\ccs\tools\compiler\ti-cgt-c6000_8.3.5\lib\</path>
         <kind>archive</kind>
         <file>rts6600_elf.lib</file>
         <name>getdevice.c.obj</name>
      </input_file>
      <input_file id="fl-60">
         <path>C:\ti\ccs930\ccs\tools\compiler\ti-cgt-c6000_8.3.5\lib\</path>
         <kind>archive</kind>
         <file>rts6600_elf.lib</file>
         <name>close.c.obj</name>
      </input_file>
      <input_file id="fl-61">
         <path>C:\ti\ccs930\ccs\tools\compiler\ti-cgt-c6000_8.3.5\lib\</path>
         <kind>archive</kind>
         <file>rts6600_elf.lib</file>
         <name>remove.c.obj</name>
      </input_file>
      <input_file id="fl-62">
         <path>C:\ti\ccs930\ccs\tools\compiler\ti-cgt-c6000_8.3.5\lib\</path>
         <kind>archive</kind>
         <file>rts6600_elf.lib</file>
         <name>unlink.c.obj</name>
      </input_file>
   </input_file_list>
   <object_component_list>
      <object_component id="oc-187">
         <name>.text:__TI_printfi</name>
         <load_address>0xc020340</load_address>
         <run_address>0xc020340</run_address>
         <size>0x1fe0</size>
         <input_file_ref idref="fl-27"/>
      </object_component>
      <object_component id="oc-f7">
         <name>.text</name>
         <load_address>0xc022320</load_address>
         <run_address>0xc022320</run_address>
         <size>0x680</size>
         <input_file_ref idref="fl-6"/>
      </object_component>
      <object_component id="oc-205">
         <name>.text:_pconv_a</name>
         <load_address>0xc0229a0</load_address>
         <run_address>0xc0229a0</run_address>
         <size>0x640</size>
         <input_file_ref idref="fl-27"/>
      </object_component>
      <object_component id="oc-290">
         <name>.text:__c6xabi_divd</name>
         <load_address>0xc022fe0</load_address>
         <run_address>0xc022fe0</run_address>
         <size>0x600</size>
         <input_file_ref idref="fl-41"/>
      </object_component>
      <object_component id="oc-141">
         <name>.text</name>
         <load_address>0xc0235e0</load_address>
         <run_address>0xc0235e0</run_address>
         <size>0x5a0</size>
         <input_file_ref idref="fl-4"/>
      </object_component>
      <object_component id="oc-1f3">
         <name>.text:_pconv_g</name>
         <load_address>0xc023b80</load_address>
         <run_address>0xc023b80</run_address>
         <size>0x440</size>
         <input_file_ref idref="fl-27"/>
      </object_component>
      <object_component id="oc-34e">
         <name>.text:free</name>
         <load_address>0xc023fc0</load_address>
         <run_address>0xc023fc0</run_address>
         <size>0x3c0</size>
         <input_file_ref idref="fl-44"/>
      </object_component>
      <object_component id="oc-fd">
         <name>.text</name>
         <load_address>0xc024380</load_address>
         <run_address>0xc024380</run_address>
         <size>0x3a0</size>
         <input_file_ref idref="fl-7"/>
      </object_component>
      <object_component id="oc-1c9">
         <name>.text:fputs</name>
         <load_address>0xc024720</load_address>
         <run_address>0xc024720</run_address>
         <size>0x2e0</size>
         <input_file_ref idref="fl-29"/>
      </object_component>
      <object_component id="oc-2a9">
         <name>.text:fcvt</name>
         <load_address>0xc024a00</load_address>
         <run_address>0xc024a00</run_address>
         <size>0x2c0</size>
         <input_file_ref idref="fl-27"/>
      </object_component>
      <object_component id="oc-1ff">
         <name>.text:_pconv_e</name>
         <load_address>0xc024cc0</load_address>
         <run_address>0xc024cc0</run_address>
         <size>0x2a0</size>
         <input_file_ref idref="fl-27"/>
      </object_component>
      <object_component id="oc-27b">
         <name>.text:__c6xabi_divull</name>
         <load_address>0xc024f60</load_address>
         <run_address>0xc024f60</run_address>
         <size>0x240</size>
         <input_file_ref idref="fl-33"/>
      </object_component>
      <object_component id="oc-281">
         <name>.text:__c6xabi_divul</name>
         <load_address>0xc0251a0</load_address>
         <run_address>0xc0251a0</run_address>
         <size>0x1c0</size>
         <input_file_ref idref="fl-32"/>
      </object_component>
      <object_component id="oc-1db">
         <name>.text:_ltostr</name>
         <load_address>0xc025360</load_address>
         <run_address>0xc025360</run_address>
         <size>0x1c0</size>
         <input_file_ref idref="fl-27"/>
      </object_component>
      <object_component id="oc-1c2">
         <name>.text:fputc</name>
         <load_address>0xc025520</load_address>
         <run_address>0xc025520</run_address>
         <size>0x1c0</size>
         <input_file_ref idref="fl-28"/>
      </object_component>
      <object_component id="oc-2b7">
         <name>.text:ldexp</name>
         <load_address>0xc0256e0</load_address>
         <run_address>0xc0256e0</run_address>
         <size>0x1c0</size>
         <input_file_ref idref="fl-3f"/>
      </object_component>
      <object_component id="oc-354">
         <name>.text:malloc</name>
         <load_address>0xc0258a0</load_address>
         <run_address>0xc0258a0</run_address>
         <size>0x1c0</size>
         <input_file_ref idref="fl-44"/>
      </object_component>
      <object_component id="oc-2eb">
         <name>.text:setvbuf</name>
         <load_address>0xc025a60</load_address>
         <run_address>0xc025a60</run_address>
         <size>0x1c0</size>
         <input_file_ref idref="fl-2b"/>
      </object_component>
      <object_component id="oc-3eb">
         <name>.text:HOSTrename</name>
         <load_address>0xc025c20</load_address>
         <run_address>0xc025c20</run_address>
         <size>0x1a0</size>
         <input_file_ref idref="fl-5a"/>
      </object_component>
      <object_component id="oc-2b1">
         <name>.text:frexp</name>
         <load_address>0xc025dc0</load_address>
         <run_address>0xc025dc0</run_address>
         <size>0x1a0</size>
         <input_file_ref idref="fl-3d"/>
      </object_component>
      <object_component id="oc-1f9">
         <name>.text:_pconv_f</name>
         <load_address>0xc025f60</load_address>
         <run_address>0xc025f60</run_address>
         <size>0x120</size>
         <input_file_ref idref="fl-27"/>
      </object_component>
      <object_component id="oc-439">
         <name>.text:getdevice</name>
         <load_address>0xc026080</load_address>
         <run_address>0xc026080</run_address>
         <size>0x120</size>
         <input_file_ref idref="fl-5f"/>
      </object_component>
      <object_component id="oc-3be">
         <name>.text:__TI_closefile</name>
         <load_address>0xc0261a0</load_address>
         <run_address>0xc0261a0</run_address>
         <size>0x100</size>
         <input_file_ref idref="fl-5e"/>
      </object_component>
      <object_component id="oc-3d">
         <name>.text:__TI_decompress_rle_core</name>
         <load_address>0xc0262a0</load_address>
         <run_address>0xc0262a0</run_address>
         <size>0x100</size>
         <input_file_ref idref="fl-3c"/>
      </object_component>
      <object_component id="oc-2a2">
         <name>.text:_mcpy</name>
         <load_address>0xc0263a0</load_address>
         <run_address>0xc0263a0</run_address>
         <size>0x100</size>
         <input_file_ref idref="fl-27"/>
      </object_component>
      <object_component id="oc-1d5">
         <name>.text:atoi</name>
         <load_address>0xc0264a0</load_address>
         <run_address>0xc0264a0</run_address>
         <size>0x100</size>
         <input_file_ref idref="fl-48"/>
      </object_component>
      <object_component id="oc-2e5">
         <name>.text:fseek</name>
         <load_address>0xc0265a0</load_address>
         <run_address>0xc0265a0</run_address>
         <size>0x100</size>
         <input_file_ref idref="fl-52"/>
      </object_component>
      <object_component id="oc-3df">
         <name>.text:HOSTlseek</name>
         <load_address>0xc0266a0</load_address>
         <run_address>0xc0266a0</run_address>
         <size>0xe0</size>
         <input_file_ref idref="fl-57"/>
      </object_component>
      <object_component id="oc-3c7">
         <name>.text:HOSTopen</name>
         <load_address>0xc026780</load_address>
         <run_address>0xc026780</run_address>
         <size>0xe0</size>
         <input_file_ref idref="fl-58"/>
      </object_component>
      <object_component id="oc-3d9">
         <name>.text:HOSTwrite</name>
         <load_address>0xc026860</load_address>
         <run_address>0xc026860</run_address>
         <size>0xe0</size>
         <input_file_ref idref="fl-5c"/>
      </object_component>
      <object_component id="oc-296">
         <name>.text:__TI_ltoa</name>
         <load_address>0xc026940</load_address>
         <run_address>0xc026940</run_address>
         <size>0xe0</size>
         <input_file_ref idref="fl-46"/>
      </object_component>
      <object_component id="oc-25f">
         <name>.text:__TI_wrt_ok</name>
         <load_address>0xc026a20</load_address>
         <run_address>0xc026a20</run_address>
         <size>0xe0</size>
         <input_file_ref idref="fl-2a"/>
      </object_component>
      <object_component id="oc-40c">
         <name>.text:close</name>
         <load_address>0xc026b00</load_address>
         <run_address>0xc026b00</run_address>
         <size>0xe0</size>
         <input_file_ref idref="fl-60"/>
      </object_component>
      <object_component id="oc-5b">
         <name>.text:exit</name>
         <load_address>0xc026be0</load_address>
         <run_address>0xc026be0</run_address>
         <size>0xe0</size>
         <input_file_ref idref="fl-43"/>
      </object_component>
      <object_component id="oc-7c">
         <name>.text:memset</name>
         <load_address>0xc026cc0</load_address>
         <run_address>0xc026cc0</run_address>
         <size>0xe0</size>
         <input_file_ref idref="fl-35"/>
      </object_component>
      <object_component id="oc-103">
         <name>.text:printf</name>
         <load_address>0xc026da0</load_address>
         <run_address>0xc026da0</run_address>
         <size>0xe0</size>
         <input_file_ref idref="fl-26"/>
      </object_component>
      <object_component id="oc-3d3">
         <name>.text:HOSTread</name>
         <load_address>0xc026e80</load_address>
         <run_address>0xc026e80</run_address>
         <size>0xc0</size>
         <input_file_ref idref="fl-59"/>
      </object_component>
      <object_component id="oc-3e5">
         <name>.text:HOSTunlink</name>
         <load_address>0xc026f40</load_address>
         <run_address>0xc026f40</run_address>
         <size>0xc0</size>
         <input_file_ref idref="fl-5b"/>
      </object_component>
      <object_component id="oc-a4">
         <name>.text:__TI_auto_init_nobinit_nopinit:__TI_auto_init_nobinit_nopinit</name>
         <load_address>0xc027000</load_address>
         <run_address>0xc027000</run_address>
         <size>0xc0</size>
         <input_file_ref idref="fl-36"/>
      </object_component>
      <object_component id="oc-265">
         <name>.text:__TI_doflush</name>
         <load_address>0xc0270c0</load_address>
         <run_address>0xc0270c0</run_address>
         <size>0xc0</size>
         <input_file_ref idref="fl-50"/>
      </object_component>
      <object_component id="oc-287">
         <name>.text:__divu</name>
         <load_address>0xc027180</load_address>
         <run_address>0xc027180</run_address>
         <size>0xc0</size>
         <input_file_ref idref="fl-2e"/>
      </object_component>
      <object_component id="oc-3ad">
         <name>.text:minsert</name>
         <load_address>0xc027240</load_address>
         <run_address>0xc027240</run_address>
         <size>0xc0</size>
         <input_file_ref idref="fl-44"/>
      </object_component>
      <object_component id="oc-3b3">
         <name>.text:mremove</name>
         <load_address>0xc027300</load_address>
         <run_address>0xc027300</run_address>
         <size>0xc0</size>
         <input_file_ref idref="fl-44"/>
      </object_component>
      <object_component id="oc-11d">
         <name>.text:tls:init:__TI_tls_init</name>
         <load_address>0xc0273c0</load_address>
         <run_address>0xc0273c0</run_address>
         <size>0xc0</size>
         <input_file_ref idref="fl-4d"/>
      </object_component>
      <object_component id="oc-13b">
         <name>.text</name>
         <load_address>0xc027480</load_address>
         <run_address>0xc027480</run_address>
         <size>0xa0</size>
         <input_file_ref idref="fl-3"/>
      </object_component>
      <object_component id="oc-3cd">
         <name>.text:HOSTclose</name>
         <load_address>0xc027520</load_address>
         <run_address>0xc027520</run_address>
         <size>0xa0</size>
         <input_file_ref idref="fl-56"/>
      </object_component>
      <object_component id="oc-35a">
         <name>.text:__TI_cleanup</name>
         <load_address>0xc0275c0</load_address>
         <run_address>0xc0275c0</run_address>
         <size>0xa0</size>
         <input_file_ref idref="fl-51"/>
      </object_component>
      <object_component id="oc-158">
         <name>.text:__remu</name>
         <load_address>0xc027660</load_address>
         <run_address>0xc027660</run_address>
         <size>0xa0</size>
         <input_file_ref idref="fl-30"/>
      </object_component>
      <object_component id="oc-29c">
         <name>.text:_ecpy</name>
         <load_address>0xc027700</load_address>
         <run_address>0xc027700</run_address>
         <size>0xa0</size>
         <input_file_ref idref="fl-27"/>
      </object_component>
      <object_component id="oc-459">
         <name>.text:finddevice</name>
         <load_address>0xc0277a0</load_address>
         <run_address>0xc0277a0</run_address>
         <size>0xa0</size>
         <input_file_ref idref="fl-5f"/>
      </object_component>
      <object_component id="oc-31">
         <name>.text:memcpy</name>
         <load_address>0xc027840</load_address>
         <run_address>0xc027840</run_address>
         <size>0xa0</size>
         <input_file_ref idref="fl-2f"/>
      </object_component>
      <object_component id="oc-424">
         <name>.text:__TI_readmsg</name>
         <load_address>0xc0278e0</load_address>
         <run_address>0xc0278e0</run_address>
         <size>0x80</size>
         <input_file_ref idref="fl-5d"/>
      </object_component>
      <object_component id="oc-303">
         <name>.text:__c6xabi_llshl</name>
         <load_address>0xc027960</load_address>
         <run_address>0xc027960</run_address>
         <size>0x80</size>
         <input_file_ref idref="fl-34"/>
      </object_component>
      <object_component id="oc-25">
         <name>.text:_c_int00</name>
         <load_address>0xc0279e0</load_address>
         <run_address>0xc0279e0</run_address>
         <size>0x80</size>
         <input_file_ref idref="fl-31"/>
      </object_component>
      <object_component id="oc-90">
         <name>.text</name>
         <load_address>0xc027a60</load_address>
         <run_address>0xc027a60</run_address>
         <size>0x80</size>
         <input_file_ref idref="fl-2"/>
      </object_component>
      <object_component id="oc-412">
         <name>.text:unlink</name>
         <load_address>0xc027ae0</load_address>
         <run_address>0xc027ae0</run_address>
         <size>0x80</size>
         <input_file_ref idref="fl-62"/>
      </object_component>
      <object_component id="oc-31a">
         <name>.text:__TI_frcmpyd_div</name>
         <load_address>0xc027b60</load_address>
         <run_address>0xc027b60</run_address>
         <size>0x60</size>
         <input_file_ref idref="fl-42"/>
      </object_component>
      <object_component id="oc-41e">
         <name>.text:__TI_writemsg</name>
         <load_address>0xc027bc0</load_address>
         <run_address>0xc027bc0</run_address>
         <size>0x60</size>
         <input_file_ref idref="fl-5d"/>
      </object_component>
      <object_component id="oc-30f">
         <name>.text:__c6xabi_llshru</name>
         <load_address>0xc027c20</load_address>
         <run_address>0xc027c20</run_address>
         <size>0x60</size>
         <input_file_ref idref="fl-34"/>
      </object_component>
      <object_component id="oc-309">
         <name>.text:_subcull</name>
         <load_address>0xc027c80</load_address>
         <run_address>0xc027c80</run_address>
         <size>0x60</size>
         <input_file_ref idref="fl-33"/>
      </object_component>
      <object_component id="oc-346">
         <name>.text:lseek</name>
         <load_address>0xc027ce0</load_address>
         <run_address>0xc027ce0</run_address>
         <size>0x60</size>
         <input_file_ref idref="fl-54"/>
      </object_component>
      <object_component id="oc-20b">
         <name>.text:memccpy</name>
         <load_address>0xc027d40</load_address>
         <run_address>0xc027d40</run_address>
         <size>0x60</size>
         <input_file_ref idref="fl-4b"/>
      </object_component>
      <object_component id="oc-26b">
         <name>.text:write</name>
         <load_address>0xc027da0</load_address>
         <run_address>0xc027da0</run_address>
         <size>0x60</size>
         <input_file_ref idref="fl-4c"/>
      </object_component>
      <object_component id="oc-150">
         <name>.text:Hold_On</name>
         <load_address>0xc027e00</load_address>
         <run_address>0xc027e00</run_address>
         <size>0x40</size>
         <input_file_ref idref="fl-7"/>
      </object_component>
      <object_component id="oc-f1">
         <name>.text</name>
         <load_address>0xc027e40</load_address>
         <run_address>0xc027e40</run_address>
         <size>0x40</size>
         <input_file_ref idref="fl-5"/>
      </object_component>
      <object_component id="oc-15d">
         <name>.text:Waiting_Function</name>
         <load_address>0xc027e80</load_address>
         <run_address>0xc027e80</run_address>
         <size>0x40</size>
         <input_file_ref idref="fl-8"/>
      </object_component>
      <object_component id="oc-1e7">
         <name>.text:__c6xabi_isinf</name>
         <load_address>0xc027ec0</load_address>
         <run_address>0xc027ec0</run_address>
         <size>0x40</size>
         <input_file_ref idref="fl-3e"/>
      </object_component>
      <object_component id="oc-1e1">
         <name>.text:__c6xabi_isnan</name>
         <load_address>0xc027f00</load_address>
         <run_address>0xc027f00</run_address>
         <size>0x40</size>
         <input_file_ref idref="fl-27"/>
      </object_component>
      <object_component id="oc-55">
         <name>.text:_args_main</name>
         <load_address>0xc027f40</load_address>
         <run_address>0xc027f40</run_address>
         <size>0x40</size>
         <input_file_ref idref="fl-47"/>
      </object_component>
      <object_component id="oc-211">
         <name>.text:wcslen</name>
         <load_address>0xc027f80</load_address>
         <run_address>0xc027f80</run_address>
         <size>0x40</size>
         <input_file_ref idref="fl-2c"/>
      </object_component>
      <object_component id="oc-148">
         <name>.text:S29GL256P_NOR_Flash_Reset</name>
         <load_address>0xc027fc0</load_address>
         <run_address>0xc027fc0</run_address>
         <size>0x20</size>
         <input_file_ref idref="fl-7"/>
      </object_component>
      <object_component id="oc-217">
         <name>.text:__c6xabi_errno_addr</name>
         <load_address>0xc027fe0</load_address>
         <run_address>0xc027fe0</run_address>
         <size>0x20</size>
         <input_file_ref idref="fl-4e"/>
      </object_component>
      <object_component id="oc-21d">
         <name>.text:__pop_rts</name>
         <load_address>0xc028000</load_address>
         <run_address>0xc028000</run_address>
         <size>0x20</size>
         <input_file_ref idref="fl-2d"/>
      </object_component>
      <object_component id="oc-1d0">
         <name>.text:__push_rts</name>
         <load_address>0xc028020</load_address>
         <run_address>0xc028020</run_address>
         <size>0x20</size>
         <input_file_ref idref="fl-2d"/>
      </object_component>
      <object_component id="oc-1b3">
         <name>.text:_nop</name>
         <load_address>0xc028040</load_address>
         <run_address>0xc028040</run_address>
         <size>0x20</size>
         <input_file_ref idref="fl-45"/>
      </object_component>
      <object_component id="oc-17b">
         <name>.text:_outc</name>
         <load_address>0xc028060</load_address>
         <run_address>0xc028060</run_address>
         <size>0x20</size>
         <input_file_ref idref="fl-26"/>
      </object_component>
      <object_component id="oc-181">
         <name>.text:_outs</name>
         <load_address>0xc028080</load_address>
         <run_address>0xc028080</run_address>
         <size>0x20</size>
         <input_file_ref idref="fl-26"/>
      </object_component>
      <object_component id="oc-1ed">
         <name>.text:_signbit</name>
         <load_address>0xc0280a0</load_address>
         <run_address>0xc0280a0</run_address>
         <size>0x20</size>
         <input_file_ref idref="fl-40"/>
      </object_component>
      <object_component id="oc-117">
         <name>.text:_system_post_cinit</name>
         <load_address>0xc0280c0</load_address>
         <run_address>0xc0280c0</run_address>
         <size>0x20</size>
         <input_file_ref idref="fl-38"/>
      </object_component>
      <object_component id="oc-61">
         <name>.text:_system_pre_init</name>
         <load_address>0xc0280e0</load_address>
         <run_address>0xc0280e0</run_address>
         <size>0x20</size>
         <input_file_ref idref="fl-37"/>
      </object_component>
      <object_component id="oc-9b">
         <name>.text:abort</name>
         <load_address>0xc028100</load_address>
         <run_address>0xc028100</run_address>
         <size>0x20</size>
         <input_file_ref idref="fl-43"/>
      </object_component>
      <object_component id="oc-18">
         <name>.text:decompress:none:__TI_decompress_none</name>
         <load_address>0xc028120</load_address>
         <run_address>0xc028120</run_address>
         <size>0x20</size>
         <input_file_ref idref="fl-3b"/>
      </object_component>
      <object_component id="oc-1e">
         <name>.text:decompress:rle24:__TI_decompress_rle24</name>
         <load_address>0xc028140</load_address>
         <run_address>0xc028140</run_address>
         <size>0x20</size>
         <input_file_ref idref="fl-3c"/>
      </object_component>
      <object_component id="oc-2b">
         <name>.stack</name>
         <uninitialized>true</uninitialized>
         <run_address>0xc028160</run_address>
         <size>0x8</size>
         <input_file_ref idref="fl-31"/>
      </object_component>
      <object_component id="oc-49c">
         <name>.stack</name>
         <uninitialized>true</uninitialized>
         <run_address>0xc028160</run_address>
         <size>0x0</size>
      </object_component>
      <object_component id="oc-445">
         <name>.cio</name>
         <uninitialized>true</uninitialized>
         <run_address>0xc028dc8</run_address>
         <size>0x120</size>
         <input_file_ref idref="fl-5d"/>
      </object_component>
      <object_component id="oc-166">
         <name>.const:data_array</name>
         <load_address>0xc000000</load_address>
         <run_address>0xc000000</run_address>
         <size>0x20000</size>
         <input_file_ref idref="fl-6"/>
      </object_component>
      <object_component id="oc-165">
         <name>.const:.string</name>
         <load_address>0xc020000</load_address>
         <run_address>0xc020000</run_address>
         <size>0x1c8</size>
         <input_file_ref idref="fl-6"/>
      </object_component>
      <object_component id="oc-276">
         <name>.const:.string:_ctypes_</name>
         <load_address>0xc0201c8</load_address>
         <run_address>0xc0201c8</run_address>
         <size>0x101</size>
         <input_file_ref idref="fl-49"/>
      </object_component>
      <object_component id="oc-109">
         <name>.const:.string</name>
         <load_address>0xc0202cc</load_address>
         <run_address>0xc0202cc</run_address>
         <size>0x40</size>
         <input_file_ref idref="fl-2"/>
      </object_component>
      <object_component id="oc-222">
         <name>.const:.string</name>
         <load_address>0xc02030c</load_address>
         <run_address>0xc02030c</run_address>
         <size>0x24</size>
         <input_file_ref idref="fl-27"/>
      </object_component>
      <object_component id="oc-223">
         <name>.switch:__TI_printfi</name>
         <load_address>0xc028ee8</load_address>
         <run_address>0xc028ee8</run_address>
         <size>0x38</size>
         <input_file_ref idref="fl-27"/>
      </object_component>
      <object_component id="oc-2e">
         <name>.sysmem</name>
         <uninitialized>true</uninitialized>
         <run_address>0xc028560</run_address>
         <size>0x8</size>
         <input_file_ref idref="fl-44"/>
      </object_component>
      <object_component id="oc-49d">
         <name>.sysmem</name>
         <uninitialized>true</uninitialized>
         <run_address>0xc028560</run_address>
         <size>0x0</size>
      </object_component>
      <object_component id="oc-418">
         <name>.common:__TI_tmpnams</name>
         <uninitialized>true</uninitialized>
         <run_address>0xc028c80</run_address>
         <size>0x140</size>
      </object_component>
      <object_component id="oc-41b">
         <name>.common:parmbuf</name>
         <uninitialized>true</uninitialized>
         <run_address>0xc028dc0</run_address>
         <size>0x8</size>
      </object_component>
      <object_component id="oc-49b">
         <name>.cinit..fardata.load</name>
         <load_address>0xc028f20</load_address>
         <run_address>0xc028f20</run_address>
         <size>0x6f</size>
      </object_component>
      <object_component id="oc-49a">
         <name>.cinit..far.load</name>
         <load_address>0xc028f8f</load_address>
         <run_address>0xc028f8f</run_address>
         <size>0xb</size>
      </object_component>
      <object_component id="oc-498">
         <name>__TI_handler_table</name>
         <load_address>0xc028f9c</load_address>
         <run_address>0xc028f9c</run_address>
         <size>0x8</size>
      </object_component>
      <object_component id="oc-499">
         <name>__TI_cinit_table</name>
         <load_address>0xc028fa8</load_address>
         <run_address>0xc028fa8</run_address>
         <size>0x10</size>
      </object_component>
      <object_component id="oc-98">
         <name>.fardata</name>
         <load_address>0xc028c58</load_address>
         <run_address>0xc028c58</run_address>
         <size>0xc</size>
         <input_file_ref idref="fl-43"/>
      </object_component>
      <object_component id="oc-3aa">
         <name>.fardata</name>
         <load_address>0xc028c64</load_address>
         <run_address>0xc028c64</run_address>
         <size>0x8</size>
         <input_file_ref idref="fl-44"/>
      </object_component>
      <object_component id="oc-172">
         <name>.fardata:_lock</name>
         <load_address>0xc028c6c</load_address>
         <run_address>0xc028c6c</run_address>
         <size>0x4</size>
         <input_file_ref idref="fl-45"/>
      </object_component>
      <object_component id="oc-178">
         <name>.fardata:_unlock</name>
         <load_address>0xc028c70</load_address>
         <run_address>0xc028c70</run_address>
         <size>0x4</size>
         <input_file_ref idref="fl-45"/>
      </object_component>
      <object_component id="oc-175">
         <name>.fardata:_ftable</name>
         <load_address>0xc028960</load_address>
         <run_address>0xc028960</run_address>
         <size>0x1e0</size>
         <input_file_ref idref="fl-4a"/>
      </object_component>
      <object_component id="oc-3bb">
         <name>.fardata</name>
         <load_address>0xc028c74</load_address>
         <run_address>0xc028c74</run_address>
         <size>0x4</size>
         <input_file_ref idref="fl-4a"/>
      </object_component>
      <object_component id="oc-36b">
         <name>.fardata:_device</name>
         <load_address>0xc028be0</load_address>
         <run_address>0xc028be0</run_address>
         <size>0x78</size>
         <input_file_ref idref="fl-4c"/>
      </object_component>
      <object_component id="oc-2f5">
         <name>.fardata:_stream</name>
         <load_address>0xc028b40</load_address>
         <run_address>0xc028b40</run_address>
         <size>0xa0</size>
         <input_file_ref idref="fl-4c"/>
      </object_component>
      <object_component id="oc-2c7">
         <name>.fardata</name>
         <load_address>0xc028c78</load_address>
         <run_address>0xc028c78</run_address>
         <size>0x4</size>
         <input_file_ref idref="fl-4e"/>
      </object_component>
      <object_component id="oc-259">
         <name>.debug_info</name>
         <load_address>0x0</load_address>
         <run_address>0x0</run_address>
         <size>0x6b9</size>
         <input_file_ref idref="fl-2"/>
      </object_component>
      <object_component id="oc-91">
         <name>.debug_info</name>
         <load_address>0x6b9</load_address>
         <run_address>0x6b9</run_address>
         <size>0x263</size>
         <input_file_ref idref="fl-2"/>
      </object_component>
      <object_component id="oc-2db">
         <name>.debug_info</name>
         <load_address>0x91c</load_address>
         <run_address>0x91c</run_address>
         <size>0x290</size>
         <input_file_ref idref="fl-2"/>
      </object_component>
      <object_component id="oc-2e0">
         <name>.debug_info</name>
         <load_address>0xbac</load_address>
         <run_address>0xbac</run_address>
         <size>0x33b</size>
         <input_file_ref idref="fl-2"/>
      </object_component>
      <object_component id="oc-16a">
         <name>.debug_info</name>
         <load_address>0xee7</load_address>
         <run_address>0xee7</run_address>
         <size>0x48</size>
         <input_file_ref idref="fl-2"/>
      </object_component>
      <object_component id="oc-1ac">
         <name>.debug_info</name>
         <load_address>0xf2f</load_address>
         <run_address>0xf2f</run_address>
         <size>0x26b</size>
         <input_file_ref idref="fl-2"/>
      </object_component>
      <object_component id="oc-77">
         <name>.debug_info</name>
         <load_address>0x119a</load_address>
         <run_address>0x119a</run_address>
         <size>0xc0</size>
         <input_file_ref idref="fl-2"/>
      </object_component>
      <object_component id="oc-254">
         <name>.debug_info</name>
         <load_address>0x125a</load_address>
         <run_address>0x125a</run_address>
         <size>0x275</size>
         <input_file_ref idref="fl-2"/>
      </object_component>
      <object_component id="oc-226">
         <name>.debug_info</name>
         <load_address>0x14cf</load_address>
         <run_address>0x14cf</run_address>
         <size>0x2c</size>
         <input_file_ref idref="fl-2"/>
      </object_component>
      <object_component id="oc-13c">
         <name>.debug_info</name>
         <load_address>0x14fb</load_address>
         <run_address>0x14fb</run_address>
         <size>0x1ce</size>
         <input_file_ref idref="fl-3"/>
      </object_component>
      <object_component id="oc-142">
         <name>.debug_info</name>
         <load_address>0x16c9</load_address>
         <run_address>0x16c9</run_address>
         <size>0x4cb</size>
         <input_file_ref idref="fl-4"/>
      </object_component>
      <object_component id="oc-f5">
         <name>.debug_info</name>
         <load_address>0x1b94</load_address>
         <run_address>0x1b94</run_address>
         <size>0x333</size>
         <input_file_ref idref="fl-5"/>
      </object_component>
      <object_component id="oc-16f">
         <name>.debug_info</name>
         <load_address>0x1ec7</load_address>
         <run_address>0x1ec7</run_address>
         <size>0x71b</size>
         <input_file_ref idref="fl-6"/>
      </object_component>
      <object_component id="oc-167">
         <name>.debug_info</name>
         <load_address>0x25e2</load_address>
         <run_address>0x25e2</run_address>
         <size>0x116</size>
         <input_file_ref idref="fl-6"/>
      </object_component>
      <object_component id="oc-f9">
         <name>.debug_info</name>
         <load_address>0x26f8</load_address>
         <run_address>0x26f8</run_address>
         <size>0x958</size>
         <input_file_ref idref="fl-6"/>
      </object_component>
      <object_component id="oc-171">
         <name>.debug_info</name>
         <load_address>0x3050</load_address>
         <run_address>0x3050</run_address>
         <size>0x567</size>
         <input_file_ref idref="fl-7"/>
      </object_component>
      <object_component id="oc-14a">
         <name>.debug_info</name>
         <load_address>0x35b7</load_address>
         <run_address>0x35b7</run_address>
         <size>0x5e</size>
         <input_file_ref idref="fl-7"/>
      </object_component>
      <object_component id="oc-152">
         <name>.debug_info</name>
         <load_address>0x3615</load_address>
         <run_address>0x3615</run_address>
         <size>0x64</size>
         <input_file_ref idref="fl-7"/>
      </object_component>
      <object_component id="oc-100">
         <name>.debug_info</name>
         <load_address>0x3679</load_address>
         <run_address>0x3679</run_address>
         <size>0x87e</size>
         <input_file_ref idref="fl-7"/>
      </object_component>
      <object_component id="oc-15f">
         <name>.debug_info</name>
         <load_address>0x3ef7</load_address>
         <run_address>0x3ef7</run_address>
         <size>0x87</size>
         <input_file_ref idref="fl-8"/>
      </object_component>
      <object_component id="oc-18e">
         <name>.debug_info</name>
         <load_address>0x3f7e</load_address>
         <run_address>0x3f7e</run_address>
         <size>0x6af</size>
         <input_file_ref idref="fl-26"/>
      </object_component>
      <object_component id="oc-17d">
         <name>.debug_info</name>
         <load_address>0x462d</load_address>
         <run_address>0x462d</run_address>
         <size>0x151</size>
         <input_file_ref idref="fl-26"/>
      </object_component>
      <object_component id="oc-182">
         <name>.debug_info</name>
         <load_address>0x477e</load_address>
         <run_address>0x477e</run_address>
         <size>0x160</size>
         <input_file_ref idref="fl-26"/>
      </object_component>
      <object_component id="oc-104">
         <name>.debug_info</name>
         <load_address>0x48de</load_address>
         <run_address>0x48de</run_address>
         <size>0x198</size>
         <input_file_ref idref="fl-26"/>
      </object_component>
      <object_component id="oc-23c">
         <name>.debug_info</name>
         <load_address>0x4a76</load_address>
         <run_address>0x4a76</run_address>
         <size>0xb2</size>
         <input_file_ref idref="fl-26"/>
      </object_component>
      <object_component id="oc-225">
         <name>.debug_info</name>
         <load_address>0x4b28</load_address>
         <run_address>0x4b28</run_address>
         <size>0x80d</size>
         <input_file_ref idref="fl-27"/>
      </object_component>
      <object_component id="oc-1de">
         <name>.debug_info</name>
         <load_address>0x5335</load_address>
         <run_address>0x5335</run_address>
         <size>0x25b</size>
         <input_file_ref idref="fl-27"/>
      </object_component>
      <object_component id="oc-1e4">
         <name>.debug_info</name>
         <load_address>0x5590</load_address>
         <run_address>0x5590</run_address>
         <size>0x221</size>
         <input_file_ref idref="fl-27"/>
      </object_component>
      <object_component id="oc-29f">
         <name>.debug_info</name>
         <load_address>0x57b1</load_address>
         <run_address>0x57b1</run_address>
         <size>0x1a8</size>
         <input_file_ref idref="fl-27"/>
      </object_component>
      <object_component id="oc-2a5">
         <name>.debug_info</name>
         <load_address>0x5959</load_address>
         <run_address>0x5959</run_address>
         <size>0x219</size>
         <input_file_ref idref="fl-27"/>
      </object_component>
      <object_component id="oc-1f6">
         <name>.debug_info</name>
         <load_address>0x5b72</load_address>
         <run_address>0x5b72</run_address>
         <size>0x2fd</size>
         <input_file_ref idref="fl-27"/>
      </object_component>
      <object_component id="oc-2ac">
         <name>.debug_info</name>
         <load_address>0x5e6f</load_address>
         <run_address>0x5e6f</run_address>
         <size>0x25a</size>
         <input_file_ref idref="fl-27"/>
      </object_component>
      <object_component id="oc-1fc">
         <name>.debug_info</name>
         <load_address>0x60c9</load_address>
         <run_address>0x60c9</run_address>
         <size>0x280</size>
         <input_file_ref idref="fl-27"/>
      </object_component>
      <object_component id="oc-202">
         <name>.debug_info</name>
         <load_address>0x6349</load_address>
         <run_address>0x6349</run_address>
         <size>0x2eb</size>
         <input_file_ref idref="fl-27"/>
      </object_component>
      <object_component id="oc-208">
         <name>.debug_info</name>
         <load_address>0x6634</load_address>
         <run_address>0x6634</run_address>
         <size>0x4c0</size>
         <input_file_ref idref="fl-27"/>
      </object_component>
      <object_component id="oc-18a">
         <name>.debug_info</name>
         <load_address>0x6af4</load_address>
         <run_address>0x6af4</run_address>
         <size>0x6ad</size>
         <input_file_ref idref="fl-27"/>
      </object_component>
      <object_component id="oc-22b">
         <name>.debug_info</name>
         <load_address>0x71a1</load_address>
         <run_address>0x71a1</run_address>
         <size>0x86</size>
         <input_file_ref idref="fl-27"/>
      </object_component>
      <object_component id="oc-2cf">
         <name>.debug_info</name>
         <load_address>0x7227</load_address>
         <run_address>0x7227</run_address>
         <size>0x39</size>
         <input_file_ref idref="fl-27"/>
      </object_component>
      <object_component id="oc-341">
         <name>.debug_info</name>
         <load_address>0x7260</load_address>
         <run_address>0x7260</run_address>
         <size>0x94</size>
         <input_file_ref idref="fl-27"/>
      </object_component>
      <object_component id="oc-2d4">
         <name>.debug_info</name>
         <load_address>0x72f4</load_address>
         <run_address>0x72f4</run_address>
         <size>0x46</size>
         <input_file_ref idref="fl-27"/>
      </object_component>
      <object_component id="oc-235">
         <name>.debug_info</name>
         <load_address>0x733a</load_address>
         <run_address>0x733a</run_address>
         <size>0x46</size>
         <input_file_ref idref="fl-27"/>
      </object_component>
      <object_component id="oc-230">
         <name>.debug_info</name>
         <load_address>0x7380</load_address>
         <run_address>0x7380</run_address>
         <size>0x2c</size>
         <input_file_ref idref="fl-27"/>
      </object_component>
      <object_component id="oc-272">
         <name>.debug_info</name>
         <load_address>0x73ac</load_address>
         <run_address>0x73ac</run_address>
         <size>0x64d</size>
         <input_file_ref idref="fl-28"/>
      </object_component>
      <object_component id="oc-1c5">
         <name>.debug_info</name>
         <load_address>0x79f9</load_address>
         <run_address>0x79f9</run_address>
         <size>0x212</size>
         <input_file_ref idref="fl-28"/>
      </object_component>
      <object_component id="oc-274">
         <name>.debug_info</name>
         <load_address>0x7c0b</load_address>
         <run_address>0x7c0b</run_address>
         <size>0x65e</size>
         <input_file_ref idref="fl-29"/>
      </object_component>
      <object_component id="oc-1ca">
         <name>.debug_info</name>
         <load_address>0x8269</load_address>
         <run_address>0x8269</run_address>
         <size>0x325</size>
         <input_file_ref idref="fl-29"/>
      </object_component>
      <object_component id="oc-e4">
         <name>.debug_info</name>
         <load_address>0x858e</load_address>
         <run_address>0x858e</run_address>
         <size>0x2c</size>
         <input_file_ref idref="fl-29"/>
      </object_component>
      <object_component id="oc-2f2">
         <name>.debug_info</name>
         <load_address>0x85ba</load_address>
         <run_address>0x85ba</run_address>
         <size>0x5c9</size>
         <input_file_ref idref="fl-2a"/>
      </object_component>
      <object_component id="oc-261">
         <name>.debug_info</name>
         <load_address>0x8b83</load_address>
         <run_address>0x8b83</run_address>
         <size>0x18b</size>
         <input_file_ref idref="fl-2a"/>
      </object_component>
      <object_component id="oc-362">
         <name>.debug_info</name>
         <load_address>0x8d0e</load_address>
         <run_address>0x8d0e</run_address>
         <size>0xbf</size>
         <input_file_ref idref="fl-2a"/>
      </object_component>
      <object_component id="oc-361">
         <name>.debug_info</name>
         <load_address>0x8dcd</load_address>
         <run_address>0x8dcd</run_address>
         <size>0x633</size>
         <input_file_ref idref="fl-2b"/>
      </object_component>
      <object_component id="oc-2ed">
         <name>.debug_info</name>
         <load_address>0x9400</load_address>
         <run_address>0x9400</run_address>
         <size>0x22b</size>
         <input_file_ref idref="fl-2b"/>
      </object_component>
      <object_component id="oc-2c6">
         <name>.debug_info</name>
         <load_address>0x962b</load_address>
         <run_address>0x962b</run_address>
         <size>0x558</size>
         <input_file_ref idref="fl-2c"/>
      </object_component>
      <object_component id="oc-215">
         <name>.debug_info</name>
         <load_address>0x9b83</load_address>
         <run_address>0x9b83</run_address>
         <size>0x14f</size>
         <input_file_ref idref="fl-2c"/>
      </object_component>
      <object_component id="oc-336">
         <name>.debug_info</name>
         <load_address>0x9cd2</load_address>
         <run_address>0x9cd2</run_address>
         <size>0x46</size>
         <input_file_ref idref="fl-2c"/>
      </object_component>
      <object_component id="oc-2c1">
         <name>.debug_info</name>
         <load_address>0x9d18</load_address>
         <run_address>0x9d18</run_address>
         <size>0x39</size>
         <input_file_ref idref="fl-2c"/>
      </object_component>
      <object_component id="oc-1d1">
         <name>.debug_info</name>
         <load_address>0x9d51</load_address>
         <run_address>0x9d51</run_address>
         <size>0x10e</size>
         <input_file_ref idref="fl-2d"/>
      </object_component>
      <object_component id="oc-21f">
         <name>.debug_info</name>
         <load_address>0x9e5f</load_address>
         <run_address>0x9e5f</run_address>
         <size>0x10c</size>
         <input_file_ref idref="fl-2d"/>
      </object_component>
      <object_component id="oc-288">
         <name>.debug_info</name>
         <load_address>0x9f6b</load_address>
         <run_address>0x9f6b</run_address>
         <size>0x114</size>
         <input_file_ref idref="fl-2e"/>
      </object_component>
      <object_component id="oc-32">
         <name>.debug_info</name>
         <load_address>0xa07f</load_address>
         <run_address>0xa07f</run_address>
         <size>0x121</size>
         <input_file_ref idref="fl-2f"/>
      </object_component>
      <object_component id="oc-15b">
         <name>.debug_info</name>
         <load_address>0xa1a0</load_address>
         <run_address>0xa1a0</run_address>
         <size>0x114</size>
         <input_file_ref idref="fl-30"/>
      </object_component>
      <object_component id="oc-6b">
         <name>.debug_info</name>
         <load_address>0xa2b4</load_address>
         <run_address>0xa2b4</run_address>
         <size>0x5de</size>
         <input_file_ref idref="fl-31"/>
      </object_component>
      <object_component id="oc-2c">
         <name>.debug_info</name>
         <load_address>0xa892</load_address>
         <run_address>0xa892</run_address>
         <size>0xf5</size>
         <input_file_ref idref="fl-31"/>
      </object_component>
      <object_component id="oc-29">
         <name>.debug_info</name>
         <load_address>0xa987</load_address>
         <run_address>0xa987</run_address>
         <size>0x182</size>
         <input_file_ref idref="fl-31"/>
      </object_component>
      <object_component id="oc-318">
         <name>.debug_info</name>
         <load_address>0xab09</load_address>
         <run_address>0xab09</run_address>
         <size>0x553</size>
         <input_file_ref idref="fl-32"/>
      </object_component>
      <object_component id="oc-284">
         <name>.debug_info</name>
         <load_address>0xb05c</load_address>
         <run_address>0xb05c</run_address>
         <size>0x1d4</size>
         <input_file_ref idref="fl-32"/>
      </object_component>
      <object_component id="oc-316">
         <name>.debug_info</name>
         <load_address>0xb230</load_address>
         <run_address>0xb230</run_address>
         <size>0x573</size>
         <input_file_ref idref="fl-33"/>
      </object_component>
      <object_component id="oc-30c">
         <name>.debug_info</name>
         <load_address>0xb7a3</load_address>
         <run_address>0xb7a3</run_address>
         <size>0x179</size>
         <input_file_ref idref="fl-33"/>
      </object_component>
      <object_component id="oc-27c">
         <name>.debug_info</name>
         <load_address>0xb91c</load_address>
         <run_address>0xb91c</run_address>
         <size>0x251</size>
         <input_file_ref idref="fl-33"/>
      </object_component>
      <object_component id="oc-384">
         <name>.debug_info</name>
         <load_address>0xbb6d</load_address>
         <run_address>0xbb6d</run_address>
         <size>0x553</size>
         <input_file_ref idref="fl-34"/>
      </object_component>
      <object_component id="oc-310">
         <name>.debug_info</name>
         <load_address>0xc0c0</load_address>
         <run_address>0xc0c0</run_address>
         <size>0x19e</size>
         <input_file_ref idref="fl-34"/>
      </object_component>
      <object_component id="oc-304">
         <name>.debug_info</name>
         <load_address>0xc25e</load_address>
         <run_address>0xc25e</run_address>
         <size>0x18b</size>
         <input_file_ref idref="fl-34"/>
      </object_component>
      <object_component id="oc-37f">
         <name>.debug_info</name>
         <load_address>0xc3e9</load_address>
         <run_address>0xc3e9</run_address>
         <size>0x39</size>
         <input_file_ref idref="fl-34"/>
      </object_component>
      <object_component id="oc-3f3">
         <name>.debug_info</name>
         <load_address>0xc422</load_address>
         <run_address>0xc422</run_address>
         <size>0x2c</size>
         <input_file_ref idref="fl-34"/>
      </object_component>
      <object_component id="oc-e3">
         <name>.debug_info</name>
         <load_address>0xc44e</load_address>
         <run_address>0xc44e</run_address>
         <size>0x563</size>
         <input_file_ref idref="fl-35"/>
      </object_component>
      <object_component id="oc-7f">
         <name>.debug_info</name>
         <load_address>0xc9b1</load_address>
         <run_address>0xc9b1</run_address>
         <size>0x226</size>
         <input_file_ref idref="fl-35"/>
      </object_component>
      <object_component id="oc-124">
         <name>.debug_info</name>
         <load_address>0xcbd7</load_address>
         <run_address>0xcbd7</run_address>
         <size>0x7c3</size>
         <input_file_ref idref="fl-36"/>
      </object_component>
      <object_component id="oc-a5">
         <name>.debug_info</name>
         <load_address>0xd39a</load_address>
         <run_address>0xd39a</run_address>
         <size>0x1af</size>
         <input_file_ref idref="fl-36"/>
      </object_component>
      <object_component id="oc-194">
         <name>.debug_info</name>
         <load_address>0xd549</load_address>
         <run_address>0xd549</run_address>
         <size>0x39</size>
         <input_file_ref idref="fl-36"/>
      </object_component>
      <object_component id="oc-1a0">
         <name>.debug_info</name>
         <load_address>0xd582</load_address>
         <run_address>0xd582</run_address>
         <size>0x39</size>
         <input_file_ref idref="fl-36"/>
      </object_component>
      <object_component id="oc-12f">
         <name>.debug_info</name>
         <load_address>0xd5bb</load_address>
         <run_address>0xd5bb</run_address>
         <size>0x39</size>
         <input_file_ref idref="fl-36"/>
      </object_component>
      <object_component id="oc-199">
         <name>.debug_info</name>
         <load_address>0xd5f4</load_address>
         <run_address>0xd5f4</run_address>
         <size>0xcd</size>
         <input_file_ref idref="fl-36"/>
      </object_component>
      <object_component id="oc-63">
         <name>.debug_info</name>
         <load_address>0xd6c1</load_address>
         <run_address>0xd6c1</run_address>
         <size>0x148</size>
         <input_file_ref idref="fl-37"/>
      </object_component>
      <object_component id="oc-11a">
         <name>.debug_info</name>
         <load_address>0xd809</load_address>
         <run_address>0xd809</run_address>
         <size>0x145</size>
         <input_file_ref idref="fl-38"/>
      </object_component>
      <object_component id="oc-3c">
         <name>.debug_info</name>
         <load_address>0xd94e</load_address>
         <run_address>0xd94e</run_address>
         <size>0x56c</size>
         <input_file_ref idref="fl-3b"/>
      </object_component>
      <object_component id="oc-19">
         <name>.debug_info</name>
         <load_address>0xdeba</load_address>
         <run_address>0xdeba</run_address>
         <size>0x1cc</size>
         <input_file_ref idref="fl-3b"/>
      </object_component>
      <object_component id="oc-37">
         <name>.debug_info</name>
         <load_address>0xe086</load_address>
         <run_address>0xe086</run_address>
         <size>0x46</size>
         <input_file_ref idref="fl-3b"/>
      </object_component>
      <object_component id="oc-70">
         <name>.debug_info</name>
         <load_address>0xe0cc</load_address>
         <run_address>0xe0cc</run_address>
         <size>0x2c</size>
         <input_file_ref idref="fl-3b"/>
      </object_component>
      <object_component id="oc-83">
         <name>.debug_info</name>
         <load_address>0xe0f8</load_address>
         <run_address>0xe0f8</run_address>
         <size>0x59d</size>
         <input_file_ref idref="fl-3c"/>
      </object_component>
      <object_component id="oc-3f">
         <name>.debug_info</name>
         <load_address>0xe695</load_address>
         <run_address>0xe695</run_address>
         <size>0x254</size>
         <input_file_ref idref="fl-3c"/>
      </object_component>
      <object_component id="oc-21">
         <name>.debug_info</name>
         <load_address>0xe8e9</load_address>
         <run_address>0xe8e9</run_address>
         <size>0x1b1</size>
         <input_file_ref idref="fl-3c"/>
      </object_component>
      <object_component id="oc-44">
         <name>.debug_info</name>
         <load_address>0xea9a</load_address>
         <run_address>0xea9a</run_address>
         <size>0x46</size>
         <input_file_ref idref="fl-3c"/>
      </object_component>
      <object_component id="oc-eb">
         <name>.debug_info</name>
         <load_address>0xeae0</load_address>
         <run_address>0xeae0</run_address>
         <size>0x39</size>
         <input_file_ref idref="fl-3c"/>
      </object_component>
      <object_component id="oc-84">
         <name>.debug_info</name>
         <load_address>0xeb19</load_address>
         <run_address>0xeb19</run_address>
         <size>0x2c</size>
         <input_file_ref idref="fl-3c"/>
      </object_component>
      <object_component id="oc-331">
         <name>.debug_info</name>
         <load_address>0xeb45</load_address>
         <run_address>0xeb45</run_address>
         <size>0x58a</size>
         <input_file_ref idref="fl-3d"/>
      </object_component>
      <object_component id="oc-2b2">
         <name>.debug_info</name>
         <load_address>0xf0cf</load_address>
         <run_address>0xf0cf</run_address>
         <size>0x1e6</size>
         <input_file_ref idref="fl-3d"/>
      </object_component>
      <object_component id="oc-1e8">
         <name>.debug_info</name>
         <load_address>0xf2b5</load_address>
         <run_address>0xf2b5</run_address>
         <size>0x146</size>
         <input_file_ref idref="fl-3e"/>
      </object_component>
      <object_component id="oc-321">
         <name>.debug_info</name>
         <load_address>0xf3fb</load_address>
         <run_address>0xf3fb</run_address>
         <size>0x7f</size>
         <input_file_ref idref="fl-3e"/>
      </object_component>
      <object_component id="oc-3ff">
         <name>.debug_info</name>
         <load_address>0xf47a</load_address>
         <run_address>0xf47a</run_address>
         <size>0x53</size>
         <input_file_ref idref="fl-3e"/>
      </object_component>
      <object_component id="oc-396">
         <name>.debug_info</name>
         <load_address>0xf4cd</load_address>
         <run_address>0xf4cd</run_address>
         <size>0x2c</size>
         <input_file_ref idref="fl-3e"/>
      </object_component>
      <object_component id="oc-391">
         <name>.debug_info</name>
         <load_address>0xf4f9</load_address>
         <run_address>0xf4f9</run_address>
         <size>0x39</size>
         <input_file_ref idref="fl-3e"/>
      </object_component>
      <object_component id="oc-333">
         <name>.debug_info</name>
         <load_address>0xf532</load_address>
         <run_address>0xf532</run_address>
         <size>0x58a</size>
         <input_file_ref idref="fl-3f"/>
      </object_component>
      <object_component id="oc-2ba">
         <name>.debug_info</name>
         <load_address>0xfabc</load_address>
         <run_address>0xfabc</run_address>
         <size>0x1c9</size>
         <input_file_ref idref="fl-3f"/>
      </object_component>
      <object_component id="oc-1ef">
         <name>.debug_info</name>
         <load_address>0xfc85</load_address>
         <run_address>0xfc85</run_address>
         <size>0x140</size>
         <input_file_ref idref="fl-40"/>
      </object_component>
      <object_component id="oc-291">
         <name>.debug_info</name>
         <load_address>0xfdc5</load_address>
         <run_address>0xfdc5</run_address>
         <size>0x241</size>
         <input_file_ref idref="fl-41"/>
      </object_component>
      <object_component id="oc-39b">
         <name>.debug_info</name>
         <load_address>0x10006</load_address>
         <run_address>0x10006</run_address>
         <size>0x60</size>
         <input_file_ref idref="fl-41"/>
      </object_component>
      <object_component id="oc-326">
         <name>.debug_info</name>
         <load_address>0x10066</load_address>
         <run_address>0x10066</run_address>
         <size>0x46</size>
         <input_file_ref idref="fl-41"/>
      </object_component>
      <object_component id="oc-31d">
         <name>.debug_info</name>
         <load_address>0x100ac</load_address>
         <run_address>0x100ac</run_address>
         <size>0x167</size>
         <input_file_ref idref="fl-42"/>
      </object_component>
      <object_component id="oc-3fa">
         <name>.debug_info</name>
         <load_address>0x10213</load_address>
         <run_address>0x10213</run_address>
         <size>0x2c</size>
         <input_file_ref idref="fl-42"/>
      </object_component>
      <object_component id="oc-38c">
         <name>.debug_info</name>
         <load_address>0x1023f</load_address>
         <run_address>0x1023f</run_address>
         <size>0x2c</size>
         <input_file_ref idref="fl-42"/>
      </object_component>
      <object_component id="oc-a2">
         <name>.debug_info</name>
         <load_address>0x1026b</load_address>
         <run_address>0x1026b</run_address>
         <size>0x59b</size>
         <input_file_ref idref="fl-43"/>
      </object_component>
      <object_component id="oc-99">
         <name>.debug_info</name>
         <load_address>0x10806</load_address>
         <run_address>0x10806</run_address>
         <size>0x185</size>
         <input_file_ref idref="fl-43"/>
      </object_component>
      <object_component id="oc-9c">
         <name>.debug_info</name>
         <load_address>0x1098b</load_address>
         <run_address>0x1098b</run_address>
         <size>0x117</size>
         <input_file_ref idref="fl-43"/>
      </object_component>
      <object_component id="oc-5c">
         <name>.debug_info</name>
         <load_address>0x10aa2</load_address>
         <run_address>0x10aa2</run_address>
         <size>0x177</size>
         <input_file_ref idref="fl-43"/>
      </object_component>
      <object_component id="oc-6e">
         <name>.debug_info</name>
         <load_address>0x10c19</load_address>
         <run_address>0x10c19</run_address>
         <size>0x60d</size>
         <input_file_ref idref="fl-44"/>
      </object_component>
      <object_component id="oc-2f">
         <name>.debug_info</name>
         <load_address>0x11226</load_address>
         <run_address>0x11226</run_address>
         <size>0x101</size>
         <input_file_ref idref="fl-44"/>
      </object_component>
      <object_component id="oc-3ab">
         <name>.debug_info</name>
         <load_address>0x11327</load_address>
         <run_address>0x11327</run_address>
         <size>0x124</size>
         <input_file_ref idref="fl-44"/>
      </object_component>
      <object_component id="oc-3b4">
         <name>.debug_info</name>
         <load_address>0x1144b</load_address>
         <run_address>0x1144b</run_address>
         <size>0x172</size>
         <input_file_ref idref="fl-44"/>
      </object_component>
      <object_component id="oc-3ae">
         <name>.debug_info</name>
         <load_address>0x115bd</load_address>
         <run_address>0x115bd</run_address>
         <size>0x171</size>
         <input_file_ref idref="fl-44"/>
      </object_component>
      <object_component id="oc-355">
         <name>.debug_info</name>
         <load_address>0x1172e</load_address>
         <run_address>0x1172e</run_address>
         <size>0x1dc</size>
         <input_file_ref idref="fl-44"/>
      </object_component>
      <object_component id="oc-34f">
         <name>.debug_info</name>
         <load_address>0x1190a</load_address>
         <run_address>0x1190a</run_address>
         <size>0x28a</size>
         <input_file_ref idref="fl-44"/>
      </object_component>
      <object_component id="oc-d8">
         <name>.debug_info</name>
         <load_address>0x11b94</load_address>
         <run_address>0x11b94</run_address>
         <size>0x2c</size>
         <input_file_ref idref="fl-44"/>
      </object_component>
      <object_component id="oc-dd">
         <name>.debug_info</name>
         <load_address>0x11bc0</load_address>
         <run_address>0x11bc0</run_address>
         <size>0x62</size>
         <input_file_ref idref="fl-44"/>
      </object_component>
      <object_component id="oc-1bb">
         <name>.debug_info</name>
         <load_address>0x11c22</load_address>
         <run_address>0x11c22</run_address>
         <size>0x554</size>
         <input_file_ref idref="fl-45"/>
      </object_component>
      <object_component id="oc-173">
         <name>.debug_info</name>
         <load_address>0x12176</load_address>
         <run_address>0x12176</run_address>
         <size>0xf4</size>
         <input_file_ref idref="fl-45"/>
      </object_component>
      <object_component id="oc-179">
         <name>.debug_info</name>
         <load_address>0x1226a</load_address>
         <run_address>0x1226a</run_address>
         <size>0xf8</size>
         <input_file_ref idref="fl-45"/>
      </object_component>
      <object_component id="oc-1b4">
         <name>.debug_info</name>
         <load_address>0x12362</load_address>
         <run_address>0x12362</run_address>
         <size>0x123</size>
         <input_file_ref idref="fl-45"/>
      </object_component>
      <object_component id="oc-32c">
         <name>.debug_info</name>
         <load_address>0x12485</load_address>
         <run_address>0x12485</run_address>
         <size>0x560</size>
         <input_file_ref idref="fl-46"/>
      </object_component>
      <object_component id="oc-29a">
         <name>.debug_info</name>
         <load_address>0x129e5</load_address>
         <run_address>0x129e5</run_address>
         <size>0x1c0</size>
         <input_file_ref idref="fl-46"/>
      </object_component>
      <object_component id="oc-97">
         <name>.debug_info</name>
         <load_address>0x12ba5</load_address>
         <run_address>0x12ba5</run_address>
         <size>0x5a8</size>
         <input_file_ref idref="fl-47"/>
      </object_component>
      <object_component id="oc-56">
         <name>.debug_info</name>
         <load_address>0x1314d</load_address>
         <run_address>0x1314d</run_address>
         <size>0x167</size>
[...]
            <run_address>0xc028c80</run_address>
            <run_size>0x148</run_size>
            <compression>rle</compression>
         </cprec>
      </cptbl>
   </cptbl_list>
   <handler_table>
      <handler_table_name>__TI_handler_table</handler_table_name>
      <handler>
         <index>0x0</index>
         <name>__TI_decompress_rle24</name>
      </handler>
      <handler>
         <index>0x1</index>
         <name>__TI_decompress_none</name>
      </handler>
   </handler_table>
   <symbol_table>
      <symbol id="sm-1">
         <name>__TI_CINIT_Base</name>
         <value>0xc028fa8</value>
      </symbol>
      <symbol id="sm-2">
         <name>__TI_CINIT_Limit</name>
         <value>0xc028fb8</value>
      </symbol>
      <symbol id="sm-3">
         <name>__TI_Handler_Table_Base</name>
         <value>0xc028f9c</value>
      </symbol>
      <symbol id="sm-4">
         <name>__TI_Handler_Table_Limit</name>
         <value>0xc028fa4</value>
      </symbol>
      <symbol id="sm-5">
         <name>binit</name>
         <value>0xffffffff</value>
      </symbol>
      <symbol id="sm-6">
         <name>__binit__</name>
         <value>0xffffffff</value>
      </symbol>
      <symbol id="sm-7">
         <name>__TI_STACK_SIZE</name>
         <value>0x400</value>
      </symbol>
      <symbol id="sm-8">
         <name>__TI_STACK_END</name>
         <value>0xc028560</value>
      </symbol>
      <symbol id="sm-9">
         <name>__TI_SYSMEM_SIZE</name>
         <value>0x400</value>
      </symbol>
      <symbol id="sm-a">
         <name>__c_args__</name>
         <value>0xffffffff</value>
      </symbol>
      <symbol id="sm-b">
         <name>__TI_pprof_out_hndl</name>
         <value>0xffffffff</value>
      </symbol>
      <symbol id="sm-c">
         <name>__TI_prof_data_start</name>
         <value>0xffffffff</value>
      </symbol>
      <symbol id="sm-d">
         <name>__TI_prof_data_size</name>
         <value>0xffffffff</value>
      </symbol>
      <symbol id="sm-63">
         <name>EMIF16_TEST_FUCTION</name>
         <value>0xc027a78</value>
         <object_component_ref idref="oc-90"/>
      </symbol>
      <symbol id="sm-64">
         <name>main</name>
         <value>0xc027a60</value>
         <object_component_ref idref="oc-90"/>
      </symbol>
      <symbol id="sm-6d">
         <name>C6672_EMIF_CONFIGURATION</name>
         <value>0xc027480</value>
         <object_component_ref idref="oc-13b"/>
      </symbol>
      <symbol id="sm-8b">
         <name>C6672_Main_PLL_Configuration</name>
         <value>0xc0235e0</value>
         <object_component_ref idref="oc-141"/>
      </symbol>
      <symbol id="sm-8c">
         <name>C6672_Main_PLL_Wake_Up</name>
         <value>0xc0238cc</value>
         <object_component_ref idref="oc-141"/>
      </symbol>
      <symbol id="sm-8d">
         <name>C6672_DDR3_PLL_Confiugration</name>
         <value>0xc023a64</value>
         <object_component_ref idref="oc-141"/>
      </symbol>
      <symbol id="sm-9a">
         <name>LSAM_TDD_Initializatoin</name>
         <value>0xc027e40</value>
         <object_component_ref idref="oc-f1"/>
      </symbol>
      <symbol id="sm-9b">
         <name>LSAM_TDD_PLL_Initialization</name>
         <value>0xc027e4c</value>
         <object_component_ref idref="oc-f1"/>
      </symbol>
      <symbol id="sm-fb">
         <name>Write_NOR_Flash_App_Code</name>
         <value>0xc022320</value>
         <object_component_ref idref="oc-f7"/>
      </symbol>
      <symbol id="sm-fc">
         <name>LSAM_FPGA_EMIF16_Initialization</name>
         <value>0xc0225b0</value>
         <object_component_ref idref="oc-f7"/>
      </symbol>
      <symbol id="sm-128">
         <name>S29GL256P_NOR_Flash_Sector_Erase</name>
         <value>0xc0244f0</value>
         <object_component_ref idref="oc-fd"/>
      </symbol>
      <symbol id="sm-129">
         <name>S29GL256P_NOR_Flash_Read_Manufacturer_ID</name>
         <value>0xc024380</value>
         <object_component_ref idref="oc-fd"/>
      </symbol>
      <symbol id="sm-12a">
         <name>S29GL256P_NOR_Flash_Chip_Erase</name>
         <value>0xc02462c</value>
         <object_component_ref idref="oc-fd"/>
      </symbol>
      <symbol id="sm-12b">
         <name>Hold_On</name>
         <value>0xc027e00</value>
         <object_component_ref idref="oc-150"/>
      </symbol>
      <symbol id="sm-12c">
         <name>S29GL256P_NOR_Flash_Read_Device_ID</name>
         <value>0xc0243e8</value>
         <object_component_ref idref="oc-fd"/>
      </symbol>
      <symbol id="sm-12d">
         <name>S29GL256P_NOR_Flash_Reset</name>
         <value>0xc027fc0</value>
         <object_component_ref idref="oc-148"/>
      </symbol>
      <symbol id="sm-12e">
         <name>S29GL256P_NOR_Flash_Write_Word_Programming</name>
         <value>0xc02444c</value>
         <object_component_ref idref="oc-fd"/>
      </symbol>
      <symbol id="sm-13a">
         <name>Waiting_Function</name>
         <value>0xc027e80</value>
         <object_component_ref idref="oc-15d"/>
      </symbol>
      <symbol id="sm-162">
         <name>printf</name>
         <value>0xc026da0</value>
         <object_component_ref idref="oc-103"/>
      </symbol>
      <symbol id="sm-375">
         <name>__TI_printfi</name>
         <value>0xc020340</value>
         <object_component_ref idref="oc-187"/>
      </symbol>
      <symbol id="sm-394">
         <name>putc</name>
         <value>0xc025520</value>
         <object_component_ref idref="oc-1c2"/>
      </symbol>
      <symbol id="sm-395">
         <name>fputc</name>
         <value>0xc025520</value>
         <object_component_ref idref="oc-1c2"/>
      </symbol>
      <symbol id="sm-3c9">
         <name>fputs</name>
         <value>0xc024720</value>
         <object_component_ref idref="oc-1c9"/>
      </symbol>
      <symbol id="sm-3df">
         <name>__TI_wrt_ok</name>
         <value>0xc026a20</value>
         <object_component_ref idref="oc-25f"/>
      </symbol>
      <symbol id="sm-3fb">
         <name>setvbuf</name>
         <value>0xc025a60</value>
         <object_component_ref idref="oc-2eb"/>
      </symbol>
      <symbol id="sm-415">
         <name>wcslen</name>
         <value>0xc027f80</value>
         <object_component_ref idref="oc-211"/>
      </symbol>
      <symbol id="sm-423">
         <name>__c6xabi_push_rts</name>
         <value>0xc028020</value>
         <object_component_ref idref="oc-1d0"/>
      </symbol>
      <symbol id="sm-424">
         <name>__pop_rts</name>
         <value>0xc028000</value>
         <object_component_ref idref="oc-21d"/>
      </symbol>
      <symbol id="sm-425">
         <name>__c6xabi_pop_rts</name>
         <value>0xc028000</value>
         <object_component_ref idref="oc-21d"/>
      </symbol>
      <symbol id="sm-426">
         <name>__push_rts</name>
         <value>0xc028020</value>
         <object_component_ref idref="oc-1d0"/>
      </symbol>
      <symbol id="sm-42f">
         <name>__c6xabi_divu</name>
         <value>0xc027180</value>
         <object_component_ref idref="oc-287"/>
      </symbol>
      <symbol id="sm-430">
         <name>__divu</name>
         <value>0xc027180</value>
         <object_component_ref idref="oc-287"/>
      </symbol>
      <symbol id="sm-439">
         <name>memcpy</name>
         <value>0xc027840</value>
         <object_component_ref idref="oc-31"/>
      </symbol>
      <symbol id="sm-442">
         <name>__remu</name>
         <value>0xc027660</value>
         <object_component_ref idref="oc-158"/>
      </symbol>
      <symbol id="sm-443">
         <name>__c6xabi_remu</name>
         <value>0xc027660</value>
         <object_component_ref idref="oc-158"/>
      </symbol>
      <symbol id="sm-459">
         <name>_c_int00</name>
         <value>0xc0279e0</value>
         <object_component_ref idref="oc-25"/>
      </symbol>
      <symbol id="sm-45a">
         <name>_stack</name>
         <value>0xc028160</value>
         <object_component_ref idref="oc-2b"/>
      </symbol>
      <symbol id="sm-46b">
         <name>__c6xabi_divul</name>
         <value>0xc0251a0</value>
         <object_component_ref idref="oc-281"/>
      </symbol>
      <symbol id="sm-488">
         <name>_subcull</name>
         <value>0xc027c80</value>
         <object_component_ref idref="oc-309"/>
      </symbol>
      <symbol id="sm-489">
         <name>__c6xabi_divull</name>
         <value>0xc024f60</value>
         <object_component_ref idref="oc-27b"/>
      </symbol>
      <symbol id="sm-4a8">
         <name>__c6xabi_llshru</name>
         <value>0xc027c20</value>
         <object_component_ref idref="oc-30f"/>
      </symbol>
      <symbol id="sm-4a9">
         <name>__c6xabi_llshl</name>
         <value>0xc027960</value>
         <object_component_ref idref="oc-303"/>
      </symbol>
      <symbol id="sm-4b9">
         <name>memset</name>
         <value>0xc026cc0</value>
         <object_component_ref idref="oc-7c"/>
      </symbol>
      <symbol id="sm-4de">
         <name>__TI_auto_init_nobinit_nopinit</name>
         <value>0xc027000</value>
         <object_component_ref idref="oc-a4"/>
      </symbol>
      <symbol id="sm-4e7">
         <name>_system_pre_init</name>
         <value>0xc0280e0</value>
         <object_component_ref idref="oc-61"/>
      </symbol>
      <symbol id="sm-4f0">
         <name>_system_post_cinit</name>
         <value>0xc0280c0</value>
         <object_component_ref idref="oc-117"/>
      </symbol>
      <symbol id="sm-509">
         <name>__TI_decompress_none</name>
         <value>0xc028120</value>
         <object_component_ref idref="oc-18"/>
      </symbol>
      <symbol id="sm-534">
         <name>__TI_decompress_rle24</name>
         <value>0xc028140</value>
         <object_component_ref idref="oc-1e"/>
      </symbol>
      <symbol id="sm-548">
         <name>frexpl</name>
         <value>0xc025dc0</value>
         <object_component_ref idref="oc-2b1"/>
      </symbol>
      <symbol id="sm-549">
         <name>frexp</name>
         <value>0xc025dc0</value>
         <object_component_ref idref="oc-2b1"/>
      </symbol>
      <symbol id="sm-566">
         <name>__c6xabi_isinf</name>
         <value>0xc027ec0</value>
         <object_component_ref idref="oc-1e7"/>
      </symbol>
      <symbol id="sm-57a">
         <name>scalbn</name>
         <value>0xc0256e0</value>
         <object_component_ref idref="oc-2b7"/>
      </symbol>
      <symbol id="sm-57b">
         <name>scalbnl</name>
         <value>0xc0256e0</value>
         <object_component_ref idref="oc-2b7"/>
      </symbol>
      <symbol id="sm-57c">
         <name>ldexpl</name>
         <value>0xc0256e0</value>
         <object_component_ref idref="oc-2b7"/>
      </symbol>
      <symbol id="sm-57d">
         <name>ldexp</name>
         <value>0xc0256e0</value>
         <object_component_ref idref="oc-2b7"/>
      </symbol>
      <symbol id="sm-586">
         <name>_signbit</name>
         <value>0xc0280a0</value>
         <object_component_ref idref="oc-1ed"/>
      </symbol>
      <symbol id="sm-5a5">
         <name>__c6xabi_divd</name>
         <value>0xc022fe0</value>
         <object_component_ref idref="oc-290"/>
      </symbol>
      <symbol id="sm-5b8">
         <name>__TI_frcmpyd_div</name>
         <value>0xc027b60</value>
         <object_component_ref idref="oc-31a"/>
      </symbol>
      <symbol id="sm-5d9">
         <name>C$$EXIT</name>
         <value>0xc028100</value>
         <object_component_ref idref="oc-9b"/>
      </symbol>
      <symbol id="sm-5da">
         <name>abort</name>
         <value>0xc028100</value>
         <object_component_ref idref="oc-9b"/>
      </symbol>
      <symbol id="sm-5db">
         <name>exit</name>
         <value>0xc026be0</value>
         <object_component_ref idref="oc-5b"/>
      </symbol>
      <symbol id="sm-5dc">
         <name>__TI_dtors_ptr</name>
         <value>0xc028c5c</value>
         <object_component_ref idref="oc-98"/>
      </symbol>
      <symbol id="sm-5dd">
         <name>__TI_cleanup_ptr</name>
         <value>0xc028c58</value>
         <object_component_ref idref="oc-98"/>
      </symbol>
      <symbol id="sm-5de">
         <name>__TI_enable_exit_profile_output</name>
         <value>0xc028c60</value>
         <object_component_ref idref="oc-98"/>
      </symbol>
      <symbol id="sm-649">
         <name>_sys_memory</name>
         <value>0xc028560</value>
         <object_component_ref idref="oc-2e"/>
      </symbol>
      <symbol id="sm-64a">
         <name>free</name>
         <value>0xc023fc0</value>
         <object_component_ref idref="oc-34e"/>
      </symbol>
      <symbol id="sm-64b">
         <name>malloc</name>
         <value>0xc0258a0</value>
         <object_component_ref idref="oc-354"/>
      </symbol>
      <symbol id="sm-661">
         <name>_nop</name>
         <value>0xc028040</value>
         <object_component_ref idref="oc-1b3"/>
      </symbol>
      <symbol id="sm-662">
         <name>_lock</name>
         <value>0xc028c6c</value>
         <object_component_ref idref="oc-172"/>
      </symbol>
      <symbol id="sm-663">
         <name>_unlock</name>
         <value>0xc028c70</value>
         <object_component_ref idref="oc-178"/>
      </symbol>
      <symbol id="sm-673">
         <name>__TI_ltoa</name>
         <value>0xc026940</value>
         <object_component_ref idref="oc-296"/>
      </symbol>
      <symbol id="sm-685">
         <name>_args_main</name>
         <value>0xc027f40</value>
         <object_component_ref idref="oc-55"/>
      </symbol>
      <symbol id="sm-699">
         <name>atoi</name>
         <value>0xc0264a0</value>
         <object_component_ref idref="oc-1d5"/>
      </symbol>
      <symbol id="sm-6a3">
         <name>_ctypes_</name>
         <value>0xc0201c8</value>
         <object_component_ref idref="oc-276"/>
      </symbol>
      <symbol id="sm-6b3">
         <name>__TI_tmpnams</name>
         <value>0xc028c80</value>
      </symbol>
      <symbol id="sm-6b4">
         <name>_ftable</name>
         <value>0xc028960</value>
         <object_component_ref idref="oc-175"/>
      </symbol>
      <symbol id="sm-6b5">
         <name>__TI_ft_end</name>
         <value>0xc028c74</value>
         <object_component_ref idref="oc-3bb"/>
      </symbol>
      <symbol id="sm-6c6">
         <name>memccpy</name>
         <value>0xc027d40</value>
         <object_component_ref idref="oc-20b"/>
      </symbol>
      <symbol id="sm-6e9">
         <name>_stream</name>
         <value>0xc028b40</value>
         <object_component_ref idref="oc-2f5"/>
      </symbol>
      <symbol id="sm-6ea">
         <name>_device</name>
         <value>0xc028be0</value>
         <object_component_ref idref="oc-36b"/>
      </symbol>
      <symbol id="sm-6eb">
         <name>write</name>
         <value>0xc027da0</value>
         <object_component_ref idref="oc-26b"/>
      </symbol>
      <symbol id="sm-704">
         <name>__TI_tls_init</name>
         <value>0xc0273c0</value>
         <object_component_ref idref="oc-11d"/>
      </symbol>
      <symbol id="sm-715">
         <name>__errno</name>
         <value>0xc028c78</value>
         <object_component_ref idref="oc-2c7"/>
      </symbol>
      <symbol id="sm-716">
         <name>errno</name>
         <value>0xc028c78</value>
         <object_component_ref idref="oc-2c7"/>
      </symbol>
      <symbol id="sm-717">
         <name>__c6xabi_errno_addr</name>
         <value>0xc027fe0</value>
         <object_component_ref idref="oc-217"/>
      </symbol>
      <symbol id="sm-727">
         <name>__TI_doflush</name>
         <value>0xc0270c0</value>
         <object_component_ref idref="oc-265"/>
      </symbol>
      <symbol id="sm-735">
         <name>__TI_cleanup</name>
         <value>0xc0275c0</value>
         <object_component_ref idref="oc-35a"/>
      </symbol>
      <symbol id="sm-74d">
         <name>fseek</name>
         <value>0xc0265a0</value>
         <object_component_ref idref="oc-2e5"/>
      </symbol>
      <symbol id="sm-75d">
         <name>lseek</name>
         <value>0xc027ce0</value>
         <object_component_ref idref="oc-346"/>
      </symbol>
      <symbol id="sm-76e">
         <name>HOSTclose</name>
         <value>0xc027520</value>
         <object_component_ref idref="oc-3cd"/>
      </symbol>
      <symbol id="sm-77e">
         <name>HOSTlseek</name>
         <value>0xc0266a0</value>
         <object_component_ref idref="oc-3df"/>
      </symbol>
      <symbol id="sm-792">
         <name>parmbuf</name>
         <value>0xc028dc0</value>
      </symbol>
      <symbol id="sm-793">
         <name>HOSTopen</name>
         <value>0xc026780</value>
         <object_component_ref idref="oc-3c7"/>
      </symbol>
      <symbol id="sm-7a3">
         <name>HOSTread</name>
         <value>0xc026e80</value>
         <object_component_ref idref="oc-3d3"/>
      </symbol>
      <symbol id="sm-7c1">
         <name>HOSTrename</name>
         <value>0xc025c20</value>
         <object_component_ref idref="oc-3eb"/>
      </symbol>
      <symbol id="sm-7d4">
         <name>HOSTunlink</name>
         <value>0xc026f40</value>
         <object_component_ref idref="oc-3e5"/>
      </symbol>
      <symbol id="sm-7e4">
         <name>HOSTwrite</name>
         <value>0xc026860</value>
         <object_component_ref idref="oc-3d9"/>
      </symbol>
      <symbol id="sm-80a">
         <name>__TI_readmsg</name>
         <value>0xc0278e0</value>
         <object_component_ref idref="oc-424"/>
      </symbol>
      <symbol id="sm-80b">
         <name>C$$IO$$</name>
         <value>0xc027c18</value>
         <object_component_ref idref="oc-41e"/>
      </symbol>
      <symbol id="sm-80c">
         <name>__CIOBUF_</name>
         <value>0xc028dc8</value>
         <object_component_ref idref="oc-445"/>
      </symbol>
      <symbol id="sm-80d">
         <name>__TI_writemsg</name>
         <value>0xc027bc0</value>
         <object_component_ref idref="oc-41e"/>
      </symbol>
      <symbol id="sm-826">
         <name>__TI_closefile</name>
         <value>0xc0261a0</value>
         <object_component_ref idref="oc-3be"/>
      </symbol>
      <symbol id="sm-850">
         <name>finddevice</name>
         <value>0xc0277a0</value>
         <object_component_ref idref="oc-459"/>
      </symbol>
      <symbol id="sm-851">
         <name>getdevice</name>
         <value>0xc026080</value>
         <object_component_ref idref="oc-439"/>
      </symbol>
      <symbol id="sm-863">
         <name>close</name>
         <value>0xc026b00</value>
         <object_component_ref idref="oc-40c"/>
      </symbol>
      <symbol id="sm-874">
         <name>unlink</name>
         <value>0xc027ae0</value>
         <object_component_ref idref="oc-412"/>
      </symbol>
      <symbol id="sm-875">
         <name>__TI_STATIC_BASE</name>
         <value>0x0</value>
      </symbol>
      <symbol id="sm-877">
         <name>__TI_TLS_INIT_Base</name>
         <value>0x0</value>
      </symbol>
      <symbol id="sm-878">
         <name>__TI_TLS_INIT_Limit</name>
         <value>0x0</value>
      </symbol>
      <symbol id="sm-879">
         <name>remove</name>
         <value>0xc027ae0</value>
      </symbol>
   </symbol_table>
   <title>Link successful</title>
</link_info>
